Component: ARM Compiler 5.06 update 6 (build 750) Tool: armlink [4d35ed]

==============================================================================

Section Cross References

    main.o(i.main) refers to bsp.o(i.bsp_Init) for bsp_Init
    main.o(i.main) refers to elog.o(i.elog_init) for elog_init
    main.o(i.main) refers to elog.o(i.elog_set_fmt) for elog_set_fmt
    main.o(i.main) refers to elog.o(i.elog_start) for elog_start
    main.o(i.main) refers to malloc.o(i.mymem_init) for mymem_init
    main.o(i.main) refers to elog.o(i.elog_output) for elog_output
    main.o(i.main) refers to delay.o(i.delay_ms) for delay_ms
    main.o(i.main) refers to lwip_comm.o(i.lwip_comm_init) for lwip_comm_init
    main.o(i.main) refers to tasks.o(i.xTaskCreate) for xTaskCreate
    main.o(i.main) refers to tasks.o(i.vTaskStartScheduler) for vTaskStartScheduler
    main.o(i.main) refers to main.o(.constdata) for .constdata
    main.o(i.main) refers to main.o(.data) for .data
    main.o(i.main) refers to main.o(i.vTaskMqttTest) for vTaskMqttTest
    main.o(i.vTaskMqttTest) refers to ef_env.o(i.ef_get_env) for ef_get_env
    main.o(i.vTaskMqttTest) refers to strcmpv7m.o(.text) for strcmp
    main.o(i.vTaskMqttTest) refers to elog.o(i.elog_output) for elog_output
    main.o(i.vTaskMqttTest) refers to __2printf.o(.text) for __2printf
    main.o(i.vTaskMqttTest) refers to iap.o(i.IAP_DownLoadToFlash) for IAP_DownLoadToFlash
    main.o(i.vTaskMqttTest) refers to ef_env.o(i.ef_set_env) for ef_set_env
    main.o(i.vTaskMqttTest) refers to iap.o(i.IAP_JumpToApplication) for IAP_JumpToApplication
    main.o(i.vTaskMqttTest) refers to tool.o(i.str2int) for str2int
    main.o(i.vTaskMqttTest) refers to iap.o(i.IAP_DownLoadToSTMFlash) for IAP_DownLoadToSTMFlash
    main.o(i.vTaskMqttTest) refers to tasks.o(i.vTaskDelay) for vTaskDelay
    main.o(i.vTaskMqttTest) refers to main.o(.constdata) for .constdata
    system_stm32f4xx.o(i.SystemCoreClockUpdate) refers to system_stm32f4xx.o(.data) for .data
    system_stm32f4xx.o(i.SystemInit) refers to system_stm32f4xx.o(i.SetSysClock) for SetSysClock
    test.o(i.FlashTest) refers to _printf_pad.o(.text) for _printf_pre_padding
    test.o(i.FlashTest) refers to _printf_percent.o(.ARM.Collect$$_printf_percent$$00000000) for _printf_percent
    test.o(i.FlashTest) refers to _printf_d.o(.ARM.Collect$$_printf_percent$$00000009) for _printf_d
    test.o(i.FlashTest) refers to _printf_x.o(.ARM.Collect$$_printf_percent$$0000000C) for _printf_x
    test.o(i.FlashTest) refers to _printf_s.o(.ARM.Collect$$_printf_percent$$00000014) for _printf_s
    test.o(i.FlashTest) refers to _printf_dec.o(.text) for _printf_int_dec
    test.o(i.FlashTest) refers to _printf_hex_int_ll_ptr.o(.text) for _printf_longlong_hex
    test.o(i.FlashTest) refers to _printf_str.o(.text) for _printf_str
    test.o(i.FlashTest) refers to rt_memclr_w.o(.text) for __aeabi_memclr4
    test.o(i.FlashTest) refers to sfud.o(i.sfud_get_device_table) for sfud_get_device_table
    test.o(i.FlashTest) refers to sfud.o(i.sfud_erase) for sfud_erase
    test.o(i.FlashTest) refers to __2printf.o(.text) for __2printf
    test.o(i.FlashTest) refers to sfud.o(i.sfud_write) for sfud_write
    test.o(i.FlashTest) refers to sfud.o(i.sfud_read) for sfud_read
    test.o(i.FlashTest) refers to test.o(.conststring) for .conststring
    test.o(i.create_objects) refers to cjson.o(i.cJSON_CreateObject) for cJSON_CreateObject
    test.o(i.create_objects) refers to cjson.o(i.cJSON_CreateString) for cJSON_CreateString
    test.o(i.create_objects) refers to cjson.o(i.cJSON_AddItemToObject) for cJSON_AddItemToObject
    test.o(i.create_objects) refers to cjson.o(i.cJSON_AddStringToObject) for cJSON_AddStringToObject
    test.o(i.create_objects) refers to test.o(i.print_preallocated) for print_preallocated
    test.o(i.create_objects) refers to cjson.o(i.cJSON_Delete) for cJSON_Delete
    test.o(i.create_objects) refers to exit.o(.text) for exit
    test.o(i.create_objects) refers to malloc.o(i.my_free) for my_free
    test.o(i.json_test) refers to _printf_percent.o(.ARM.Collect$$_printf_percent$$00000000) for _printf_percent
    test.o(i.json_test) refers to _printf_s.o(.ARM.Collect$$_printf_percent$$00000014) for _printf_s
    test.o(i.json_test) refers to _printf_str.o(.text) for _printf_str
    test.o(i.json_test) refers to cjson.o(i.cJSON_Version) for cJSON_Version
    test.o(i.json_test) refers to __2printf.o(.text) for __2printf
    test.o(i.json_test) refers to test.o(i.create_objects) for create_objects
    test.o(i.print_preallocated) refers to _printf_percent.o(.ARM.Collect$$_printf_percent$$00000000) for _printf_percent
    test.o(i.print_preallocated) refers to _printf_s.o(.ARM.Collect$$_printf_percent$$00000014) for _printf_s
    test.o(i.print_preallocated) refers to _printf_str.o(.text) for _printf_str
    test.o(i.print_preallocated) refers to cjson.o(i.cJSON_Print) for cJSON_Print
[...]
    0x080002f2   0x080002f2   0x00000000   Code   RO        10298    .ARM.Collect$$libinit$$00000030  c_w.l(libinit2.o)
    0x080002f2   0x080002f2   0x00000000   Code   RO        10300    .ARM.Collect$$libinit$$00000032  c_w.l(libinit2.o)
    0x080002f2   0x080002f2   0x00000002   Code   RO        10301    .ARM.Collect$$libinit$$00000033  c_w.l(libinit2.o)
    0x080002f4   0x080002f4   0x00000002   Code   RO        10451    .ARM.Collect$$libshutdown$$00000000  c_w.l(libshutdown.o)
    0x080002f6   0x080002f6   0x00000000   Code   RO        10469    .ARM.Collect$$libshutdown$$00000002  c_w.l(libshutdown2.o)
    0x080002f6   0x080002f6   0x00000000   Code   RO        10471    .ARM.Collect$$libshutdown$$00000004  c_w.l(libshutdown2.o)
    0x080002f6   0x080002f6   0x00000000   Code   RO        10474    .ARM.Collect$$libshutdown$$00000007  c_w.l(libshutdown2.o)
    0x080002f6   0x080002f6   0x00000000   Code   RO        10477    .ARM.Collect$$libshutdown$$0000000A  c_w.l(libshutdown2.o)
    0x080002f6   0x080002f6   0x00000000   Code   RO        10479    .ARM.Collect$$libshutdown$$0000000C  c_w.l(libshutdown2.o)
    0x080002f6   0x080002f6   0x00000000   Code   RO        10482    .ARM.Collect$$libshutdown$$0000000F  c_w.l(libshutdown2.o)
    0x080002f6   0x080002f6   0x00000002   Code   RO        10483    .ARM.Collect$$libshutdown$$00000010  c_w.l(libshutdown2.o)
    0x080002f8   0x080002f8   0x00000000   Code   RO        10193    .ARM.Collect$$rtentry$$00000000  c_w.l(__rtentry.o)
    0x080002f8   0x080002f8   0x00000000   Code   RO        10323    .ARM.Collect$$rtentry$$00000002  c_w.l(__rtentry2.o)
    0x080002f8   0x080002f8   0x00000006   Code   RO        10335    .ARM.Collect$$rtentry$$00000004  c_w.l(__rtentry4.o)
    0x080002fe   0x080002fe   0x00000000   Code   RO        10325    .ARM.Collect$$rtentry$$00000009  c_w.l(__rtentry2.o)
    0x080002fe   0x080002fe   0x00000004   Code   RO        10326    .ARM.Collect$$rtentry$$0000000A  c_w.l(__rtentry2.o)
    0x08000302   0x08000302   0x00000000   Code   RO        10328    .ARM.Collect$$rtentry$$0000000C  c_w.l(__rtentry2.o)
    0x08000302   0x08000302   0x00000008   Code   RO        10329    .ARM.Collect$$rtentry$$0000000D  c_w.l(__rtentry2.o)
    0x0800030a   0x0800030a   0x00000002   Code   RO        10194    .ARM.Collect$$rtexit$$00000000  c_w.l(rtexit.o)
    0x0800030c   0x0800030c   0x00000000   Code   RO        10338    .ARM.Collect$$rtexit$$00000002  c_w.l(rtexit2.o)
    0x0800030c   0x0800030c   0x00000004   Code   RO        10339    .ARM.Collect$$rtexit$$00000003  c_w.l(rtexit2.o)
    0x08000310   0x08000310   0x00000006   Code   RO        10340    .ARM.Collect$$rtexit$$00000004  c_w.l(rtexit2.o)
    0x08000316   0x08000316   0x00000002   PAD
    0x08000318   0x08000318   0x000000be   Code   RO         6255    .emb_text           port.o
    0x080003d6   0x080003d6   0x00000002   PAD
    0x080003d8   0x080003d8   0x00000034   Code   RO        10114    .emb_text           c_w.l(rand.o)
    0x0800040c   0x0800040c   0x00000040   Code   RO         5279    .text               startup_stm32f40_41xxx.o
    0x0800044c   0x0800044c   0x00000002   Code   RO        10030    .text               c_w.l(use_no_semi_2.o)
    0x0800044e   0x0800044e   0x00000002   PAD
    0x08000450   0x08000450   0x00000024   Code   RO        10034    .text               c_w.l(vsprintf.o)
    0x08000474   0x08000474   0x00000034   Code   RO        10036    .text               c_w.l(vsnprintf.o)
    0x080004a8   0x080004a8   0x00000018   Code   RO        10038    .text               c_w.l(__2printf.o)
    0x080004c0   0x080004c0   0x00000038   Code   RO        10042    .text               c_w.l(__2snprintf.o)
    0x080004f8   0x080004f8   0x0000004e   Code   RO        10052    .text               c_w.l(_printf_pad.o)
    0x08000546   0x08000546   0x00000052   Code   RO        10054    .text               c_w.l(_printf_str.o)
    0x08000598   0x08000598   0x00000078   Code   RO        10056    .text               c_w.l(_printf_dec.o)
    0x08000610   0x08000610   0x00000094   Code   RO        10076    .text               c_w.l(_printf_hex_int_ll_ptr.o)
    0x080006a4   0x080006a4   0x00000188   Code   RO        10096    .text               c_w.l(__printf_flags_ss_wp.o)
    0x0800082c   0x0800082c   0x0000001a   Code   RO        10110    .text               c_w.l(atoi.o)
    0x08000846   0x08000846   0x00000002   PAD
    0x08000848   0x08000848   0x0000003c   Code   RO        10115    .text               c_w.l(rand.o)
    0x08000884   0x08000884   0x00000012   Code   RO        10119    .text               c_w.l(exit.o)
    0x08000896   0x08000896   0x00000024   Code   RO        10121    .text               c_w.l(strstr.o)
    0x080008ba   0x080008ba   0x00000058   Code   RO        10123    .text               c_w.l(memcmp.o)
    0x08000912   0x08000912   0x00000048   Code   RO        10125    .text               c_w.l(strcpy.o)
    0x0800095a   0x0800095a   0x0000003e   Code   RO        10127    .text               c_w.l(strlen.o)
    0x08000998   0x08000998   0x00000096   Code   RO        10131    .text               c_w.l(strncmp.o)
    0x08000a2e   0x08000a2e   0x00000018   Code   RO        10133    .text               c_w.l(strcat.o)
    0x08000a46   0x08000a46   0x0000008a   Code   RO        10135    .text               c_w.l(rt_memcpy_v6.o)
    0x08000ad0   0x08000ad0   0x00000064   Code   RO        10137    .text               c_w.l(rt_memcpy_w.o)
    0x08000b34   0x08000b34   0x00000010   Code   RO        10141    .text               c_w.l(aeabi_memset.o)
    0x08000b44   0x08000b44   0x00000044   Code   RO        10143    .text               c_w.l(rt_memclr.o)
    0x08000b88   0x08000b88   0x0000004e   Code   RO        10145    .text               c_w.l(rt_memclr_w.o)
    0x08000bd6   0x08000bd6   0x00000056   Code   RO        10147    .text               c_w.l(strncpy.o)
    0x08000c2c   0x08000c2c   0x00000080   Code   RO        10149    .text               c_w.l(strcmpv7m.o)
    0x08000cac   0x08000cac   0x00000006   Code   RO        10151    .text               c_w.l(heapauxi.o)
    0x08000cb2   0x08000cb2   0x00000002   Code   RO        10191    .text               c_w.l(use_no_semi.o)
    0x08000cb4   0x08000cb4   0x00000010   Code   RO        10196    .text               c_w.l(rt_ctype_table.o)
    0x08000cc4   0x08000cc4   0x00000008   Code   RO        10201    .text               c_w.l(rt_errno_addr_intlibspace.o)
    0x08000ccc   0x08000ccc   0x00000024   Code   RO        10203    .text               c_w.l(_printf_truncate.o)
    0x08000cf0   0x08000cf0   0x000000b2   Code   RO        10205    .text               c_w.l(_printf_intcommon.o)
    0x08000da2   0x08000da2   0x00000028   Code   RO        10207    .text               c_w.l(_printf_charcount.o)
    0x08000dca   0x08000dca   0x0000041e   Code   RO        10209    .text               c_w.l(_printf_fp_dec.o)
    0x080011e8   0x080011e8   0x00000030   Code   RO        10211    .text               c_w.l(_printf_char_common.o)
    0x08001218   0x08001218   0x0000000a   Code   RO        10213    .text               c_w.l(_sputc.o)
    0x08001222   0x08001222   0x00000010   Code   RO        10215    .text               c_w.l(_snputc.o)
    0x08001232   0x08001232   0x0000002c   Code   RO        10217    .text               c_w.l(_printf_char.o)
    0x0800125e   0x0800125e   0x00000002   PAD
    0x08001260   0x08001260   0x00000024   Code   RO        10219    .text               c_w.l(_printf_char_file.o)
    0x08001284   0x08001284   0x000000bc   Code   RO        10221    .text               c_w.l(_printf_wctomb.o)
    0x08001340   0x08001340   0x0000007c   Code   RO        10224    .text               c_w.l(_printf_longlong_dec.o)
    0x080013bc   0x080013bc   0x00000070   Code   RO        10230    .text               c_w.l(_printf_oct_int_ll.o)
    0x0800142c   0x0800142c   0x00000070   Code   RO        10255    .text               c_w.l(strtol.o)
    0x0800149c   0x0800149c   0x00000008   Code   RO        10319    .text               c_w.l(libspace.o)
    0x080014a4   0x080014a4   0x00000008   Code   RO        10347    .text               c_w.l(rt_locale_intlibspace.o)
    0x080014ac   0x080014ac   0x0000008a   Code   RO        10349    .text               c_w.l(lludiv10.o)
    0x08001536   0x08001536   0x00000002   PAD
    0x08001538   0x08001538   0x000002fc   Code   RO        10353    .text               c_w.l(_printf_fp_hex.o)
    0x08001834   0x08001834   0x00000080   Code   RO        10356    .text               c_w.l(_printf_fp_infnan.o)
    0x080018b4   0x080018b4   0x0000002c   Code   RO        10360    .text               c_w.l(_printf_wchar.o)
    0x080018e0   0x080018e0   0x0000009e   Code   RO        10364    .text               c_w.l(_strtoul.o)
    0x0800197e   0x0800197e   0x00000002   PAD
    0x08001980   0x08001980   0x000000e4   Code   RO        10366    .text               c_w.l(bigflt0.o)
    0x08001a64   0x08001a64   0x00000008   Code   RO        10391    .text               c_w.l(ferror.o)
    0x08001a6c   0x08001a6c   0x00000040   Code   RO        10395    .text               c_w.l(_wcrtomb.o)
    0x08001aac   0x08001aac   0x0000004a   Code   RO        10429    .text               c_w.l(sys_stackheap_outer.o)
    0x08001af6   0x08001af6   0x0000001c   Code   RO        10433    .text               c_w.l(_chval.o)
    0x08001b12   0x08001b12   0x0000003e   Code   RO        10369    CL$$btod_d2e        c_w.l(btod.o)
    0x08001b50   0x08001b50   0x00000046   Code   RO        10371    CL$$btod_d2e_denorm_low  c_w.l(btod.o)
    0x08001b96   0x08001b96   0x00000060   Code   RO        10370    CL$$btod_d2e_norm_op1  c_w.l(btod.o)
    0x08001bf6   0x08001bf6   0x00000338   Code   RO        10379    CL$$btod_div_common  c_w.l(btod.o)
    0x08001f2e   0x08001f2e   0x000000dc   Code   RO        10376    CL$$btod_e2e        c_w.l(btod.o)
    0x0800200a   0x0800200a   0x0000002a   Code   RO        10373    CL$$btod_ediv       c_w.l(btod.o)
    0x08002034   0x08002034   0x0000002a   Code   RO        10372    CL$$btod_emul       c_w.l(btod.o)
    0x0800205e   0x0800205e   0x00000244   Code   RO        10378    CL$$btod_mult_common  c_w.l(btod.o)
    0x080022a2   0x080022a2   0x00000002   Code   RO          372    i.BusFault_Handler  stm32f4xx_it.o
    0x080022a4   0x080022a4   0x00000002   Code   RO          373    i.DebugMon_Handler  stm32f4xx_it.o
    0x080022a6   0x080022a6   0x00000002   PAD
    0x080022a8   0x080022a8   0x0000000c   Code   RO         4756    i.ETH_DMAClearITPendingBit  stm32f4x7_eth.o
    0x080022b4   0x080022b4   0x00000018   Code   RO         4757    i.ETH_DMAITConfig   stm32f4x7_eth.o
    0x080022cc   0x080022cc   0x0000001c   Code   RO         4758    i.ETH_DMAReceptionCmd  stm32f4x7_eth.o
    0x080022e8   0x080022e8   0x00000058   Code   RO         4759    i.ETH_DMARxDescChainInit  stm32f4x7_eth.o
    0x08002340   0x08002340   0x0000001c   Code   RO         4761    i.ETH_DMATransmissionCmd  stm32f4x7_eth.o
    0x0800235c   0x0800235c   0x00000048   Code   RO         4764    i.ETH_DMATxDescChainInit  stm32f4x7_eth.o
    0x080023a4   0x080023a4   0x00000008   Code   RO         4765    i.ETH_DMATxDescChecksumInsertionConfig  stm32f4x7_eth.o
    0x080023ac   0x080023ac   0x00000018   Code   RO         4770    i.ETH_DeInit        stm32f4x7_eth.o
    0x080023c4   0x080023c4   0x00000012   Code   RO         4771    i.ETH_Delay         stm32f4x7_eth.o
    0x080023d6   0x080023d6   0x00000002   PAD
    0x080023d8   0x080023d8   0x00000024   Code   RO         4773    i.ETH_FlushTransmitFIFO  stm32f4x7_eth.o
    0x080023fc   0x080023fc   0x0000000c   Code   RO         2395    i.ETH_GetCurrentTxBuffer  lan8720.o
    0x08002408   0x08002408   0x0000001e   Code   RO         4798    i.ETH_GetRxPktSize  stm32f4x7_eth.o
    0x08002426   0x08002426   0x00000002   PAD
    0x08002428   0x08002428   0x00000014   Code   RO         4799    i.ETH_GetSoftwareResetStatus  stm32f4x7_eth.o
    0x0800243c   0x0800243c   0x0000002c   Code   RO         2396    i.ETH_IRQHandler    lan8720.o
    0x08002468   0x08002468   0x000002a4   Code   RO         4804    i.ETH_Init          stm32f4x7_eth.o
    0x0800270c   0x0800270c   0x0000001c   Code   RO         4806    i.ETH_MACAddressConfig  stm32f4x7_eth.o
    0x08002728   0x08002728   0x00000084   Code   RO         2397    i.ETH_MACDMA_Config  lan8720.o
    0x080027ac   0x080027ac   0x00000030   Code   RO         4811    i.ETH_MACReceptionCmd  stm32f4x7_eth.o
    0x080027dc   0x080027dc   0x00000030   Code   RO         4812    i.ETH_MACTransmissionCmd  stm32f4x7_eth.o
    0x0800280c   0x0800280c   0x0000002c   Code   RO         2398    i.ETH_Mem_Free      lan8720.o
    0x08002838   0x08002838   0x00000050   Code   RO         2399    i.ETH_Mem_Malloc    lan8720.o
    0x08002888   0x08002888   0x00000058   Code   RO         4824    i.ETH_ReadPHYRegister  stm32f4x7_eth.o
    0x080028e0   0x080028e0   0x00000058   Code   RO         2400    i.ETH_Rx_Packet     lan8720.o
    0x08002938   0x08002938   0x00000010   Code   RO         4832    i.ETH_SoftwareReset  stm32f4x7_eth.o
    0x08002948   0x08002948   0x00000022   Code   RO         4833    i.ETH_Start         stm32f4x7_eth.o
    0x0800296a   0x0800296a   0x00000088   Code   RO         4835    i.ETH_StructInit    stm32f4x7_eth.o
    0x080029f2   0x080029f2   0x00000002   PAD
    0x080029f4   0x080029f4   0x00000044   Code   RO         2401    i.ETH_Tx_Packet     lan8720.o
    0x08002a38   0x08002a38   0x00000054   Code   RO         4837    i.ETH_WritePHYRegister  stm32f4x7_eth.o
    0x08002a8c   0x08002a8c   0x0000005c   Code   RO         2140    i.EXTI15_10_IRQHandler  bsp_wiegand.o
    0x08002ae8   0x08002ae8   0x0000000c   Code   RO         4692    i.EXTI_ClearITPendingBit  stm32f4xx_exti.o
    0x08002af4   0x08002af4   0x00000014   Code   RO         4696    i.EXTI_GetITStatus  stm32f4xx_exti.o
    0x08002b08   0x08002b08   0x0000002c   Code   RO         9420    i.Enter_Critical    sys_arch.o
    0x08002b34   0x08002b34   0x00000018   Code   RO         9421    i.Exit_Critical     sys_arch.o
    0x08002b4c   0x08002b4c   0x0000000c   Code   RO         4387    i.FLASH_ClearFlag   stm32f4xx_flash.o
    0x08002b58   0x08002b58   0x0000006c   Code   RO         4393    i.FLASH_EraseSector  stm32f4xx_flash.o
    0x08002bc4   0x08002bc4   0x0000003c   Code   RO         4395    i.FLASH_GetStatus   stm32f4xx_flash.o
    0x08002c00   0x08002c00   0x0000003c   Code   RO         4423    i.FLASH_ProgramWord  stm32f4xx_flash.o
    0x08002c3c   0x08002c3c   0x00000024   Code   RO         4425    i.FLASH_Unlock      stm32f4xx_flash.o
    0x08002c60   0x08002c60   0x0000001e   Code   RO         4426    i.FLASH_WaitForLastOperation  stm32f4xx_flash.o
    0x08002c7e   0x08002c7e   0x00000078   Code   RO         2587    i.GPIO_Init         stm32f4xx_gpio.o
    0x08002cf6   0x08002cf6   0x00000020   Code   RO         2588    i.GPIO_PinAFConfig  stm32f4xx_gpio.o
    0x08002d16   0x08002d16   0x0000000e   Code   RO         2591    i.GPIO_ReadInputDataBit  stm32f4xx_gpio.o
    0x08002d24   0x08002d24   0x00000004   Code   RO         2594    i.GPIO_ResetBits    stm32f4xx_gpio.o
    0x08002d28   0x08002d28   0x00000004   Code   RO         2595    i.GPIO_SetBits      stm32f4xx_gpio.o
    0x08002d2c   0x08002d2c   0x000000fc   Code   RO          538    i.GetHTTPGETString  iap.o
    0x08002e28   0x08002e28   0x000000bc   Code   RO         1018    i.GetSector         stmflash.o
    0x08002ee4   0x08002ee4   0x0000004c   Code   RO          374    i.HardFault_Handler  stm32f4xx_it.o
    0x08002f30   0x08002f30   0x00000150   Code   RO          539    i.HttpConnect       iap.o
    0x08003080   0x08003080   0x000004c8   Code   RO          540    i.IAP_DownLoadToFlash  iap.o
    0x08003548   0x08003548   0x0000006c   Code   RO          541    i.IAP_DownLoadToSTMFlash  iap.o
    0x080035b4   0x080035b4   0x00000034   Code   RO          542    i.IAP_JumpToApplication  iap.o
    0x080035e8   0x080035e8   0x00000144   Code   RO         2198    i.InitHardUart      bsp_uart_fifo.o
    0x0800372c   0x0800372c   0x00000120   Code   RO         2403    i.LAN8720_Init      lan8720.o
    0x0800384c   0x0800384c   0x00000002   Code   RO          375    i.MemManage_Handler  stm32f4xx_it.o
    0x0800384e   0x0800384e   0x00000002   Code   RO          376    i.NMI_Handler       stm32f4xx_it.o
    0x08003850   0x08003850   0x00000064   Code   RO         2542    i.NVIC_Init         misc.o
    0x080038b4   0x080038b4   0x00000014   Code   RO         2543    i.NVIC_PriorityGroupConfig  misc.o
    0x080038c8   0x080038c8   0x00000018   Code   RO         2908    i.RCC_AHB1PeriphClockCmd  stm32f4xx_rcc.o
    0x080038e0   0x080038e0   0x00000018   Code   RO         2910    i.RCC_AHB1PeriphResetCmd  stm32f4xx_rcc.o
    0x080038f8   0x080038f8   0x00000018   Code   RO         2917    i.RCC_APB1PeriphClockCmd  stm32f4xx_rcc.o
    0x08003910   0x08003910   0x00000018   Code   RO         2919    i.RCC_APB1PeriphResetCmd  stm32f4xx_rcc.o
    0x08003928   0x08003928   0x00000018   Code   RO         2920    i.RCC_APB2PeriphClockCmd  stm32f4xx_rcc.o
    0x08003940   0x08003940   0x00000018   Code   RO         2922    i.RCC_APB2PeriphResetCmd  stm32f4xx_rcc.o
    0x08003958   0x08003958   0x00000090   Code   RO         2929    i.RCC_GetClocksFreq  stm32f4xx_rcc.o
    0x080039e8   0x080039e8   0x0000005c   Code   RO          543    i.ReadBinQueue      iap.o
    0x08003a44   0x08003a44   0x00000014   Code   RO         3553    i.SPI_CalculateCRC  stm32f4xx_spi.o
    0x08003a58   0x08003a58   0x00000014   Code   RO         3554    i.SPI_Cmd           stm32f4xx_spi.o
    0x08003a6c   0x08003a6c   0x00000084   Code   RO         3561    i.SPI_I2S_DeInit    stm32f4xx_spi.o
    0x08003af0   0x08003af0   0x0000000e   Code   RO         3562    i.SPI_I2S_GetFlagStatus  stm32f4xx_spi.o
    0x08003afe   0x08003afe   0x00000004   Code   RO         3565    i.SPI_I2S_ReceiveData  stm32f4xx_spi.o
    0x08003b02   0x08003b02   0x00000004   Code   RO         3566    i.SPI_I2S_SendData  stm32f4xx_spi.o
    0x08003b06   0x08003b06   0x00000038   Code   RO         3567    i.SPI_Init          stm32f4xx_spi.o
    0x08003b3e   0x08003b3e   0x00000024   Code   RO         1020    i.STM_FLASH_Erase   stmflash.o
    0x08003b62   0x08003b62   0x00000010   Code   RO         1022    i.STM_FLASH_Init    stmflash.o
    0x08003b72   0x08003b72   0x00000002   PAD
    0x08003b74   0x08003b74   0x00000050   Code   RO         1023    i.STM_FLASH_Write   stmflash.o
    0x08003bc4   0x08003bc4   0x0000000c   Code   RO         3244    i.SYSCFG_ETH_MediaInterfaceConfig  stm32f4xx_syscfg.o
    0x08003bd0   0x08003bd0   0x000000b4   Code   RO          429    i.SetSysClock       system_stm32f4xx.o
    0x08003c84   0x08003c84   0x00000018   Code   RO         2546    i.SysTick_CLKSourceConfig  misc.o
    0x08003c9c   0x08003c9c   0x00000014   Code   RO          877    i.SysTick_Handler   delay.o
    0x08003cb0   0x08003cb0   0x0000005c   Code   RO          431    i.SystemInit        system_stm32f4xx.o
    0x08003d0c   0x08003d0c   0x00000048   Code   RO         2047    i.TIM6_DAC_IRQHandler  bsp_time.o
    0x08003d54   0x08003d54   0x00000014   Code   RO         3714    i.TIM_ARRPreloadConfig  stm32f4xx_tim.o
    0x08003d68   0x08003d68   0x00000006   Code   RO         3721    i.TIM_ClearITPendingBit  stm32f4xx_tim.o
    0x08003d6e   0x08003d6e   0x00000014   Code   RO         3726    i.TIM_Cmd           stm32f4xx_tim.o
    0x08003d82   0x08003d82   0x00000018   Code   RO         3747    i.TIM_GetITStatus   stm32f4xx_tim.o
    0x08003d9a   0x08003d9a   0x00000010   Code   RO         3751    i.TIM_ITConfig      stm32f4xx_tim.o
    0x08003daa   0x08003daa   0x00000002   PAD
    0x08003dac   0x08003dac   0x0000007c   Code   RO         3798    i.TIM_TimeBaseInit  stm32f4xx_tim.o
    0x08003e28   0x08003e28   0x0000000c   Code   RO         2207    i.USART2_IRQHandler  bsp_uart_fifo.o
    0x08003e34   0x08003e34   0x0000000c   Code   RO         2208    i.USART3_IRQHandler  bsp_uart_fifo.o
    0x08003e40   0x08003e40   0x00000006   Code   RO         3298    i.USART_ClearFlag   stm32f4xx_usart.o
    0x08003e46   0x08003e46   0x00000014   Code   RO         3302    i.USART_Cmd         stm32f4xx_usart.o
    0x08003e5a   0x08003e5a   0x0000000e   Code   RO         3305    i.USART_GetFlagStatus  stm32f4xx_usart.o
    0x08003e68   0x08003e68   0x0000003e   Code   RO         3306    i.USART_GetITStatus  stm32f4xx_usart.o
    0x08003ea6   0x08003ea6   0x00000030   Code   RO         3308    i.USART_ITConfig    stm32f4xx_usart.o
    0x08003ed6   0x08003ed6   0x00000002   PAD
    0x08003ed8   0x08003ed8   0x000000ac   Code   RO         3309    i.USART_Init        stm32f4xx_usart.o
    0x08003f84   0x08003f84   0x00000008   Code   RO         3316    i.USART_ReceiveData  stm32f4xx_usart.o
    0x08003f8c   0x08003f8c   0x00000008   Code   RO         3319    i.USART_SendData    stm32f4xx_usart.o
    0x08003f94   0x08003f94   0x000000c0   Code   RO         2211    i.UartIRQ           bsp_uart_fifo.o
    0x08004054   0x08004054   0x00000068   Code   RO         2213    i.UartVarInit       bsp_uart_fifo.o
    0x080040bc   0x080040bc   0x00000002   Code   RO          377    i.UsageFault_Handler  stm32f4xx_it.o
    0x080040be   0x080040be   0x00000002   PAD
    0x080040c0   0x080040c0   0x00000070   Code   RO         2142    i.WeigenInD0        bsp_wiegand.o
    0x08004130   0x08004130   0x00000070   Code   RO         2143    i.WeigenInD1        bsp_wiegand.o
    0x080041a0   0x080041a0   0x00000060   Code   RO          544    i.WriteBinQueue     iap.o
    0x08004200   0x08004200   0x00000030   Code   RO        10419    i.__ARM_fpclassify  m_wm.l(fpclassify.o)
    0x08004230   0x08004230   0x0000000e   Code   RO        10089    i._is_digit         c_w.l(__printf_wp.o)
    0x0800423e   0x0800423e   0x00000002   Code   RO         2214    i._sys_exit         bsp_uart_fifo.o
    0x08004240   0x08004240   0x000001f4   Code   RO         6383    i.aai_write         sfud.o
    0x08004434   0x08004434   0x0000001e   Code   RO         6702    i.align_write       ef_env.o
    0x08004452   0x08004452   0x00000002   PAD
    0x08004454   0x08004454   0x000000d8   Code   RO         6703    i.alloc_env         ef_env.o
    0x0800452c   0x0800452c   0x0000002c   Code   RO         6704    i.alloc_env_cb      ef_env.o
    0x08004558   0x08004558   0x00000064   Code   RO         7758    i.alloc_socket      sockets.o
    0x080045bc   0x080045bc   0x0000001c   Code   RO         8908    i.arp_timer         timers_1.o
    0x080045d8   0x080045d8   0x0000003c   Code   RO         1856    i.bsp_HC595Init     bsp_digitaltube.o
    0x08004614   0x08004614   0x00000034   Code   RO         2085    i.bsp_Init          bsp.o
    0x08004648   0x08004648   0x00000038   Code   RO         2215    i.bsp_InitUart      bsp_uart_fifo.o
    0x08004680   0x08004680   0x000000a0   Code   RO         2027    i.bsp_LED_Init      bsp_led.o
    0x08004720   0x08004720   0x00000078   Code   RO         2048    i.bsp_TIM6_Init     bsp_time.o
    0x08004798   0x08004798   0x00000048   Code   RO         2049    i.bsp_TimeSysTickHandler  bsp_time.o
    0x080047e0   0x080047e0   0x00000040   Code   RO         1802    i.bsp_beep_init     bsp_beep.o
    0x08004820   0x08004820   0x00000040   Code   RO         2001    i.bsp_key_Init      bsp_key.o
    0x08004860   0x08004860   0x000000a8   Code   RO         6705    i.check_and_recovery_env_cb  ef_env.o
    0x08004908   0x08004908   0x00000074   Code   RO         6706    i.check_sec_hdr_cb  ef_env.o
    0x0800497c   0x0800497c   0x000001ec   Code   RO         6707    i.create_env_blob   ef_env.o
    0x08004b68   0x08004b68   0x00000060   Code   RO          675    i.dbg               tool.o
    0x08004bc8   0x08004bc8   0x000000b4   Code   RO         6708    i.del_env           ef_env.o
    0x08004c7c   0x08004c7c   0x00000038   Code   RO          878    i.delay_init        delay.o
    0x08004cb4   0x08004cb4   0x00000038   Code   RO          879    i.delay_ms          delay.o
    0x08004cec   0x08004cec   0x00000034   Code   RO          880    i.delay_us          delay.o
    0x08004d20   0x08004d20   0x00000168   Code   RO         8069    i.dns_check_entry   dns.o
    0x08004e88   0x08004e88   0x000000b4   Code   RO         8070    i.dns_enqueue       dns.o
    0x08004f3c   0x08004f3c   0x00000098   Code   RO         8071    i.dns_gethostbyname  dns.o
    0x08004fd4   0x08004fd4   0x00000060   Code   RO         8073    i.dns_init          dns.o
    0x08005034   0x08005034   0x00000022   Code   RO         8074    i.dns_parse_name    dns.o
    0x08005056   0x08005056   0x00000002   PAD
    0x08005058   0x08005058   0x0000016c   Code   RO         8075    i.dns_recv          dns.o
    0x080051c4   0x080051c4   0x000001a4   Code   RO         8076    i.dns_send          dns.o
    0x08005368   0x08005368   0x00000024   Code   RO         8077    i.dns_setserver     dns.o
    0x0800538c   0x0800538c   0x0000001c   Code   RO         8909    i.dns_timer         timers_1.o
    0x080053a8   0x080053a8   0x00000020   Code   RO         8078    i.dns_tmr           dns.o
    0x080053c8   0x080053c8   0x00000260   Code   RO         7474    i.do_close_internal  api_msg.o
    0x08005628   0x08005628   0x00000114   Code   RO         7475    i.do_connect        api_msg.o
    0x0800573c   0x0800573c   0x00000150   Code   RO         7476    i.do_connected      api_msg.o
    0x0800588c   0x0800588c   0x0000018c   Code   RO         7477    i.do_delconn        api_msg.o
    0x08005a18   0x08005a18   0x000000b8   Code   RO         7479    i.do_dns_found      api_msg.o
    0x08005ad0   0x08005ad0   0x00000100   Code   RO         6709    i.do_gc             ef_env.o
    0x08005bd0   0x08005bd0   0x000000f4   Code   RO         7480    i.do_getaddr        api_msg.o
    0x08005cc4   0x08005cc4   0x00000028   Code   RO         7481    i.do_gethostbyname  api_msg.o
    0x08005cec   0x08005cec   0x00000020   Code   RO         7483    i.do_newconn        api_msg.o
    0x08005d0c   0x08005d0c   0x00000044   Code   RO         7484    i.do_recv           api_msg.o
    0x08005d50   0x08005d50   0x00000080   Code   RO         7485    i.do_send           api_msg.o
    0x08005dd0   0x08005dd0   0x000000fc   Code   RO         7486    i.do_write          api_msg.o
    0x08005ecc   0x08005ecc   0x00000294   Code   RO         7487    i.do_writemore      api_msg.o
    0x08006160   0x08006160   0x00000098   Code   RO         6590    i.easyflash_init    easyflash.o
    0x080061f8   0x080061f8   0x00000024   Code   RO         6606    i.ef_calc_crc32     ef_utils.o
    0x0800621c   0x0800621c   0x000000dc   Code   RO         6712    i.ef_env_init       ef_env.o
    0x080062f8   0x080062f8   0x0000011c   Code   RO         6713    i.ef_env_set_default  ef_env.o
    0x08006414   0x08006414   0x00000080   Code   RO         6938    i.ef_erase_bak_app  ef_iap.o
    0x08006494   0x08006494   0x00000074   Code   RO         6714    i.ef_get_env        ef_env.o
    0x08006508   0x08006508   0x00000074   Code   RO         6715    i.ef_get_env_blob   ef_env.o
    0x0800657c   0x0800657c   0x00000010   Code   RO         6943    i.ef_iap_init       ef_iap.o
    0x0800658c   0x0800658c   0x0000001a   Code   RO         6716    i.ef_is_str         ef_env.o
    0x080065a6   0x080065a6   0x00000002   PAD
    0x080065a8   0x080065a8   0x0000004c   Code   RO         6717    i.ef_load_env       ef_env.o
    0x080065f4   0x080065f4   0x00000050   Code   RO         6622    i.ef_log_debug      ef_port.o
    0x08006644   0x08006644   0x00000040   Code   RO         6623    i.ef_log_info       ef_port.o
    0x08006684   0x08006684   0x00000004   Code   RO         6624    i.ef_port_env_lock  ef_port.o
    0x08006688   0x08006688   0x00000004   Code   RO         6625    i.ef_port_env_unlock  ef_port.o
    0x0800668c   0x0800668c   0x000000a4   Code   RO         6626    i.ef_port_erase     ef_port.o
    0x08006730   0x08006730   0x00000018   Code   RO         6627    i.ef_port_init      ef_port.o
    0x08006748   0x08006748   0x00000020   Code   RO         6628    i.ef_port_read      ef_port.o
    0x08006768   0x08006768   0x00000024   Code   RO         6629    i.ef_port_write     ef_port.o
    0x0800678c   0x0800678c   0x00000024   Code   RO         6630    i.ef_print          ef_port.o
    0x080067b0   0x080067b0   0x0000001a   Code   RO         6721    i.ef_set_env        ef_env.o
    0x080067ca   0x080067ca   0x00000002   PAD
    0x080067cc   0x080067cc   0x00000050   Code   RO         6722    i.ef_set_env_blob   ef_env.o
    0x0800681c   0x0800681c   0x000000bc   Code   RO         6944    i.ef_write_data_to_bak  ef_iap.o
    0x080068d8   0x080068d8   0x0000002c   Code   RO         7087    i.elog_init         elog.o
    0x08006904   0x08006904   0x00000374   Code   RO         7088    i.elog_output       elog.o
    0x08006c78   0x08006c78   0x00000020   Code   RO         7089    i.elog_output_lock  elog.o
    0x08006c98   0x08006c98   0x0000002c   Code   RO         7090    i.elog_output_lock_enabled  elog.o
    0x08006cc4   0x08006cc4   0x00000020   Code   RO         7091    i.elog_output_unlock  elog.o
    0x08006ce4   0x08006ce4   0x00000008   Code   RO         7003    i.elog_port_get_p_info  elog_port.o
    0x08006cec   0x08006cec   0x00000006   Code   RO         7004    i.elog_port_get_t_info  elog_port.o
    0x08006cf2   0x08006cf2   0x00000002   PAD
    0x08006cf4   0x08006cf4   0x00000028   Code   RO         7005    i.elog_port_get_time  elog_port.o
    0x08006d1c   0x08006d1c   0x00000004   Code   RO         7006    i.elog_port_init    elog_port.o
    0x08006d20   0x08006d20   0x00000010   Code   RO         7007    i.elog_port_output  elog_port.o
    0x08006d30   0x08006d30   0x00000002   Code   RO         7008    i.elog_port_output_lock  elog_port.o
    0x08006d32   0x08006d32   0x00000002   Code   RO         7009    i.elog_port_output_unlock  elog_port.o
    0x08006d34   0x08006d34   0x000000bc   Code   RO         7095    i.elog_set_filter_lvl  elog.o
    0x08006df0   0x08006df0   0x000000c4   Code   RO         7097    i.elog_set_fmt      elog.o
    0x08006eb4   0x08006eb4   0x0000008c   Code   RO         7100    i.elog_start        elog.o
    0x08006f40   0x08006f40   0x000000fc   Code   RO         7058    i.elog_strcpy       elog_utils.o
    0x0800703c   0x0800703c   0x00000062   Code   RO         6723    i.env_iterator      ef_env.o
    0x0800709e   0x0800709e   0x00000002   PAD
    0x080070a0   0x080070a0   0x00000174   Code   RO         7488    i.err_tcp           api_msg.o
    0x08007214   0x08007214   0x00000154   Code   RO         9275    i.etharp_arp_input  etharp.o
    0x08007368   0x08007368   0x0000023c   Code   RO         9278    i.etharp_find_entry  etharp.o
    0x080075a4   0x080075a4   0x0000003c   Code   RO         9279    i.etharp_free_entry  etharp.o
    0x080075e0   0x080075e0   0x000001b0   Code   RO         9280    i.etharp_output     etharp.o
    0x08007790   0x08007790   0x000000dc   Code   RO         9281    i.etharp_output_to_arp_index  etharp.o
    0x0800786c   0x0800786c   0x000001c4   Code   RO         9282    i.etharp_query      etharp.o
    0x08007a30   0x08007a30   0x00000178   Code   RO         9283    i.etharp_raw        etharp.o
    0x08007ba8   0x08007ba8   0x00000024   Code   RO         9284    i.etharp_request    etharp.o
    0x08007bcc   0x08007bcc   0x000000a0   Code   RO         9285    i.etharp_send_ip    etharp.o
    0x08007c6c   0x08007c6c   0x00000048   Code   RO         9286    i.etharp_tmr        etharp.o
    0x08007cb4   0x08007cb4   0x00000110   Code   RO         9287    i.etharp_update_arp_entry  etharp.o
    0x08007dc4   0x08007dc4   0x00000118   Code   RO         9288    i.ethernet_input    etharp.o
    0x08007edc   0x08007edc   0x0000009c   Code   RO         9369    i.ethernetif_init   ethernetif.o
    0x08007f78   0x08007f78   0x00000078   Code   RO         9370    i.ethernetif_input  ethernetif.o
    0x08007ff0   0x08007ff0   0x00000198   Code   RO         7759    i.event_callback    sockets.o
    0x08008188   0x08008188   0x00000020   Code   RO         6724    i.find_env          ef_env.o
    0x080081a8   0x080081a8   0x00000038   Code   RO         6725    i.find_env_cb       ef_env.o
    0x080081e0   0x080081e0   0x000000d0   Code   RO         6726    i.format_sector     ef_env.o
    0x080082b0   0x080082b0   0x00000024   Code   RO         2225    i.fputc             bsp_uart_fifo.o
    0x080082d4   0x080082d4   0x0000000e   Code   RO         6727    i.gc_check_cb       ef_env.o
    0x080082e2   0x080082e2   0x00000002   PAD
    0x080082e4   0x080082e4   0x000000b8   Code   RO         6728    i.gc_collect        ef_env.o
    0x0800839c   0x0800839c   0x00000058   Code   RO          545    i.getFileBegin      iap.o
    0x080083f4   0x080083f4   0x00000094   Code   RO          546    i.getFileLength     iap.o
    0x08008488   0x08008488   0x000000c8   Code   RO         7101    i.get_fmt_enabled   elog.o
    0x08008550   0x08008550   0x00000040   Code   RO         6729    i.get_next_env_addr  ef_env.o
    0x08008590   0x08008590   0x00000034   Code   RO         6730    i.get_next_sector_addr  ef_env.o
    0x080085c4   0x080085c4   0x0000001c   Code   RO         7760    i.get_socket        sockets.o
    0x080085e0   0x080085e0   0x00000028   Code   RO         6731    i.get_status        ef_env.o
    0x08008608   0x08008608   0x00000098   Code   RO         6533    i.gpio_configuration  sfud_port.o
    0x080086a0   0x080086a0   0x00000258   Code   RO         6384    i.hardware_init     sfud.o
    0x080088f8   0x080088f8   0x00000008   Code   RO         9050    i.icmp_dest_unreach  icmp.o
    0x08008900   0x08008900   0x00000284   Code   RO         9051    i.icmp_input        icmp.o
    0x08008b84   0x08008b84   0x000000fc   Code   RO         9052    i.icmp_send_response  icmp.o
    0x08008c80   0x08008c80   0x00000008   Code   RO         9053    i.icmp_time_exceeded  icmp.o
    0x08008c88   0x08008c88   0x0000000c   Code   RO         9091    i.inet_chksum       inet_chksum.o
    0x08008c94   0x08008c94   0x00000048   Code   RO         9092    i.inet_chksum_pbuf  inet_chksum.o
    0x08008cdc   0x08008cdc   0x0000002e   Code   RO         9165    i.ip4_addr_isbroadcast  ip_addr.o
    0x08008d0a   0x08008d0a   0x00000002   PAD
    0x08008d0c   0x08008d0c   0x000001f8   Code   RO         9219    i.ip_frag           ip_frag.o
    0x08008f04   0x08008f04   0x00000084   Code   RO         9220    i.ip_frag_free_pbuf_custom_ref  ip_frag.o
    0x08008f88   0x08008f88   0x00000150   Code   RO         9126    i.ip_input          ip.o
    0x080090d8   0x080090d8   0x000000a8   Code   RO         9127    i.ip_output         ip.o
    0x08009180   0x08009180   0x00000164   Code   RO         9128    i.ip_output_if      ip.o
    0x080092e4   0x080092e4   0x000001a4   Code   RO         9221    i.ip_reass          ip_frag.o
    0x08009488   0x08009488   0x00000274   Code   RO         9222    i.ip_reass_chain_frag_into_datagram_and_validate  ip_frag.o
    0x080096fc   0x080096fc   0x000000ac   Code   RO         9223    i.ip_reass_dequeue_datagram  ip_frag.o
    0x080097a8   0x080097a8   0x00000184   Code   RO         9224    i.ip_reass_free_complete_datagram  ip_frag.o
    0x0800992c   0x0800992c   0x00000074   Code   RO         9225    i.ip_reass_remove_oldest_datagram  ip_frag.o
    0x080099a0   0x080099a0   0x0000001c   Code   RO         8910    i.ip_reass_timer    timers_1.o
    0x080099bc   0x080099bc   0x0000002c   Code   RO         9226    i.ip_reass_tmr      ip_frag.o
    0x080099e8   0x080099e8   0x00000040   Code   RO         9129    i.ip_route          ip.o
    0x08009a28   0x08009a28   0x00000014   Code   RO         9167    i.ipaddr_addr       ip_addr.o
    0x08009a3c   0x08009a3c   0x0000016c   Code   RO         9168    i.ipaddr_aton       ip_addr.o
    0x08009ba8   0x08009ba8   0x0000000c   Code   RO         9169    i.ipaddr_ntoa       ip_addr.o
    0x08009bb4   0x08009bb4   0x00000076   Code   RO         9170    i.ipaddr_ntoa_r     ip_addr.o
    0x08009c2a   0x08009c2a   0x00000002   PAD
    0x08009c2c   0x08009c2c   0x0000008c   Code   RO         9227    i.ipfrag_free_pbuf_custom  ip_frag.o
    0x08009cb8   0x08009cb8   0x00000094   Code   RO         9371    i.low_level_init    ethernetif.o
    0x08009d4c   0x08009d4c   0x00000034   Code   RO         9372    i.low_level_output  ethernetif.o
    0x08009d80   0x08009d80   0x000000d4   Code   RO         7763    i.lwip_close        sockets.o
    0x08009e54   0x08009e54   0x0000004e   Code   RO         7218    i.lwip_comm_default_ip_set  lwip_comm.o
    0x08009ea2   0x08009ea2   0x00000002   PAD
    0x08009ea4   0x08009ea4   0x00000250   Code   RO         7219    i.lwip_comm_init    lwip_comm.o
    0x0800a0f4   0x0800a0f4   0x00000024   Code   RO         7220    i.lwip_comm_mem_free  lwip_comm.o
    0x0800a118   0x0800a118   0x0000003c   Code   RO         7221    i.lwip_comm_mem_malloc  lwip_comm.o
    0x0800a154   0x0800a154   0x000000e0   Code   RO         7764    i.lwip_connect      sockets.o
    0x0800a234   0x0800a234   0x00000004   Code   RO         8034    i.lwip_htonl        def.o
    0x0800a238   0x0800a238   0x00000004   Code   RO         8035    i.lwip_htons        def.o
    0x0800a23c   0x0800a23c   0x0000002a   Code   RO         8137    i.lwip_init         init.o
    0x0800a266   0x0800a266   0x00000004   Code   RO         8036    i.lwip_ntohl        def.o
    0x0800a26a   0x0800a26a   0x00000004   Code   RO         8037    i.lwip_ntohs        def.o
    0x0800a26e   0x0800a26e   0x00000002   PAD
    0x0800a270   0x0800a270   0x0000000c   Code   RO         7222    i.lwip_pkt_handle   lwip_comm.o
    0x0800a27c   0x0800a27c   0x0000000e   Code   RO         7774    i.lwip_recv         sockets.o
    0x0800a28a   0x0800a28a   0x00000002   PAD
    0x0800a28c   0x0800a28c   0x00000264   Code   RO         7775    i.lwip_recvfrom     sockets.o
    0x0800a4f0   0x0800a4f0   0x00000078   Code   RO         7778    i.lwip_send         sockets.o
    0x0800a568   0x0800a568   0x00000168   Code   RO         7779    i.lwip_sendto       sockets.o
    0x0800a6d0   0x0800a6d0   0x0000006c   Code   RO         7783    i.lwip_socket       sockets.o
    0x0800a73c   0x0800a73c   0x00000002   Code   RO         7784    i.lwip_socket_init  sockets.o
    0x0800a73e   0x0800a73e   0x00000056   Code   RO         9095    i.lwip_standard_chksum  inet_chksum.o
    0x0800a794   0x0800a794   0x00000006   Code   RO         7785    i.lwip_write        sockets.o
    0x0800a79a   0x0800a79a   0x00000002   PAD
    0x0800a79c   0x0800a79c   0x00000110   Code   RO            3    i.main              main.o
    0x0800a8ac   0x0800a8ac   0x000000ac   Code   RO         6385    i.make_adress_byte_array  sfud.o
    0x0800a958   0x0800a958   0x00000130   Code   RO         8183    i.mem_free          mem.o
    0x0800aa88   0x0800aa88   0x000000bc   Code   RO         8184    i.mem_init          mem.o
    0x0800ab44   0x0800ab44   0x00000214   Code   RO         8185    i.mem_malloc        mem.o
    0x0800ad58   0x0800ad58   0x00000038   Code   RO         1662    i.mem_perused       malloc.o
    0x0800ad90   0x0800ad90   0x0000019c   Code   RO         8186    i.mem_trim          mem.o
    0x0800af2c   0x0800af2c   0x000000a8   Code   RO         8226    i.memp_free         memp.o
    0x0800afd4   0x0800afd4   0x00000006   Code   RO         8227    i.memp_get_memorysize  memp.o
    0x0800afda   0x0800afda   0x00000002   PAD
    0x0800afdc   0x0800afdc   0x0000005c   Code   RO         8228    i.memp_init         memp.o
    0x0800b038   0x0800b038   0x000000e4   Code   RO         8229    i.memp_malloc       memp.o
    0x0800b11c   0x0800b11c   0x00000130   Code   RO         6732    i.move_env          ef_env.o
    0x0800b24c   0x0800b24c   0x0000002c   Code   RO         1666    i.myfree            malloc.o
    0x0800b278   0x0800b278   0x0000002c   Code   RO         1667    i.mymalloc          malloc.o
    0x0800b2a4   0x0800b2a4   0x00000058   Code   RO         1668    i.mymem_free        malloc.o
    0x0800b2fc   0x0800b2fc   0x0000003c   Code   RO         1669    i.mymem_init        malloc.o
    0x0800b338   0x0800b338   0x00000090   Code   RO         1670    i.mymem_malloc      malloc.o
    0x0800b3c8   0x0800b3c8   0x0000000c   Code   RO         1672    i.mymemset          malloc.o
    0x0800b3d4   0x0800b3d4   0x00000022   Code   RO         7655    i.netbuf_delete     netbuf.o
    0x0800b3f6   0x0800b3f6   0x00000002   PAD
    0x0800b3f8   0x0800b3f8   0x00000098   Code   RO         7657    i.netbuf_free       netbuf.o
    0x0800b490   0x0800b490   0x000000bc   Code   RO         7660    i.netbuf_ref        netbuf.o
    0x0800b54c   0x0800b54c   0x00000110   Code   RO         7489    i.netconn_alloc     api_msg.o
    0x0800b65c   0x0800b65c   0x000000c0   Code   RO         7338    i.netconn_connect   api_lib.o
    0x0800b71c   0x0800b71c   0x00000024   Code   RO         7339    i.netconn_delete    api_lib.o
    0x0800b740   0x0800b740   0x00000134   Code   RO         7490    i.netconn_drain     api_msg.o
    0x0800b874   0x0800b874   0x00000164   Code   RO         7491    i.netconn_free      api_msg.o
    0x0800b9d8   0x0800b9d8   0x00000118   Code   RO         7341    i.netconn_getaddr   api_lib.o
    0x0800baf0   0x0800baf0   0x0000010c   Code   RO         7342    i.netconn_gethostbyname  api_lib.o
    0x0800bbfc   0x0800bbfc   0x0000016c   Code   RO         7344    i.netconn_new_with_proto_and_callback  api_lib.o
    0x0800bd68   0x0800bd68   0x00000184   Code   RO         7345    i.netconn_recv      api_lib.o
    0x0800beec   0x0800beec   0x000001c8   Code   RO         7346    i.netconn_recv_data  api_lib.o
    0x0800c0b4   0x0800c0b4   0x00000098   Code   RO         7347    i.netconn_recv_tcp_pbuf  api_lib.o
    0x0800c14c   0x0800c14c   0x0000002c   Code   RO         7348    i.netconn_recved    api_lib.o
    0x0800c178   0x0800c178   0x000000bc   Code   RO         7349    i.netconn_send      api_lib.o
    0x0800c234   0x0800c234   0x0000013c   Code   RO         7352    i.netconn_write_partly  api_lib.o
    0x0800c370   0x0800c370   0x000000d0   Code   RO         8275    i.netif_add         netif.o
    0x0800c440   0x0800c440   0x00000002   Code   RO         8277    i.netif_init        netif.o
    0x0800c442   0x0800c442   0x00000020   Code   RO         8279    i.netif_set_addr    netif.o
    0x0800c462   0x0800c462   0x00000002   PAD
    0x0800c464   0x0800c464   0x0000000c   Code   RO         8280    i.netif_set_default  netif.o
    0x0800c470   0x0800c470   0x00000008   Code   RO         8282    i.netif_set_gw      netif.o
    0x0800c478   0x0800c478   0x00000068   Code   RO         8283    i.netif_set_ipaddr  netif.o
    0x0800c4e0   0x0800c4e0   0x00000008   Code   RO         8286    i.netif_set_netmask  netif.o
    0x0800c4e8   0x0800c4e8   0x00000020   Code   RO         8287    i.netif_set_up      netif.o
    0x0800c508   0x0800c508   0x00000070   Code   RO         6733    i.new_env           ef_env.o
    0x0800c578   0x0800c578   0x00000218   Code   RO         6386    i.page256_or_1_byte_write  sfud.o
    0x0800c790   0x0800c790   0x0000035c   Code   RO         8368    i.pbuf_alloc        pbuf.o
    0x0800caec   0x0800caec   0x000000d8   Code   RO         8369    i.pbuf_alloced_custom  pbuf.o
    0x0800cbc4   0x0800cbc4   0x00000128   Code   RO         8370    i.pbuf_cat          pbuf.o
    0x0800ccec   0x0800ccec   0x00000012   Code   RO         8371    i.pbuf_chain        pbuf.o
    0x0800ccfe   0x0800ccfe   0x00000012   Code   RO         8372    i.pbuf_clen         pbuf.o
    0x0800cd10   0x0800cd10   0x000001e0   Code   RO         8374    i.pbuf_copy         pbuf.o
    0x0800cef0   0x0800cef0   0x00000114   Code   RO         8375    i.pbuf_copy_partial  pbuf.o
    0x0800d004   0x0800d004   0x0000016c   Code   RO         8377    i.pbuf_free         pbuf.o
    0x0800d170   0x0800d170   0x00000118   Code   RO         8379    i.pbuf_header       pbuf.o
    0x0800d288   0x0800d288   0x00000188   Code   RO         8382    i.pbuf_realloc      pbuf.o
    0x0800d410   0x0800d410   0x0000001a   Code   RO         8383    i.pbuf_ref          pbuf.o
    0x0800d42a   0x0800d42a   0x00000002   PAD
    0x0800d42c   0x0800d42c   0x00000020   Code   RO         5765    i.pcTaskGetName     tasks.o
    0x0800d44c   0x0800d44c   0x00000108   Code   RO         7492    i.pcb_new           api_msg.o
    0x0800d554   0x0800d554   0x0000016c   Code   RO         8187    i.plug_holes        mem.o
    0x0800d6c0   0x0800d6c0   0x000000cc   Code   RO         7493    i.poll_tcp          api_msg.o
    0x0800d78c   0x0800d78c   0x00000070   Code   RO         5766    i.prvAddCurrentTaskToDelayedList  tasks.o
    0x0800d7fc   0x0800d7fc   0x000000d4   Code   RO         5767    i.prvAddNewTaskToReadyList  tasks.o
    0x0800d8d0   0x0800d8d0   0x00000050   Code   RO         6119    i.prvCheckForValidListAndQueue  timers.o
    0x0800d920   0x0800d920   0x00000026   Code   RO         5418    i.prvCopyDataFromQueue  queue.o
    0x0800d946   0x0800d946   0x0000006c   Code   RO         5419    i.prvCopyDataToQueue  queue.o
    0x0800d9b2   0x0800d9b2   0x00000014   Code   RO         5768    i.prvDeleteTCB      tasks.o
    0x0800d9c6   0x0800d9c6   0x00000002   PAD
    0x0800d9c8   0x0800d9c8   0x0000004c   Code   RO         6332    i.prvHeapInit       heap_4.o
    0x0800da14   0x0800da14   0x0000005c   Code   RO         5769    i.prvIdleTask       tasks.o
    0x0800da70   0x0800da70   0x000000ae   Code   RO         5770    i.prvInitialiseNewTask  tasks.o
    0x0800db1e   0x0800db1e   0x00000002   PAD
    0x0800db20   0x0800db20   0x0000004c   Code   RO         6333    i.prvInsertBlockIntoFreeList  heap_4.o
    0x0800db6c   0x0800db6c   0x00000038   Code   RO         6120    i.prvInsertTimerInActiveList  timers.o
    0x0800dba4   0x0800dba4   0x0000001a   Code   RO         5420    i.prvIsQueueEmpty   queue.o
    0x0800dbbe   0x0800dbbe   0x00000002   PAD
    0x0800dbc0   0x0800dbc0   0x000000f0   Code   RO         6121    i.prvProcessReceivedCommands  timers.o
    0x0800dcb0   0x0800dcb0   0x000000c0   Code   RO         6122    i.prvProcessTimerOrBlockTask  timers.o
    0x0800dd70   0x0800dd70   0x00000020   Code   RO         5772    i.prvResetNextTaskUnblockTime  tasks.o
    0x0800dd90   0x0800dd90   0x00000028   Code   RO         6123    i.prvSampleTimeNow  timers.o
    0x0800ddb8   0x0800ddb8   0x0000006c   Code   RO         6124    i.prvSwitchTimerLists  timers.o
    0x0800de24   0x0800de24   0x00000028   Code   RO         6256    i.prvTaskExitError  port.o
    0x0800de4c   0x0800de4c   0x00000028   Code   RO         6125    i.prvTimerTask      timers.o
    0x0800de74   0x0800de74   0x0000006a   Code   RO         5421    i.prvUnlockQueue    queue.o
    0x0800dede   0x0800dede   0x00000002   PAD
    0x0800dee0   0x0800dee0   0x000000d8   Code   RO         6334    i.pvPortMalloc      heap_4.o
    0x0800dfb8   0x0800dfb8   0x00000018   Code   RO         5775    i.pvTaskIncrementMutexHeldCount  tasks.o
    0x0800dfd0   0x0800dfd0   0x0000002c   Code   RO         6257    i.pxPortInitialiseStack  port.o
    0x0800dffc   0x0800dffc   0x0000000a   Code   RO         8485    i.raw_connect       raw.o
    0x0800e006   0x0800e006   0x00000002   PAD
    0x0800e008   0x0800e008   0x00000074   Code   RO         8486    i.raw_input         raw.o
    0x0800e07c   0x0800e07c   0x0000002c   Code   RO         8487    i.raw_new           raw.o
    0x0800e0a8   0x0800e0a8   0x00000006   Code   RO         8488    i.raw_recv          raw.o
    0x0800e0ae   0x0800e0ae   0x00000002   PAD
    0x0800e0b0   0x0800e0b0   0x0000002c   Code   RO         8489    i.raw_remove        raw.o
    0x0800e0dc   0x0800e0dc   0x00000006   Code   RO         8490    i.raw_send          raw.o
    0x0800e0e2   0x0800e0e2   0x00000002   PAD
    0x0800e0e4   0x0800e0e4   0x00000118   Code   RO         8491    i.raw_sendto        raw.o
    0x0800e1fc   0x0800e1fc   0x00000178   Code   RO         6735    i.read_env          ef_env.o
    0x0800e374   0x0800e374   0x000000a4   Code   RO         6387    i.read_jedec_id     sfud.o
    0x0800e418   0x0800e418   0x00000188   Code   RO         6736    i.read_sector_meta_data  ef_env.o
    0x0800e5a0   0x0800e5a0   0x00000090   Code   RO         6737    i.read_status       ef_env.o
    0x0800e630   0x0800e630   0x00000078   Code   RO         7494    i.recv_raw          api_msg.o
    0x0800e6a8   0x0800e6a8   0x00000158   Code   RO         7495    i.recv_tcp          api_msg.o
    0x0800e800   0x0800e800   0x00000158   Code   RO         7496    i.recv_udp          api_msg.o
    0x0800e958   0x0800e958   0x00000118   Code   RO         6388    i.reset             sfud.o
    0x0800ea70   0x0800ea70   0x00000006   Code   RO          882    i.retry_delay_100us  delay.o
    0x0800ea76   0x0800ea76   0x00000056   Code   RO         6738    i.sector_iterator   ef_env.o
    0x0800eacc   0x0800eacc   0x00000022   Code   RO         6739    i.sector_statistics_cb  ef_env.o
    0x0800eaee   0x0800eaee   0x00000002   PAD
    0x0800eaf0   0x0800eaf0   0x000000cc   Code   RO         7497    i.sent_tcp          api_msg.o
    0x0800ebbc   0x0800ebbc   0x00000124   Code   RO         6389    i.set_4_byte_address_mode  sfud.o
    0x0800ece0   0x0800ece0   0x00000088   Code   RO         6740    i.set_env           ef_env.o
    0x0800ed68   0x0800ed68   0x0000002c   Code   RO         6741    i.set_status        ef_env.o
    0x0800ed94   0x0800ed94   0x000000d0   Code   RO         6390    i.set_write_enabled  sfud.o
    0x0800ee64   0x0800ee64   0x00000044   Code   RO         7498    i.setup_tcp         api_msg.o
    0x0800eea8   0x0800eea8   0x00000140   Code   RO         6391    i.sfud_chip_erase   sfud.o
    0x0800efe8   0x0800efe8   0x000000e8   Code   RO         6392    i.sfud_device_init  sfud.o
    0x0800f0d0   0x0800f0d0   0x000001d0   Code   RO         6393    i.sfud_erase        sfud.o
    0x0800f2a0   0x0800f2a0   0x00000008   Code   RO         6397    i.sfud_get_device_table  sfud.o
    0x0800f2a8   0x0800f2a8   0x000000a4   Code   RO         6398    i.sfud_init         sfud.o
    0x0800f34c   0x0800f34c   0x00000044   Code   RO         6534    i.sfud_log_debug    sfud_port.o
    0x0800f390   0x0800f390   0x00000038   Code   RO         6535    i.sfud_log_info     sfud_port.o
    0x0800f3c8   0x0800f3c8   0x00000144   Code   RO         6399    i.sfud_read         sfud.o
    0x0800f50c   0x0800f50c   0x00000098   Code   RO         6400    i.sfud_read_status  sfud.o
    0x0800f5a4   0x0800f5a4   0x000000cc   Code   RO         6536    i.sfud_spi_port_init  sfud_port.o
    0x0800f670   0x0800f670   0x0000002a   Code   RO         6401    i.sfud_write        sfud.o
    0x0800f69a   0x0800f69a   0x00000002   PAD
    0x0800f69c   0x0800f69c   0x000000e0   Code   RO         6402    i.sfud_write_status  sfud.o
    0x0800f77c   0x0800f77c   0x00000004   Code   RO         6537    i.spi_lock          sfud_port.o
    0x0800f780   0x0800f780   0x00000004   Code   RO         6538    i.spi_unlock        sfud_port.o
    0x0800f784   0x0800f784   0x0000012c   Code   RO         6539    i.spi_write_read    sfud_port.o
    0x0800f8b0   0x0800f8b0   0x0000003c   Code   RO          679    i.str2int           tool.o
    0x0800f8ec   0x0800f8ec   0x0000004c   Code   RO          680    i.strstr_t          tool.o
    0x0800f938   0x0800f938   0x000000a0   Code   RO         9422    i.sys_arch_mbox_fetch  sys_arch.o
    0x0800f9d8   0x0800f9d8   0x0000002c   Code   RO         9423    i.sys_arch_mbox_tryfetch  sys_arch.o
    0x0800fa04   0x0800fa04   0x0000006c   Code   RO         9424    i.sys_arch_sem_wait  sys_arch.o
    0x0800fa70   0x0800fa70   0x00000002   Code   RO         9425    i.sys_init          sys_arch.o
    0x0800fa72   0x0800fa72   0x00000010   Code   RO         9426    i.sys_mbox_free     sys_arch.o
    0x0800fa82   0x0800fa82   0x00000002   PAD
    0x0800fa84   0x0800fa84   0x00000088   Code   RO         9427    i.sys_mbox_new      sys_arch.o
    0x0800fb0c   0x0800fb0c   0x00000060   Code   RO         9428    i.sys_mbox_post     sys_arch.o
    0x0800fb6c   0x0800fb6c   0x00000006   Code   RO         9429    i.sys_mbox_set_invalid  sys_arch.o
    0x0800fb72   0x0800fb72   0x00000002   PAD
    0x0800fb74   0x0800fb74   0x00000060   Code   RO         9430    i.sys_mbox_trypost  sys_arch.o
    0x0800fbd4   0x0800fbd4   0x0000000a   Code   RO         9431    i.sys_mbox_valid    sys_arch.o
    0x0800fbde   0x0800fbde   0x00000010   Code   RO         9433    i.sys_sem_free      sys_arch.o
    0x0800fbee   0x0800fbee   0x00000018   Code   RO         9434    i.sys_sem_new       sys_arch.o
    0x0800fc06   0x0800fc06   0x00000006   Code   RO         9435    i.sys_sem_set_invalid  sys_arch.o
    0x0800fc0c   0x0800fc0c   0x00000016   Code   RO         9436    i.sys_sem_signal    sys_arch.o
    0x0800fc22   0x0800fc22   0x0000000a   Code   RO         9437    i.sys_sem_valid     sys_arch.o
    0x0800fc2c   0x0800fc2c   0x00000030   Code   RO         9438    i.sys_thread_new    sys_arch.o
    0x0800fc5c   0x0800fc5c   0x00000100   Code   RO         8911    i.sys_timeout       timers_1.o
    0x0800fd5c   0x0800fd5c   0x00000038   Code   RO         8912    i.sys_timeouts_init  timers_1.o
    0x0800fd94   0x0800fd94   0x00000064   Code   RO         8913    i.sys_timeouts_mbox_fetch  timers_1.o
    0x0800fdf8   0x0800fdf8   0x00000048   Code   RO         8914    i.sys_untimeout     timers_1.o
    0x0800fe40   0x0800fe40   0x00000128   Code   RO         8546    i.tcp_abandon       tcp.o
    0x0800ff68   0x0800ff68   0x00000006   Code   RO         8547    i.tcp_abort         tcp.o
    0x0800ff6e   0x0800ff6e   0x00000004   Code   RO         8548    i.tcp_accept        tcp.o
    0x0800ff72   0x0800ff72   0x00000002   PAD
    0x0800ff74   0x0800ff74   0x000000f8   Code   RO         8550    i.tcp_alloc         tcp.o
    0x0801006c   0x0801006c   0x00000004   Code   RO         8551    i.tcp_arg           tcp.o
    0x08010070   0x08010070   0x00000014   Code   RO         8553    i.tcp_close         tcp.o
    0x08010084   0x08010084   0x000001a4   Code   RO         8554    i.tcp_close_shutdown  tcp.o
    0x08010228   0x08010228   0x0000018c   Code   RO         8555    i.tcp_connect       tcp.o
    0x080103b4   0x080103b4   0x0000009c   Code   RO         8810    i.tcp_create_segment  tcp_out.o
    0x08010450   0x08010450   0x00000020   Code   RO         8557    i.tcp_eff_send_mss  tcp.o
    0x08010470   0x08010470   0x00000220   Code   RO         8811    i.tcp_enqueue_flags  tcp_out.o
    0x08010690   0x08010690   0x00000098   Code   RO         8558    i.tcp_err           tcp.o
    0x08010728   0x08010728   0x0000005c   Code   RO         8559    i.tcp_fasttmr       tcp.o
    0x08010784   0x08010784   0x00000002   Code   RO         8560    i.tcp_init          tcp.o
    0x08010786   0x08010786   0x00000002   PAD
    0x08010788   0x08010788   0x0000050c   Code   RO         8759    i.tcp_input         tcp_in.o
    0x08010c94   0x08010c94   0x0000003c   Code   RO         8812    i.tcp_keepalive     tcp_out.o
    0x08010cd0   0x08010cd0   0x000000e4   Code   RO         8760    i.tcp_listen_input  tcp_in.o
    0x08010db4   0x08010db4   0x00000006   Code   RO         8562    i.tcp_new           tcp.o
    0x08010dba   0x08010dba   0x00000002   PAD
    0x08010dbc   0x08010dbc   0x0000005c   Code   RO         8563    i.tcp_new_port      tcp.o
    0x08010e18   0x08010e18   0x00000010   Code   RO         8564    i.tcp_next_iss      tcp.o
    0x08010e28   0x08010e28   0x0000024c   Code   RO         8813    i.tcp_output        tcp_out.o
    0x08011074   0x08011074   0x00000104   Code   RO         8814    i.tcp_output_alloc_header  tcp_out.o
    0x08011178   0x08011178   0x000000b0   Code   RO         8815    i.tcp_output_segment  tcp_out.o
    0x08011228   0x08011228   0x00000080   Code   RO         8761    i.tcp_parseopt      tcp_in.o
    0x080112a8   0x080112a8   0x000000d0   Code   RO         8816    i.tcp_pbuf_prealloc  tcp_out.o
    0x08011378   0x08011378   0x0000003a   Code   RO         8565    i.tcp_pcb_purge     tcp.o
    0x080113b2   0x080113b2   0x00000002   PAD
    0x080113b4   0x080113b4   0x00000108   Code   RO         8566    i.tcp_pcb_remove    tcp.o
    0x080114bc   0x080114bc   0x00000098   Code   RO         8567    i.tcp_poll          tcp.o
    0x08011554   0x08011554   0x00000420   Code   RO         8762    i.tcp_process       tcp_in.o
    0x08011974   0x08011974   0x00000064   Code   RO         8568    i.tcp_process_refused_data  tcp.o
    0x080119d8   0x080119d8   0x0000069c   Code   RO         8763    i.tcp_receive       tcp_in.o
    0x08012074   0x08012074   0x00000098   Code   RO         8569    i.tcp_recv          tcp.o
    0x0801210c   0x0801210c   0x00000024   Code   RO         8570    i.tcp_recv_null     tcp.o
    0x08012130   0x08012130   0x00000104   Code   RO         8571    i.tcp_recved        tcp.o
    0x08012234   0x08012234   0x00000052   Code   RO         8817    i.tcp_rexmit        tcp_out.o
    0x08012286   0x08012286   0x00000058   Code   RO         8818    i.tcp_rexmit_fast   tcp_out.o
    0x080122de   0x080122de   0x0000002e   Code   RO         8819    i.tcp_rexmit_rto    tcp_out.o
    0x0801230c   0x0801230c   0x00000110   Code   RO         8820    i.tcp_rst           tcp_out.o
    0x0801241c   0x0801241c   0x0000001c   Code   RO         8572    i.tcp_seg_free      tcp.o
    0x08012438   0x08012438   0x00000012   Code   RO         8573    i.tcp_segs_free     tcp.o
    0x0801244a   0x0801244a   0x00000048   Code   RO         8821    i.tcp_send_empty_ack  tcp_out.o
    0x08012492   0x08012492   0x00000046   Code   RO         8822    i.tcp_send_fin      tcp_out.o
    0x080124d8   0x080124d8   0x00000098   Code   RO         8574    i.tcp_sent          tcp.o
    0x08012570   0x08012570   0x0000004e   Code   RO         8576    i.tcp_shutdown      tcp.o
    0x080125be   0x080125be   0x00000002   PAD
    0x080125c0   0x080125c0   0x000004b4   Code   RO         8577    i.tcp_slowtmr       tcp.o
    0x08012a74   0x08012a74   0x00000034   Code   RO         8915    i.tcp_timer_needed  timers_1.o
    0x08012aa8   0x08012aa8   0x0000006c   Code   RO         8764    i.tcp_timewait_input  tcp_in.o
    0x08012b14   0x08012b14   0x00000020   Code   RO         8578    i.tcp_tmr           tcp.o
    0x08012b34   0x08012b34   0x000000b8   Code   RO         8579    i.tcp_update_rcv_ann_wnd  tcp.o
    0x08012bec   0x08012bec   0x000005f8   Code   RO         8823    i.tcp_write         tcp_out.o
    0x080131e4   0x080131e4   0x00000134   Code   RO         8824    i.tcp_write_checks  tcp_out.o
    0x08013318   0x08013318   0x00000092   Code   RO         8825    i.tcp_zero_window_probe  tcp_out.o
    0x080133aa   0x080133aa   0x00000002   PAD
    0x080133ac   0x080133ac   0x00000040   Code   RO         7937    i.tcpip_apimsg      tcpip.o
    0x080133ec   0x080133ec   0x0000005c   Code   RO         7938    i.tcpip_callback_with_block  tcpip.o
    0x08013448   0x08013448   0x000000cc   Code   RO         7941    i.tcpip_init        tcpip.o
    0x08013514   0x08013514   0x0000004c   Code   RO         7942    i.tcpip_input       tcpip.o
    0x08013560   0x08013560   0x00000038   Code   RO         8916    i.tcpip_tcp_timer   timers_1.o
    0x08013598   0x08013598   0x00000100   Code   RO         7943    i.tcpip_thread      tcpip.o
    0x08013698   0x08013698   0x00000120   Code   RO         8966    i.udp_bind          udp.o
    0x080137b8   0x080137b8   0x0000004c   Code   RO         8967    i.udp_connect       udp.o
    0x08013804   0x08013804   0x00000002   Code   RO         8969    i.udp_init          udp.o
    0x08013806   0x08013806   0x00000002   PAD
    0x08013808   0x08013808   0x000001cc   Code   RO         8970    i.udp_input         udp.o
    0x080139d4   0x080139d4   0x0000001a   Code   RO         8971    i.udp_new           udp.o
    0x080139ee   0x080139ee   0x00000006   Code   RO         8972    i.udp_recv          udp.o
    0x080139f4   0x080139f4   0x0000002c   Code   RO         8973    i.udp_remove        udp.o
    0x08013a20   0x08013a20   0x00000008   Code   RO         8974    i.udp_send          udp.o
    0x08013a28   0x08013a28   0x00000028   Code   RO         8975    i.udp_sendto        udp.o
    0x08013a50   0x08013a50   0x0000014c   Code   RO         8976    i.udp_sendto_if     udp.o
    0x08013b9c   0x08013b9c   0x0000004c   Code   RO         6742    i.update_sec_status  ef_env.o
    0x08013be8   0x08013be8   0x00000026   Code   RO         5381    i.uxListRemove      list.o
    0x08013c0e   0x08013c0e   0x00000016   Code   RO         5382    i.vListInitialise   list.o
    0x08013c24   0x08013c24   0x00000006   Code   RO         5383    i.vListInitialiseItem  list.o
    0x08013c2a   0x08013c2a   0x00000030   Code   RO         5384    i.vListInsert       list.o
    0x08013c5a   0x08013c5a   0x00000018   Code   RO         5385    i.vListInsertEnd    list.o
    0x08013c72   0x08013c72   0x00000002   PAD
    0x08013c74   0x08013c74   0x00000040   Code   RO         6259    i.vPortEnterCritical  port.o
    0x08013cb4   0x08013cb4   0x00000028   Code   RO         6260    i.vPortExitCritical  port.o
    0x08013cdc   0x08013cdc   0x0000005c   Code   RO         6335    i.vPortFree         heap_4.o
    0x08013d38   0x08013d38   0x00000024   Code   RO         6261    i.vPortSetupTimerInterrupt  port.o
    0x08013d5c   0x08013d5c   0x00000054   Code   RO         6262    i.vPortValidateInterruptPriority  port.o
    0x08013db0   0x08013db0   0x00000024   Code   RO         5427    i.vQueueAddToRegistry  queue.o
    0x08013dd4   0x08013dd4   0x00000024   Code   RO         5428    i.vQueueDelete      queue.o
    0x08013df8   0x08013df8   0x00000028   Code   RO         5430    i.vQueueUnregisterQueue  queue.o
    0x08013e20   0x08013e20   0x00000044   Code   RO         5431    i.vQueueWaitForMessageRestricted  queue.o
    0x08013e64   0x08013e64   0x0000004c   Code   RO         5783    i.vTaskDelay        tasks.o
    0x08013eb0   0x08013eb0   0x00000010   Code   RO         5789    i.vTaskInternalSetTimeOutState  tasks.o
    0x08013ec0   0x08013ec0   0x0000000c   Code   RO         5791    i.vTaskMissedYield  tasks.o
    0x08013ecc   0x08013ecc   0x00000308   Code   RO            4    i.vTaskMqttTest     main.o
    0x080141d4   0x080141d4   0x00000030   Code   RO         5793    i.vTaskPlaceOnEventList  tasks.o
    0x08014204   0x08014204   0x00000038   Code   RO         5794    i.vTaskPlaceOnEventListRestricted  tasks.o
    0x0801423c   0x0801423c   0x000000ac   Code   RO         5796    i.vTaskPriorityDisinheritAfterTimeout  tasks.o
    0x080142e8   0x080142e8   0x00000078   Code   RO         5802    i.vTaskStartScheduler  tasks.o
    0x08014360   0x08014360   0x00000010   Code   RO         5804    i.vTaskSuspendAll   tasks.o
    0x08014370   0x08014370   0x00000078   Code   RO         5805    i.vTaskSwitchContext  tasks.o
    0x080143e8   0x080143e8   0x000000cc   Code   RO         6403    i.wait_busy         sfud.o
    0x080144b4   0x080144b4   0x000000cc   Code   RO         6743    i.write_status      ef_env.o
    0x08014580   0x08014580   0x000000f4   Code   RO         6263    i.xPortStartScheduler  port.o
    0x08014674   0x08014674   0x0000002c   Code   RO         6264    i.xPortSysTickHandler  port.o
    0x080146a0   0x080146a0   0x0000003a   Code   RO         5432    i.xQueueCreateCountingSemaphore  queue.o
    0x080146da   0x080146da   0x00000052   Code   RO         5434    i.xQueueGenericCreate  queue.o
    0x0801472c   0x0801472c   0x00000088   Code   RO         5435    i.xQueueGenericReset  queue.o
    0x080147b4   0x080147b4   0x00000164   Code   RO         5436    i.xQueueGenericSend  queue.o
    0x08014918   0x08014918   0x000000bc   Code   RO         5437    i.xQueueGenericSendFromISR  queue.o
    0x080149d4   0x080149d4   0x00000138   Code   RO         5444    i.xQueueReceive     queue.o
    0x08014b0c   0x08014b0c   0x00000178   Code   RO         5446    i.xQueueSemaphoreTake  queue.o
    0x08014c84   0x08014c84   0x00000074   Code   RO         5806    i.xTaskCheckForTimeOut  tasks.o
    0x08014cf8   0x08014cf8   0x00000056   Code   RO         5807    i.xTaskCreate       tasks.o
    0x08014d4e   0x08014d4e   0x00000002   PAD
    0x08014d50   0x08014d50   0x0000001c   Code   RO         5811    i.xTaskGetSchedulerState  tasks.o
    0x08014d6c   0x08014d6c   0x0000000c   Code   RO         5812    i.xTaskGetTickCount  tasks.o
    0x08014d78   0x08014d78   0x000000c8   Code   RO         5814    i.xTaskIncrementTick  tasks.o
    0x08014e40   0x08014e40   0x00000098   Code   RO         5817    i.xTaskPriorityDisinherit  tasks.o
    0x08014ed8   0x08014ed8   0x00000094   Code   RO         5818    i.xTaskPriorityInherit  tasks.o
    0x08014f6c   0x08014f6c   0x00000074   Code   RO         5819    i.xTaskRemoveFromEventList  tasks.o
    0x08014fe0   0x08014fe0   0x000000c4   Code   RO         5820    i.xTaskResumeAll    tasks.o
    0x080150a4   0x080150a4   0x0000004c   Code   RO         6132    i.xTimerCreateTimerTask  timers.o
    0x080150f0   0x080150f0   0x0000005c   Code   RO         6133    i.xTimerGenericCommand  timers.o
    0x0801514c   0x0801514c   0x0000002c   Code   RO        10398    locale$$code        c_w.l(lc_ctype_c.o)
    0x08015178   0x08015178   0x0000002c   Code   RO        10401    locale$$code        c_w.l(lc_numeric_c.o)
    0x080151a4   0x080151a4   0x0000000a   Code   RO        10409    x$fpl$fpinit        fz_wm.l(fpinit.o)
    0x080151ae   0x080151ae   0x00000004   Code   RO        10181    x$fpl$printf1       fz_wm.l(printf1.o)
    0x080151b2   0x080151b2   0x00000004   Code   RO        10312    x$fpl$printf2       fz_wm.l(printf2.o)
    0x080151b6   0x080151b6   0x00000000   Code   RO        10318    x$fpl$usenofp       fz_wm.l(usenofp.o)
    0x080151b6   0x080151b6   0x00000013   Data   RO            5    .constdata          main.o
    0x080151c9   0x080151c9   0x00000014   Data   RO          548    .constdata          iap.o
    0x080151dd   0x080151dd   0x00000209   Data   RO          682    .constdata          tool.o
    0x080153e6   0x080153e6   0x00000002   PAD
    0x080153e8   0x080153e8   0x00000024   Data   RO         1680    .constdata          malloc.o
    0x0801540c   0x0801540c   0x000002ff   Data   RO         6405    .constdata          sfud.o
    0x0801570b   0x0801570b   0x0000000f   Data   RO         6541    .constdata          sfud_port.o
    0x0801571a   0x0801571a   0x00000002   PAD
    0x0801571c   0x0801571c   0x00000400   Data   RO         6607    .constdata          ef_utils.o
    0x08015b1c   0x08015b1c   0x0000006e   Data   RO         6632    .constdata          ef_port.o
    0x08015b8a   0x08015b8a   0x00000065   Data   RO         6745    .constdata          ef_env.o
    0x08015bef   0x08015bef   0x00000023   Data   RO         7059    .constdata          elog_utils.o
    0x08015c12   0x08015c12   0x0000008c   Data   RO         7103    .constdata          elog.o
    0x08015c9e   0x08015c9e   0x00000002   PAD
    0x08015ca0   0x08015ca0   0x00000040   Data   RO         7788    .constdata          sockets.o
    0x08015ce0   0x08015ce0   0x0000003c   Data   RO         8231    .constdata          memp.o
    0x08015d1c   0x08015d1c   0x00000054   Data   RO         8580    .constdata          tcp.o
    0x08015d70   0x08015d70   0x00000004   Data   RO         9172    .constdata          ip_addr.o
    0x08015d74   0x08015d74   0x0000000c   Data   RO         9290    .constdata          etharp.o
    0x08015d80   0x08015d80   0x00000004   Data   RO         9439    .constdata          sys_arch.o
    0x08015d84   0x08015d84   0x00000028   Data   RO        10077    .constdata          c_w.l(_printf_hex_int_ll_ptr.o)
    0x08015dac   0x08015dac   0x00000011   Data   RO        10097    .constdata          c_w.l(__printf_flags_ss_wp.o)
    0x08015dbd   0x08015dbd   0x00000003   PAD
    0x08015dc0   0x08015dc0   0x00000008   Data   RO        10222    .constdata          c_w.l(_printf_wctomb.o)
    0x08015dc8   0x08015dc8   0x00000026   Data   RO        10354    .constdata          c_w.l(_printf_fp_hex.o)
    0x08015dee   0x08015dee   0x00000002   PAD
    0x08015df0   0x08015df0   0x00000094   Data   RO        10367    .constdata          c_w.l(bigflt0.o)
    0x08015e84   0x08015e84   0x000001f1   Data   RO         6406    .conststring        sfud.o
    0x08016075   0x08016075   0x00000003   PAD
    0x08016078   0x08016078   0x0000004a   Data   RO         6591    .conststring        easyflash.o
    0x080160c2   0x080160c2   0x00000002   PAD
    0x080160c4   0x080160c4   0x0000007b   Data   RO         6633    .conststring        ef_port.o
    0x0801613f   0x0801613f   0x00000001   PAD
    0x08016140   0x08016140   0x000000ec   Data   RO         6746    .conststring        ef_env.o
    0x0801622c   0x0801622c   0x00000047   Data   RO         7104    .conststring        elog.o
    0x08016273   0x08016273   0x00000001   PAD
    0x08016274   0x08016274   0x00000075   Data   RO         8581    .conststring        tcp.o
    0x080162e9   0x080162e9   0x00000003   PAD
    0x080162ec   0x080162ec   0x00000055   Data   RO         8826    .conststring        tcp_out.o
    0x08016341   0x08016341   0x00000003   PAD
    0x08016344   0x08016344   0x00000044   Data   RO         9291    .conststring        etharp.o
    0x08016388   0x08016388   0x00000020   Data   RO        10560    Region$$Table       anon$$obj.o
    0x080163a8   0x080163a8   0x00000110   Data   RO        10397    locale$$data        c_w.l(lc_ctype_c.o)
    0x080164b8   0x080164b8   0x0000001c   Data   RO        10400    locale$$data        c_w.l(lc_numeric_c.o)


    Execution Region RW_IRAM1 (Exec base: 0x20000000, Load base: 0x080164d4, Size: 0x0001dac0, Max: 0x00020000, ABSOLUTE, COMPRESSED[0x00000088])

    Exec Addr    Load Addr    Size         Type   Attr      Idx    E Section Name        Object

    0x20000000   COMPRESSED   0x00000004   Data   RW            6    .data               main.o
    0x20000004   COMPRESSED   0x00000014   Data   RW          432    .data               system_stm32f4xx.o
    0x20000018   COMPRESSED   0x00000014   Data   RW          549    .data               iap.o
    0x2000002c   COMPRESSED   0x00000004   Data   RW          883    .data               delay.o
    0x20000030   COMPRESSED   0x00000024   Data   RW         1681    .data               malloc.o
    0x20000054   COMPRESSED   0x0000001c   Data   RW         2050    .data               bsp_time.o
    0x20000070   COMPRESSED   0x00000005   Data   RW         2147    .data               bsp_wiegand.o
    0x20000075   COMPRESSED   0x00000003   PAD
    0x20000078   COMPRESSED   0x00000004   Data   RW         2227    .data               bsp_uart_fifo.o
    0x2000007c   COMPRESSED   0x00000010   Data   RW         2404    .data               lan8720.o
    0x2000008c   COMPRESSED   0x00000010   Data   RW         2961    .data               stm32f4xx_rcc.o
    0x2000009c   COMPRESSED   0x0000000c   Data   RW         4839    .data               stm32f4x7_eth.o
    0x200000a8   COMPRESSED   0x00000044   Data   RW         5823    .data               tasks.o
    0x200000ec   COMPRESSED   0x00000014   Data   RW         6139    .data               timers.o
    0x20000100   COMPRESSED   0x0000000c   Data   RW         6265    .data               port.o
    0x2000010c   COMPRESSED   0x00000018   Data   RW         6340    .data               heap_4.o
    0x20000124   COMPRESSED   0x00000044   Data   RW         6407    .data               sfud.o
    0x20000168   COMPRESSED   0x0000000c   Data   RW         6542    .data               sfud_port.o
    0x20000174   COMPRESSED   0x00000010   Data   RW         6747    .data               ef_env.o
    0x20000184   COMPRESSED   0x00000004   Data   RW         6945    .data               ef_iap.o
    0x20000188   COMPRESSED   0x00000034   Data   RW         7105    .data               elog.o
    0x200001bc   COMPRESSED   0x00000008   Data   RW         7789    .data               sockets.o
    0x200001c4   COMPRESSED   0x0000000c   Data   RW         7947    .data               tcpip.o
    0x200001d0   COMPRESSED   0x00000014   Data   RW         8080    .data               dns.o
    0x200001e4   COMPRESSED   0x00000014   Data   RW         8188    .data               mem.o
    0x200001f8   COMPRESSED   0x00000004   Data   RW         8234    .data               memp.o
    0x200001fc   COMPRESSED   0x0000000c   Data   RW         8288    .data               netif.o
    0x20000208   COMPRESSED   0x00000004   Data   RW         8492    .data               raw.o
    0x2000020c   COMPRESSED   0x00000024   Data   RW         8582    .data               tcp.o
    0x20000230   COMPRESSED   0x0000001c   Data   RW         8766    .data               tcp_in.o
    0x2000024c   COMPRESSED   0x00000008   Data   RW         8917    .data               timers_1.o
    0x20000254   COMPRESSED   0x00000008   Data   RW         8977    .data               udp.o
    0x2000025c   COMPRESSED   0x00000014   Data   RW         9130    .data               ip.o
    0x20000270   COMPRESSED   0x00000008   Data   RW         9228    .data               ip_frag.o
    0x20000278   COMPRESSED   0x00000001   Data   RW         9292    .data               etharp.o
    0x20000279   COMPRESSED   0x00000003   PAD
    0x2000027c   COMPRESSED   0x00000004   Data   RW         9440    .data               sys_arch.o
    0x20000280        -       0x0000100c   Zero   RW          547    .bss                iap.o
    0x2000128c        -       0x0000f000   Zero   RW         1678    .bss                malloc.o
    0x2001028c        -       0x00000f00   Zero   RW         1679    .bss                malloc.o
    0x2001118c        -       0x00000010   Zero   RW         2146    .bss                bsp_wiegand.o
    0x2001119c        -       0x00001050   Zero   RW         2226    .bss                bsp_uart_fifo.o
    0x200121ec        -       0x0000000c   Zero   RW         4838    .bss                stm32f4x7_eth.o
    0x200121f8        -       0x00000040   Zero   RW         5448    .bss                queue.o
    0x20012238        -       0x0000012c   Zero   RW         5822    .bss                tasks.o
    0x20012364        -       0x00000028   Zero   RW         6138    .bss                timers.o
    0x2001238c        -       0x0000a000   Zero   RW         6339    .bss                heap_4.o
    0x2001c38c        -       0x00000105   Zero   RW         6404    .bss                sfud.o
    0x2001c491        -       0x00000100   Zero   RW         6540    .bss                sfud_port.o
    0x2001c591        -       0x00000080   Zero   RW         6631    .bss                ef_port.o
    0x2001c611   COMPRESSED   0x00000003   PAD
    0x2001c614        -       0x000000d0   Zero   RW         6744    .bss                ef_env.o
    0x2001c6e4        -       0x00000010   Zero   RW         7010    .bss                elog_port.o
    0x2001c6f4        -       0x00000454   Zero   RW         7102    .bss                elog.o
    0x2001cb48        -       0x00000048   Zero   RW         7223    .bss                lwip_comm.o
    0x2001cb90        -       0x00000060   Zero   RW         7787    .bss                sockets.o
    0x2001cbf0        -       0x00000663   Zero   RW         8079    .bss                dns.o
    0x2001d253   COMPRESSED   0x00000001   PAD
    0x2001d254        -       0x0000003c   Zero   RW         8230    .bss                memp.o
    0x2001d290        -       0x00000014   Zero   RW         8765    .bss                tcp_in.o
    0x2001d2a4        -       0x00000010   Zero   RW         9171    .bss                ip_addr.o
    0x2001d2b4        -       0x000000c8   Zero   RW         9289    .bss                etharp.o
    0x2001d37c        -       0x000000e4   Zero   RW        10116    .bss                c_w.l(rand.o)
    0x2001d460        -       0x00000060   Zero   RW        10320    .bss                c_w.l(libspace.o)
    0x2001d4c0        -       0x00000200   Zero   RW         5277    HEAP                startup_stm32f40_41xxx.o
    0x2001d6c0        -       0x00000400   Zero   RW         5276    STACK               startup_stm32f40_41xxx.o



  Load Region LR$$.ARM.__AT_0x10000000 (Base: 0x10000000, Size: 0x00000000, Max: 0x0000c800, ABSOLUTE)

    Execution Region ER$$.ARM.__AT_0x10000000 (Exec base: 0x10000000, Load base: 0x10000000, Size: 0x0000c800, Max: 0x0000c800, ABSOLUTE, UNINIT)

    Exec Addr    Load Addr    Size         Type   Attr      Idx    E Section Name        Object

    0x10000000        -       0x0000c800   Zero   RW         1674    .ARM.__AT_0x10000000  malloc.o



  Load Region LR$$.ARM.__AT_0x1000C800 (Base: 0x1000c800, Size: 0x00000000, Max: 0x00000c80, ABSOLUTE)

    Execution Region ER$$.ARM.__AT_0x1000C800 (Exec base: 0x1000c800, Load base: 0x1000c800, Size: 0x00000c80, Max: 0x00000c80, ABSOLUTE, UNINIT)

    Exec Addr    Load Addr    Size         Type   Attr      Idx    E Section Name        Object

    0x1000c800        -       0x00000c80   Zero   RW         1675    .ARM.__AT_0x1000C800  malloc.o



  Load Region LR$$.ARM.__AT_0x68000000 (Base: 0x68000000, Size: 0x00000000, Max: 0x00014000, ABSOLUTE)

    Execution Region ER$$.ARM.__AT_0x68000000 (Exec base: 0x68000000, Load base: 0x68000000, Size: 0x00014000, Max: 0x00014000, ABSOLUTE, UNINIT)

    Exec Addr    Load Addr    Size         Type   Attr      Idx    E Section Name        Object

    0x68000000        -       0x00014000   Zero   RW         1676    .ARM.__AT_0x68000000  malloc.o



  Load Region LR$$.ARM.__AT_0x68014000 (Base: 0x68014000, Size: 0x00000000, Max: 0x00001400, ABSOLUTE)

    Execution Region ER$$.ARM.__AT_0x68014000 (Exec base: 0x68014000, Load base: 0x68014000, Size: 0x00001400, Max: 0x00001400, ABSOLUTE, UNINIT)

    Exec Addr    Load Addr    Size         Type   Attr      Idx    E Section Name        Object

    0x68014000        -       0x00001400   Zero   RW         1677    .ARM.__AT_0x68014000  malloc.o


==============================================================================

Image component sizes


      Code (inc. data)   RO Data    RW Data    ZI Data      Debug   Object Name

      2684       1460          0          0          0      19820   api_lib.o
      6080       2764          0          0          0      20465   api_msg.o
        52          0          0          0          0       1583   bsp.o
        64          6          0          0          0        564   bsp_beep.o
        60          6          0          0          0        600   bsp_digitaltube.o
        64          8          0          0          0        551   bsp_key.o
       160         14          0          0          0        643   bsp_led.o
       264         32          0         28          0       2680   bsp_time.o
       738         44          0          4       4176       7420   bsp_uart_fifo.o
       316         20          0          5         16       3609   bsp_wiegand.o
         0          0          0          0          0        392   cjson.o
        16          0          0          0          0       2630   def.o
       190         14          0          4          0       3673   delay.o
      1674        396          0         20       1635      11080   dns.o
       152         90         74          0          0       2081   easyflash.o
      5102       1890        337         16        208      33891   ef_env.o
       332        216          0          4          0       2744   ef_iap.o
       444        182        233          0        128       9230   ef_port.o
        36          4       1024          0          0       1260   ef_utils.o
      1760        670        211         52       1108      13725   elog.o
        78         30          0          0         16       6972   elog_port.o
       252        104         35          0          0       2825   elog_utils.o
         0          0          0          0          0        672   err.o
      3272       1308         80          1        200      14581   etharp.o
       476        132          0          0          0       5412   ethernetif.o
         0          0          0          0          0       8184   event_groups.o
       460         24          0         24      40960       4519   heap_4.o
      2396        956         20         20       4108      31005   iap.o
       912        466          0          0          0       3714   icmp.o
       170          0          0          0          0       2909   inet_chksum.o
        42          0          0          0          0       1276   init.o
       924        264          0         20          0       7505   ip.o
       560        112          4          0         16      10696   ip_addr.o
      2544        932          0          8          0      10632   ip_frag.o
       756         62          0         16          0       6125   lan8720.o
       138          0          0          0          0       3234   list.o
       778        360          0          0         72      22870   lwip_comm.o
      1048        522         19          4          0     387134   main.o
       448         42         36         36     206720       7113   malloc.o
      1800        870          0         20          0       5593   mem.o
       494        280         60          4         60       4302   memp.o
       144         14          0          0          0       2405   misc.o
       374        224          0          0          0       2487   netbuf.o
       406        128          0         12          0       7907   netif.o
      3226       1632          0          0          0      10567   pbuf.o
       786         80          0         12          0      11421   port.o
      1966         26          0          0         64      19587   queue.o
       506        142          0          4          0       5628   raw.o
      4886       2322       1264         68        261      16848   sfud.o
       788        182         15         12        256       8814   sfud_port.o
      2194        656         64          8         96      13340   sockets.o
        64         26        392          0       1536        872   startup_stm32f40_41xxx.o
      1546        150          0         12         12      15819   stm32f4x7_eth.o
        32         10          0          0          0       1296   stm32f4xx_exti.o
       306         32          0          0          0       4720   stm32f4xx_flash.o
       174          0          0          0          0       3959   stm32f4xx_gpio.o
        86         50          0          0          0       3021   stm32f4xx_it.o
       288         48          0         16          0       7138   stm32f4xx_rcc.o
       250         24          0          0          0       5362   stm32f4xx_spi.o
        12          4          0          0          0        642   stm32f4xx_syscfg.o
       210         28          0          0          0       5844   stm32f4xx_tim.o
       338          8          0          0          0       6851   stm32f4xx_usart.o
       320         46          0          0          0       3309   stmflash.o
       868        120          4          4          0      20591   sys_arch.o
       272         36          0         20          0       1893   system_stm32f4xx.o
      2388        194          0         68        300      27193   tasks.o
      4504       1756        201         36          0      31930   tcp.o
      4504        994          0         28         20      17143   tcp_in.o
      4604       1516         85          0          0      16983   tcp_out.o
       692        282          0         12          0       9958   tcpip.o
         0          0          0          0          0       1472   test.o
       924         84          0         20         40      19835   timers.o
       676        224          0          8          0       6911   timers_1.o
       232         54        521          0          0       4649   tool.o
      1282        368          0          8          0      10473   udp.o

    ----------------------------------------------------------------------
     77676      25740       4730        640     262012    1012782   Object Totals
         0          0         32          0          0          0   (incl. Generated)
        92          0         19          6          4          0   (incl. Padding)

    ----------------------------------------------------------------------

      Code (inc. data)   RO Data    RW Data    ZI Data      Debug   Library Member Name

        24          4          0          0          0         84   __2printf.o
        56          6          0          0          0         88   __2snprintf.o
        90          0          0          0          0          0   __dczerorl2.o
         8          0          0          0          0         68   __main.o
       392          4         17          0          0         92   __printf_flags_ss_wp.o
        14          0          0          0          0         68   __printf_wp.o
         0          0          0          0          0          0   __rtentry.o
        12          0          0          0          0          0   __rtentry2.o
         6          0          0          0          0          0   __rtentry4.o
        52          8          0          0          0          0   __scatter.o
        28          0          0          0          0          0   __scatter_zi.o
        28          0          0          0          0         68   _chval.o
         6          0          0          0          0          0   _printf_a.o
         6          0          0          0          0          0   _printf_c.o
        44          0          0          0          0        108   _printf_char.o
        48          6          0          0          0         96   _printf_char_common.o
        36          4          0          0          0         80   _printf_char_file.o
        40          0          0          0          0         68   _printf_charcount.o
         6          0          0          0          0          0   _printf_d.o
       120         16          0          0          0         92   _printf_dec.o
         6          0          0          0          0          0   _printf_e.o
         6          0          0          0          0          0   _printf_f.o
      1054          0          0          0          0        216   _printf_fp_dec.o
       764          8         38          0          0        100   _printf_fp_hex.o
       128         16          0          0          0         84   _printf_fp_infnan.o
         6          0          0          0          0          0   _printf_g.o
       148          4         40          0          0        160   _printf_hex_int_ll_ptr.o
         6          0          0          0          0          0   _printf_i.o
       178          0          0          0          0         88   _printf_intcommon.o
        10          0          0          0          0          0   _printf_l.o
         6          0          0          0          0          0   _printf_lc.o
        10          0          0          0          0          0   _printf_ll.o
         6          0          0          0          0          0   _printf_lld.o
         6          0          0          0          0          0   _printf_lli.o
         6          0          0          0          0          0   _printf_llo.o
         6          0          0          0          0          0   _printf_llu.o
         6          0          0          0          0          0   _printf_llx.o
       124         16          0          0          0         92   _printf_longlong_dec.o
         6          0          0          0          0          0   _printf_ls.o
         6          0          0          0          0          0   _printf_n.o
         6          0          0          0          0          0   _printf_o.o
       112         10          0          0          0        124   _printf_oct_int_ll.o
         6          0          0          0          0          0   _printf_p.o
        78          0          0          0          0        108   _printf_pad.o
         0          0          0          0          0          0   _printf_percent.o
         4          0          0          0          0          0   _printf_percent_end.o
         6          0          0          0          0          0   _printf_s.o
        82          0          0          0          0         80   _printf_str.o
        36          0          0          0          0         84   _printf_truncate.o
         6          0          0          0          0          0   _printf_u.o
        44          0          0          0          0        108   _printf_wchar.o
       188          6          8          0          0         92   _printf_wctomb.o
         6          0          0          0          0          0   _printf_x.o
        16          0          0          0          0         68   _snputc.o
        10          0          0          0          0         68   _sputc.o
       158          0          0          0          0         92   _strtoul.o
        64          0          0          0          0         92   _wcrtomb.o
        16          0          0          0          0         68   aeabi_memset.o
        26          0          0          0          0         80   atoi.o
       228          4        148          0          0         96   bigflt0.o
      1936        128          0          0          0        672   btod.o
        18          0          0          0          0         80   exit.o
         8          0          0          0          0         68   ferror.o
         6          0          0          0          0        152   heapauxi.o
        44         10        272          0          0         76   lc_ctype_c.o
        44         10         28          0          0         76   lc_numeric_c.o
         2          0          0          0          0          0   libinit.o
        38          0          0          0          0          0   libinit2.o
         2          0          0          0          0          0   libshutdown.o
         2          0          0          0          0          0   libshutdown2.o
         8          4          0          0         96         68   libspace.o
       138          0          0          0          0         80   lludiv10.o
        88          0          0          0          0         76   memcmp.o
       112         18          0          0        228        160   rand.o
        16          4          0          0          0         76   rt_ctype_table.o
         8          4          0          0          0         68   rt_errno_addr_intlibspace.o
         8          4          0          0          0         68   rt_locale_intlibspace.o
        68          0          0          0          0         68   rt_memclr.o
        78          0          0          0          0         80   rt_memclr_w.o
       138          0          0          0          0         68   rt_memcpy_v6.o
       100          0          0          0          0         80   rt_memcpy_w.o
         2          0          0          0          0          0   rtexit.o
        10          0          0          0          0          0   rtexit2.o
        24          0          0          0          0         68   strcat.o
       128          0          0          0          0         68   strcmpv7m.o
        72          0          0          0          0         80   strcpy.o
        62          0          0          0          0         76   strlen.o
       150          0          0          0          0         80   strncmp.o
        86          0          0          0          0         76   strncpy.o
        36          0          0          0          0         80   strstr.o
       112          0          0          0          0         88   strtol.o
        74          0          0          0          0         80   sys_stackheap_outer.o
         2          0          0          0          0         68   use_no_semi.o
         2          0          0          0          0         68   use_no_semi_2.o
        52          4          0          0          0         80   vsnprintf.o
        36          4          0          0          0         76   vsprintf.o
        10          0          0          0          0        116   fpinit.o
         4          0          0          0          0        116   printf1.o
         4          0          0          0          0        116   printf2.o
         0          0          0          0          0          0   usenofp.o
        48          0          0          0          0        124   fpclassify.o

    ----------------------------------------------------------------------
      8386        302        556          0        324       6288   Library Totals
        14          0          5          0          0          0   (incl. Padding)

    ----------------------------------------------------------------------

      Code (inc. data)   RO Data    RW Data    ZI Data      Debug   Library Name

      8306        302        551          0        324       5816   c_w.l
        18          0          0          0          0        348   fz_wm.l
        48          0          0          0          0        124   m_wm.l

    ----------------------------------------------------------------------
      8386        302        556          0        324       6288   Library Totals

    ----------------------------------------------------------------------

==============================================================================


      Code (inc. data)   RO Data    RW Data    ZI Data      Debug   

     86062      26042       5286        640     262336     963290   Grand Totals
     86062      26042       5286        136     262336     963290   ELF Image Totals (compressed)
     86062      26042       5286        136          0          0   ROM Totals

==============================================================================

    Total RO  Size (Code + RO Data)                91348 (  89.21kB)
    Total RW  Size (RW Data + ZI Data)            262976 ( 256.81kB)
    Total ROM Size (Code + RO Data + RW Data)      91484 (  89.34kB)

==============================================================================

