Component: ARM Compiler 5.06 update 6 (build 750) Tool: armlink [4d35ed]

==============================================================================

Section Cross References

    main.o(i.main) refers to bsp.o(i.bsp_Init) for bsp_Init
    main.o(i.main) refers to elog.o(i.elog_init) for elog_init
    main.o(i.main) refers to elog.o(i.elog_set_fmt) for elog_set_fmt
    main.o(i.main) refers to elog.o(i.elog_start) for elog_start
    main.o(i.main) refers to lwip_comm.o(i.StartEthernet) for StartEthernet
    main.o(i.main) refers to tasks.o(i.xTaskCreate) for xTaskCreate
    main.o(i.main) refers to tasks.o(i.vTaskStartScheduler) for vTaskStartScheduler
    main.o(i.main) refers to main.o(.data) for .data
    main.o(i.main) refers to main.o(i.vTaskMqttTest) for vTaskMqttTest
    main.o(i.vTaskMqttTest) refers to tasks.o(i.ulTaskNotifyTake) for ulTaskNotifyTake
    main.o(i.vTaskMqttTest) refers to ef_env.o(i.ef_get_env_blob) for ef_get_env_blob
    main.o(i.vTaskMqttTest) refers to strcmpv7m.o(.text) for strcmp
    main.o(i.vTaskMqttTest) refers to __2printf.o(.text) for __2printf
    main.o(i.vTaskMqttTest) refers to iap.o(i.IAP_DownLoadToFlash) for IAP_DownLoadToFlash
    main.o(i.vTaskMqttTest) refers to ef_env.o(i.ef_set_env) for ef_set_env
    main.o(i.vTaskMqttTest) refers to iap.o(i.IAP_DownLoadToSTMFlash) for IAP_DownLoadToSTMFlash
    main.o(i.vTaskMqttTest) refers to tasks.o(i.vTaskDelay) for vTaskDelay
    main.o(i.vTaskMqttTest) refers to iap.o(i.IAP_JumpToApplication) for IAP_JumpToApplication
    main.o(i.vTaskMqttTest) refers to ef_env.o(i.ef_get_env) for ef_get_env
    main.o(i.vTaskMqttTest) refers to tool.o(i.str2int) for str2int
    main.o(i.vTaskMqttTest) refers to main.o(i.NVIC_SystemReset) for NVIC_SystemReset
    system_stm32f4xx.o(i.SystemCoreClockUpdate) refers to system_stm32f4xx.o(.data) for .data
    system_stm32f4xx.o(i.SystemInit) refers to system_stm32f4xx.o(i.SetSysClock) for SetSysClock
    test.o(i.FlashTest) refers to _printf_pad.o(.text) for _printf_pre_padding
    test.o(i.FlashTest) refers to _printf_percent.o(.ARM.Collect$$_printf_percent$$00000000) for _printf_percent
    test.o(i.FlashTest) refers to _printf_d.o(.ARM.Collect$$_printf_percent$$00000009) for _printf_d
    test.o(i.FlashTest) refers to _printf_x.o(.ARM.Collect$$_printf_percent$$0000000C) for _printf_x
    test.o(i.FlashTest) refers to _printf_s.o(.ARM.Collect$$_printf_percent$$00000014) for _printf_s
    test.o(i.FlashTest) refers to _printf_dec.o(.text) for _printf_int_dec
    test.o(i.FlashTest) refers to _printf_hex_int_ll_ptr.o(.text) for _printf_longlong_hex
    test.o(i.FlashTest) refers to _printf_str.o(.text) for _printf_str
    test.o(i.FlashTest) refers to rt_memclr_w.o(.text) for __aeabi_memclr4
    test.o(i.FlashTest) refers to sfud.o(i.sfud_get_device_table) for sfud_get_device_table
    test.o(i.FlashTest) refers to sfud.o(i.sfud_erase) for sfud_erase
    test.o(i.FlashTest) refers to __2printf.o(.text) for __2printf
    test.o(i.FlashTest) refers to sfud.o(i.sfud_write) for sfud_write
    test.o(i.FlashTest) refers to sfud.o(i.sfud_read) for sfud_read
    test.o(i.FlashTest) refers to test.o(.conststring) for .conststring
    test.o(i.create_objects) refers to cjson.o(i.cJSON_CreateObject) for cJSON_CreateObject
    test.o(i.create_objects) refers to cjson.o(i.cJSON_CreateString) for cJSON_CreateString
    test.o(i.create_objects) refers to cjson.o(i.cJSON_AddItemToObject) for cJSON_AddItemToObject
    test.o(i.create_objects) refers to cjson.o(i.cJSON_AddStringToObject) for cJSON_AddStringToObject
    test.o(i.create_objects) refers to test.o(i.print_preallocated) for print_preallocated
    test.o(i.create_objects) refers to cjson.o(i.cJSON_Delete) for cJSON_Delete
    test.o(i.create_objects) refers to exit.o(.text) for exit
    test.o(i.create_objects) refers to malloc.o(i.my_free) for my_free
    test.o(i.json_test) refers to _printf_percent.o(.ARM.Collect$$_printf_percent$$00000000) for _printf_percent
    test.o(i.json_test) refers to _printf_s.o(.ARM.Collect$$_printf_percent$$00000014) for _printf_s
    test.o(i.json_test) refers to _printf_str.o(.text) for _printf_str
    test.o(i.json_test) refers to cjson.o(i.cJSON_Version) for cJSON_Version
    test.o(i.json_test) refers to __2printf.o(.text) for __2printf
    test.o(i.json_test) refers to test.o(i.create_objects) for create_objects
    test.o(i.print_preallocated) refers to _printf_percent.o(.ARM.Collect$$_printf_percent$$00000000) for _printf_percent
    test.o(i.print_preallocated) refers to _printf_s.o(.ARM.Collect$$_printf_percent$$00000014) for _printf_s
    test.o(i.print_preallocated) refers to _printf_str.o(.text) for _printf_str
    test.o(i.print_preallocated) refers to cjson.o(i.cJSON_Print) for cJSON_Print
    test.o(i.print_preallocated) refers to __2printf.o(.text) for __2printf
    test.o(i.print_preallocated) refers to strlen.o(.text) for strlen
[...]
    0x08000c6a   0x08000c6a   0x00000002   Code   RO        10607    .text               c_w.l(use_no_semi.o)
    0x08000c6c   0x08000c6c   0x00000010   Code   RO        10612    .text               c_w.l(rt_ctype_table.o)
    0x08000c7c   0x08000c7c   0x00000008   Code   RO        10617    .text               c_w.l(rt_errno_addr_intlibspace.o)
    0x08000c84   0x08000c84   0x00000024   Code   RO        10619    .text               c_w.l(_printf_truncate.o)
    0x08000ca8   0x08000ca8   0x000000b2   Code   RO        10621    .text               c_w.l(_printf_intcommon.o)
    0x08000d5a   0x08000d5a   0x00000028   Code   RO        10623    .text               c_w.l(_printf_charcount.o)
    0x08000d82   0x08000d82   0x0000041e   Code   RO        10625    .text               c_w.l(_printf_fp_dec.o)
    0x080011a0   0x080011a0   0x00000030   Code   RO        10627    .text               c_w.l(_printf_char_common.o)
    0x080011d0   0x080011d0   0x0000000a   Code   RO        10629    .text               c_w.l(_sputc.o)
    0x080011da   0x080011da   0x00000010   Code   RO        10631    .text               c_w.l(_snputc.o)
    0x080011ea   0x080011ea   0x0000002c   Code   RO        10633    .text               c_w.l(_printf_char.o)
    0x08001216   0x08001216   0x00000002   PAD
    0x08001218   0x08001218   0x00000024   Code   RO        10635    .text               c_w.l(_printf_char_file.o)
    0x0800123c   0x0800123c   0x000000bc   Code   RO        10637    .text               c_w.l(_printf_wctomb.o)
    0x080012f8   0x080012f8   0x0000007c   Code   RO        10640    .text               c_w.l(_printf_longlong_dec.o)
    0x08001374   0x08001374   0x00000070   Code   RO        10646    .text               c_w.l(_printf_oct_int_ll.o)
    0x080013e4   0x080013e4   0x00000070   Code   RO        10671    .text               c_w.l(strtol.o)
    0x08001454   0x08001454   0x00000008   Code   RO        10735    .text               c_w.l(libspace.o)
    0x0800145c   0x0800145c   0x00000008   Code   RO        10763    .text               c_w.l(rt_locale_intlibspace.o)
    0x08001464   0x08001464   0x0000008a   Code   RO        10765    .text               c_w.l(lludiv10.o)
    0x080014ee   0x080014ee   0x00000002   PAD
    0x080014f0   0x080014f0   0x000002fc   Code   RO        10769    .text               c_w.l(_printf_fp_hex.o)
    0x080017ec   0x080017ec   0x00000080   Code   RO        10772    .text               c_w.l(_printf_fp_infnan.o)
    0x0800186c   0x0800186c   0x0000002c   Code   RO        10776    .text               c_w.l(_printf_wchar.o)
    0x08001898   0x08001898   0x0000009e   Code   RO        10780    .text               c_w.l(_strtoul.o)
    0x08001936   0x08001936   0x00000002   PAD
    0x08001938   0x08001938   0x000000e4   Code   RO        10782    .text               c_w.l(bigflt0.o)
    0x08001a1c   0x08001a1c   0x00000008   Code   RO        10807    .text               c_w.l(ferror.o)
    0x08001a24   0x08001a24   0x00000040   Code   RO        10811    .text               c_w.l(_wcrtomb.o)
    0x08001a64   0x08001a64   0x0000004a   Code   RO        10845    .text               c_w.l(sys_stackheap_outer.o)
    0x08001aae   0x08001aae   0x0000001c   Code   RO        10849    .text               c_w.l(_chval.o)
    0x08001aca   0x08001aca   0x0000003e   Code   RO        10785    CL$$btod_d2e        c_w.l(btod.o)
    0x08001b08   0x08001b08   0x00000046   Code   RO        10787    CL$$btod_d2e_denorm_low  c_w.l(btod.o)
    0x08001b4e   0x08001b4e   0x00000060   Code   RO        10786    CL$$btod_d2e_norm_op1  c_w.l(btod.o)
    0x08001bae   0x08001bae   0x00000338   Code   RO        10795    CL$$btod_div_common  c_w.l(btod.o)
    0x08001ee6   0x08001ee6   0x000000dc   Code   RO        10792    CL$$btod_e2e        c_w.l(btod.o)
    0x08001fc2   0x08001fc2   0x0000002a   Code   RO        10789    CL$$btod_ediv       c_w.l(btod.o)
    0x08001fec   0x08001fec   0x0000002a   Code   RO        10788    CL$$btod_emul       c_w.l(btod.o)
    0x08002016   0x08002016   0x00000244   Code   RO        10794    CL$$btod_mult_common  c_w.l(btod.o)
    0x0800225a   0x0800225a   0x00000002   Code   RO          380    i.BusFault_Handler  stm32f4xx_it.o
    0x0800225c   0x0800225c   0x0000002c   Code   RO          679    i.CRC16_Modbus      tool.o
    0x08002288   0x08002288   0x0000002c   Code   RO         7402    i.ChangeNetifLinkStatues  lwipcom_task.o
    0x080022b4   0x080022b4   0x00000002   Code   RO          381    i.DebugMon_Handler  stm32f4xx_it.o
    0x080022b6   0x080022b6   0x00000002   PAD
    0x080022b8   0x080022b8   0x0000000c   Code   RO         4779    i.ETH_DMAClearITPendingBit  stm32f4x7_eth.o
    0x080022c4   0x080022c4   0x00000018   Code   RO         4780    i.ETH_DMAITConfig   stm32f4x7_eth.o
    0x080022dc   0x080022dc   0x0000001c   Code   RO         4781    i.ETH_DMAReceptionCmd  stm32f4x7_eth.o
    0x080022f8   0x080022f8   0x00000058   Code   RO         4782    i.ETH_DMARxDescChainInit  stm32f4x7_eth.o
    0x08002350   0x08002350   0x0000001c   Code   RO         4784    i.ETH_DMATransmissionCmd  stm32f4x7_eth.o
    0x0800236c   0x0800236c   0x00000048   Code   RO         4787    i.ETH_DMATxDescChainInit  stm32f4x7_eth.o
    0x080023b4   0x080023b4   0x00000008   Code   RO         4788    i.ETH_DMATxDescChecksumInsertionConfig  stm32f4x7_eth.o
    0x080023bc   0x080023bc   0x00000018   Code   RO         4793    i.ETH_DeInit        stm32f4x7_eth.o
    0x080023d4   0x080023d4   0x00000012   Code   RO         4794    i.ETH_Delay         stm32f4x7_eth.o
    0x080023e6   0x080023e6   0x00000002   PAD
    0x080023e8   0x080023e8   0x00000024   Code   RO         4796    i.ETH_FlushTransmitFIFO  stm32f4x7_eth.o
    0x0800240c   0x0800240c   0x000000fc   Code   RO         2403    i.ETH_GPIO_Config   lan8720.o
    0x08002508   0x08002508   0x0000000c   Code   RO         2404    i.ETH_GetCurrentTxBuffer  lan8720.o
    0x08002514   0x08002514   0x0000001e   Code   RO         4821    i.ETH_GetRxPktSize  stm32f4x7_eth.o
    0x08002532   0x08002532   0x00000002   PAD
    0x08002534   0x08002534   0x00000014   Code   RO         4822    i.ETH_GetSoftwareResetStatus  stm32f4x7_eth.o
    0x08002548   0x08002548   0x0000002c   Code   RO         2405    i.ETH_IRQHandler    lan8720.o
    0x08002574   0x08002574   0x000002a4   Code   RO         4827    i.ETH_Init          stm32f4x7_eth.o
    0x08002818   0x08002818   0x0000001c   Code   RO         4829    i.ETH_MACAddressConfig  stm32f4x7_eth.o
    0x08002834   0x08002834   0x00000084   Code   RO         2406    i.ETH_MACDMA_Config  lan8720.o
    0x080028b8   0x080028b8   0x00000030   Code   RO         4834    i.ETH_MACReceptionCmd  stm32f4x7_eth.o
    0x080028e8   0x080028e8   0x00000030   Code   RO         4835    i.ETH_MACTransmissionCmd  stm32f4x7_eth.o
    0x08002918   0x08002918   0x0000002c   Code   RO         2407    i.ETH_Mem_Free      lan8720.o
    0x08002944   0x08002944   0x00000050   Code   RO         2408    i.ETH_Mem_Malloc    lan8720.o
    0x08002994   0x08002994   0x00000058   Code   RO         4847    i.ETH_ReadPHYRegister  stm32f4x7_eth.o
    0x080029ec   0x080029ec   0x00000058   Code   RO         2409    i.ETH_Rx_Packet     lan8720.o
    0x08002a44   0x08002a44   0x00000010   Code   RO         4855    i.ETH_SoftwareReset  stm32f4x7_eth.o
    0x08002a54   0x08002a54   0x00000022   Code   RO         4856    i.ETH_Start         stm32f4x7_eth.o
    0x08002a76   0x08002a76   0x00000022   Code   RO         4857    i.ETH_Stop          stm32f4x7_eth.o
    0x08002a98   0x08002a98   0x00000088   Code   RO         4858    i.ETH_StructInit    stm32f4x7_eth.o
    0x08002b20   0x08002b20   0x00000044   Code   RO         2410    i.ETH_Tx_Packet     lan8720.o
    0x08002b64   0x08002b64   0x00000054   Code   RO         4860    i.ETH_WritePHYRegister  stm32f4x7_eth.o
    0x08002bb8   0x08002bb8   0x000000b4   Code   RO         7247    i.ETH_link_callback  lwip_comm.o
    0x08002c6c   0x08002c6c   0x0000005c   Code   RO         2148    i.EXTI15_10_IRQHandler  bsp_wiegand.o
    0x08002cc8   0x08002cc8   0x0000000c   Code   RO         4715    i.EXTI_ClearITPendingBit  stm32f4xx_exti.o
    0x08002cd4   0x08002cd4   0x00000014   Code   RO         4719    i.EXTI_GetITStatus  stm32f4xx_exti.o
    0x08002ce8   0x08002ce8   0x0000002c   Code   RO         9833    i.Enter_Critical    sys_arch.o
    0x08002d14   0x08002d14   0x00000018   Code   RO         9834    i.Exit_Critical     sys_arch.o
    0x08002d2c   0x08002d2c   0x0000000c   Code   RO         4410    i.FLASH_ClearFlag   stm32f4xx_flash.o
    0x08002d38   0x08002d38   0x0000006c   Code   RO         4416    i.FLASH_EraseSector  stm32f4xx_flash.o
    0x08002da4   0x08002da4   0x0000003c   Code   RO         4418    i.FLASH_GetStatus   stm32f4xx_flash.o
    0x08002de0   0x08002de0   0x0000003c   Code   RO         4446    i.FLASH_ProgramWord  stm32f4xx_flash.o
    0x08002e1c   0x08002e1c   0x00000024   Code   RO         4448    i.FLASH_Unlock      stm32f4xx_flash.o
    0x08002e40   0x08002e40   0x0000001e   Code   RO         4449    i.FLASH_WaitForLastOperation  stm32f4xx_flash.o
    0x08002e5e   0x08002e5e   0x00000078   Code   RO         2610    i.GPIO_Init         stm32f4xx_gpio.o
    0x08002ed6   0x08002ed6   0x00000020   Code   RO         2611    i.GPIO_PinAFConfig  stm32f4xx_gpio.o
    0x08002ef6   0x08002ef6   0x0000000e   Code   RO         2614    i.GPIO_ReadInputDataBit  stm32f4xx_gpio.o
    0x08002f04   0x08002f04   0x00000004   Code   RO         2617    i.GPIO_ResetBits    stm32f4xx_gpio.o
    0x08002f08   0x08002f08   0x00000004   Code   RO         2618    i.GPIO_SetBits      stm32f4xx_gpio.o
    0x08002f0c   0x08002f0c   0x0000000c   Code   RO         7248    i.GetGB_LinkState   lwip_comm.o
    0x08002f18   0x08002f18   0x000000fc   Code   RO          546    i.GetHTTPGETString  iap.o
    0x08003014   0x08003014   0x00000012   Code   RO         2411    i.GetPHYLinkState   lan8720.o
    0x08003026   0x08003026   0x00000002   PAD
    0x08003028   0x08003028   0x000000bc   Code   RO         1027    i.GetSector         stmflash.o
    0x080030e4   0x080030e4   0x0000004c   Code   RO          382    i.HardFault_Handler  stm32f4xx_it.o
    0x08003130   0x08003130   0x00000150   Code   RO          547    i.HttpConnect       iap.o
    0x08003280   0x08003280   0x00000180   Code   RO          548    i.IAP_DownLoadToFlash  iap.o
    0x08003400   0x08003400   0x00000070   Code   RO          549    i.IAP_DownLoadToSTMFlash  iap.o
    0x08003470   0x08003470   0x00000034   Code   RO          550    i.IAP_JumpToApplication  iap.o
    0x080034a4   0x080034a4   0x000000ac   Code   RO         2206    i.InitHardUart      bsp_uart_fifo.o
    0x08003550   0x08003550   0x0000003c   Code   RO         2413    i.LAN8720_Init      lan8720.o
    0x0800358c   0x0800358c   0x00000002   Code   RO          383    i.MemManage_Handler  stm32f4xx_it.o
    0x0800358e   0x0800358e   0x00000002   Code   RO          384    i.NMI_Handler       stm32f4xx_it.o
    0x08003590   0x08003590   0x00000064   Code   RO         2565    i.NVIC_Init         misc.o
    0x080035f4   0x080035f4   0x00000014   Code   RO         2566    i.NVIC_PriorityGroupConfig  misc.o
    0x08003608   0x08003608   0x00000020   Code   RO            3    i.NVIC_SystemReset  main.o
    0x08003628   0x08003628   0x00000018   Code   RO         2931    i.RCC_AHB1PeriphClockCmd  stm32f4xx_rcc.o
    0x08003640   0x08003640   0x00000018   Code   RO         2933    i.RCC_AHB1PeriphResetCmd  stm32f4xx_rcc.o
    0x08003658   0x08003658   0x00000018   Code   RO         2940    i.RCC_APB1PeriphClockCmd  stm32f4xx_rcc.o
    0x08003670   0x08003670   0x00000018   Code   RO         2942    i.RCC_APB1PeriphResetCmd  stm32f4xx_rcc.o
    0x08003688   0x08003688   0x00000018   Code   RO         2943    i.RCC_APB2PeriphClockCmd  stm32f4xx_rcc.o
    0x080036a0   0x080036a0   0x00000018   Code   RO         2945    i.RCC_APB2PeriphResetCmd  stm32f4xx_rcc.o
    0x080036b8   0x080036b8   0x00000090   Code   RO         2952    i.RCC_GetClocksFreq  stm32f4xx_rcc.o
    0x08003748   0x08003748   0x0000005c   Code   RO          551    i.ReadBinQueue      iap.o
    0x080037a4   0x080037a4   0x00000014   Code   RO         3576    i.SPI_CalculateCRC  stm32f4xx_spi.o
    0x080037b8   0x080037b8   0x00000014   Code   RO         3577    i.SPI_Cmd           stm32f4xx_spi.o
    0x080037cc   0x080037cc   0x00000084   Code   RO         3584    i.SPI_I2S_DeInit    stm32f4xx_spi.o
    0x08003850   0x08003850   0x0000000e   Code   RO         3585    i.SPI_I2S_GetFlagStatus  stm32f4xx_spi.o
    0x0800385e   0x0800385e   0x00000004   Code   RO         3588    i.SPI_I2S_ReceiveData  stm32f4xx_spi.o
    0x08003862   0x08003862   0x00000004   Code   RO         3589    i.SPI_I2S_SendData  stm32f4xx_spi.o
    0x08003866   0x08003866   0x00000038   Code   RO         3590    i.SPI_Init          stm32f4xx_spi.o
    0x0800389e   0x0800389e   0x00000024   Code   RO         1029    i.STM_FLASH_Erase   stmflash.o
    0x080038c2   0x080038c2   0x00000010   Code   RO         1031    i.STM_FLASH_Init    stmflash.o
    0x080038d2   0x080038d2   0x00000002   PAD
    0x080038d4   0x080038d4   0x00000050   Code   RO         1032    i.STM_FLASH_Write   stmflash.o
    0x08003924   0x08003924   0x0000000c   Code   RO         3267    i.SYSCFG_ETH_MediaInterfaceConfig  stm32f4xx_syscfg.o
    0x08003930   0x08003930   0x0000000c   Code   RO         7467    i.SetGB_DHCPState   lwipdhcp_task.o
    0x0800393c   0x0800393c   0x0000000c   Code   RO         7249    i.SetGB_LinkState   lwip_comm.o
    0x08003948   0x08003948   0x000000b4   Code   RO          437    i.SetSysClock       system_stm32f4xx.o
    0x080039fc   0x080039fc   0x0000001c   Code   RO         7250    i.StartEthernet     lwip_comm.o
    0x08003a18   0x08003a18   0x00000024   Code   RO         7403    i.StartvLwipComTask  lwipcom_task.o
    0x08003a3c   0x08003a3c   0x00000028   Code   RO         7468    i.StartvLwipDHCPTask  lwipdhcp_task.o
    0x08003a64   0x08003a64   0x00000018   Code   RO         2569    i.SysTick_CLKSourceConfig  misc.o
    0x08003a7c   0x08003a7c   0x00000014   Code   RO          886    i.SysTick_Handler   delay.o
    0x08003a90   0x08003a90   0x0000005c   Code   RO          439    i.SystemInit        system_stm32f4xx.o
    0x08003aec   0x08003aec   0x00000048   Code   RO         2055    i.TIM6_DAC_IRQHandler  bsp_time.o
    0x08003b34   0x08003b34   0x00000014   Code   RO         3737    i.TIM_ARRPreloadConfig  stm32f4xx_tim.o
    0x08003b48   0x08003b48   0x00000006   Code   RO         3744    i.TIM_ClearITPendingBit  stm32f4xx_tim.o
    0x08003b4e   0x08003b4e   0x00000014   Code   RO         3749    i.TIM_Cmd           stm32f4xx_tim.o
    0x08003b62   0x08003b62   0x00000018   Code   RO         3770    i.TIM_GetITStatus   stm32f4xx_tim.o
    0x08003b7a   0x08003b7a   0x00000010   Code   RO         3774    i.TIM_ITConfig      stm32f4xx_tim.o
    0x08003b8a   0x08003b8a   0x00000002   PAD
    0x08003b8c   0x08003b8c   0x0000007c   Code   RO         3821    i.TIM_TimeBaseInit  stm32f4xx_tim.o
    0x08003c08   0x08003c08   0x0000000c   Code   RO         2216    i.USART2_IRQHandler  bsp_uart_fifo.o
    0x08003c14   0x08003c14   0x00000006   Code   RO         3321    i.USART_ClearFlag   stm32f4xx_usart.o
    0x08003c1a   0x08003c1a   0x00000014   Code   RO         3325    i.USART_Cmd         stm32f4xx_usart.o
    0x08003c2e   0x08003c2e   0x0000000e   Code   RO         3328    i.USART_GetFlagStatus  stm32f4xx_usart.o
    0x08003c3c   0x08003c3c   0x0000003e   Code   RO         3329    i.USART_GetITStatus  stm32f4xx_usart.o
    0x08003c7a   0x08003c7a   0x00000030   Code   RO         3331    i.USART_ITConfig    stm32f4xx_usart.o
    0x08003caa   0x08003caa   0x00000002   PAD
    0x08003cac   0x08003cac   0x000000ac   Code   RO         3332    i.USART_Init        stm32f4xx_usart.o
    0x08003d58   0x08003d58   0x00000008   Code   RO         3339    i.USART_ReceiveData  stm32f4xx_usart.o
    0x08003d60   0x08003d60   0x00000008   Code   RO         3342    i.USART_SendData    stm32f4xx_usart.o
    0x08003d68   0x08003d68   0x000000c0   Code   RO         2219    i.UartIRQ           bsp_uart_fifo.o
    0x08003e28   0x08003e28   0x00000038   Code   RO         2221    i.UartVarInit       bsp_uart_fifo.o
    0x08003e60   0x08003e60   0x00000002   Code   RO          385    i.UsageFault_Handler  stm32f4xx_it.o
    0x08003e62   0x08003e62   0x00000002   PAD
    0x08003e64   0x08003e64   0x00000070   Code   RO         2150    i.WeigenInD0        bsp_wiegand.o
    0x08003ed4   0x08003ed4   0x00000070   Code   RO         2151    i.WeigenInD1        bsp_wiegand.o
    0x08003f44   0x08003f44   0x00000060   Code   RO          552    i.WriteBinQueue     iap.o
    0x08003fa4   0x08003fa4   0x00000030   Code   RO        10835    i.__ARM_fpclassify  m_wm.l(fpclassify.o)
    0x08003fd4   0x08003fd4   0x0000000e   Code   RO        10505    i._is_digit         c_w.l(__printf_wp.o)
    0x08003fe2   0x08003fe2   0x00000002   Code   RO         2222    i._sys_exit         bsp_uart_fifo.o
    0x08003fe4   0x08003fe4   0x000001f4   Code   RO         6406    i.aai_write         sfud.o
    0x080041d8   0x080041d8   0x0000001e   Code   RO         6732    i.align_write       ef_env.o
    0x080041f6   0x080041f6   0x00000002   PAD
    0x080041f8   0x080041f8   0x00000074   Code   RO         6733    i.alloc_env         ef_env.o
    0x0800426c   0x0800426c   0x0000002c   Code   RO         6734    i.alloc_env_cb      ef_env.o
    0x08004298   0x08004298   0x00000064   Code   RO         7934    i.alloc_socket      sockets.o
    0x080042fc   0x080042fc   0x0000001c   Code   RO         9273    i.arp_timer         timers_1.o
    0x08004318   0x08004318   0x0000003c   Code   RO         1864    i.bsp_HC595Init     bsp_digitaltube.o
    0x08004354   0x08004354   0x00000046   Code   RO         2093    i.bsp_Init          bsp.o
    0x0800439a   0x0800439a   0x00000022   Code   RO         2223    i.bsp_InitUart      bsp_uart_fifo.o
    0x080043bc   0x080043bc   0x000000a0   Code   RO         2035    i.bsp_LED_Init      bsp_led.o
    0x0800445c   0x0800445c   0x00000078   Code   RO         2056    i.bsp_TIM6_Init     bsp_time.o
    0x080044d4   0x080044d4   0x00000020   Code   RO         2057    i.bsp_TimeSysTickHandler  bsp_time.o
    0x080044f4   0x080044f4   0x00000040   Code   RO         1810    i.bsp_beep_init     bsp_beep.o
    0x08004534   0x08004534   0x00000040   Code   RO         2009    i.bsp_key_Init      bsp_key.o
    0x08004574   0x08004574   0x000000a8   Code   RO          682    i.calcMac           tool.o
    0x0800461c   0x0800461c   0x00000044   Code   RO         6735    i.check_and_recovery_env_cb  ef_env.o
    0x08004660   0x08004660   0x00000074   Code   RO         6736    i.check_sec_hdr_cb  ef_env.o
    0x080046d4   0x080046d4   0x00000190   Code   RO         6737    i.create_env_blob   ef_env.o
    0x08004864   0x08004864   0x00000002   Code   RO          683    i.dbg               tool.o
    0x08004866   0x08004866   0x00000060   Code   RO         6738    i.del_env           ef_env.o
    0x080048c6   0x080048c6   0x00000002   PAD
    0x080048c8   0x080048c8   0x00000038   Code   RO          887    i.delay_init        delay.o
    0x08004900   0x08004900   0x00000038   Code   RO          888    i.delay_ms          delay.o
    0x08004938   0x08004938   0x00000034   Code   RO          889    i.delay_us          delay.o
    0x0800496c   0x0800496c   0x0000008c   Code   RO         8235    i.dhcp_arp_reply    dhcp.o
    0x080049f8   0x080049f8   0x00000164   Code   RO         8236    i.dhcp_bind         dhcp.o
    0x08004b5c   0x08004b5c   0x00000030   Code   RO         8237    i.dhcp_check        dhcp.o
    0x08004b8c   0x08004b8c   0x00000060   Code   RO         8239    i.dhcp_coarse_tmr   dhcp.o
    0x08004bec   0x08004bec   0x0000029c   Code   RO         8240    i.dhcp_create_msg   dhcp.o
    0x08004e88   0x08004e88   0x00000078   Code   RO         8241    i.dhcp_decline      dhcp.o
    0x08004f00   0x08004f00   0x00000110   Code   RO         8242    i.dhcp_delete_msg   dhcp.o
    0x08005010   0x08005010   0x000000bc   Code   RO         8243    i.dhcp_discover     dhcp.o
    0x080050cc   0x080050cc   0x00000034   Code   RO         8244    i.dhcp_fine_tmr     dhcp.o
    0x08005100   0x08005100   0x00000084   Code   RO         8245    i.dhcp_handle_ack   dhcp.o
    0x08005184   0x08005184   0x00000042   Code   RO         8247    i.dhcp_network_changed  dhcp.o
    0x080051c6   0x080051c6   0x00000002   PAD
    0x080051c8   0x080051c8   0x00000094   Code   RO         8248    i.dhcp_option       dhcp.o
    0x0800525c   0x0800525c   0x000000b8   Code   RO         8249    i.dhcp_option_byte  dhcp.o
    0x08005314   0x08005314   0x000000ec   Code   RO         8250    i.dhcp_option_long  dhcp.o
    0x08005400   0x08005400   0x00000090   Code   RO         8251    i.dhcp_option_short  dhcp.o
    0x08005490   0x08005490   0x00000148   Code   RO         8252    i.dhcp_option_trailer  dhcp.o
    0x080055d8   0x080055d8   0x00000374   Code   RO         8253    i.dhcp_parse_reply  dhcp.o
    0x0800594c   0x0800594c   0x00000088   Code   RO         8254    i.dhcp_rebind       dhcp.o
    0x080059d4   0x080059d4   0x000000a0   Code   RO         8255    i.dhcp_reboot       dhcp.o
    0x08005a74   0x08005a74   0x00000188   Code   RO         8256    i.dhcp_recv         dhcp.o
    0x08005bfc   0x08005bfc   0x000000a4   Code   RO         8257    i.dhcp_release      dhcp.o
    0x08005ca0   0x08005ca0   0x00000084   Code   RO         8258    i.dhcp_renew        dhcp.o
    0x08005d24   0x08005d24   0x000000e8   Code   RO         8259    i.dhcp_select       dhcp.o
    0x08005e0c   0x08005e0c   0x00000010   Code   RO         8260    i.dhcp_set_state    dhcp.o
    0x08005e1c   0x08005e1c   0x00000160   Code   RO         8262    i.dhcp_start        dhcp.o
    0x08005f7c   0x08005f7c   0x000000d4   Code   RO         8263    i.dhcp_stop         dhcp.o
    0x08006050   0x08006050   0x00000088   Code   RO         8264    i.dhcp_timeout      dhcp.o
    0x080060d8   0x080060d8   0x0000001c   Code   RO         9274    i.dhcp_timer_coarse  timers_1.o
    0x080060f4   0x080060f4   0x0000001c   Code   RO         9275    i.dhcp_timer_fine   timers_1.o
    0x08006110   0x08006110   0x00000168   Code   RO         8428    i.dns_check_entry   dns.o
    0x08006278   0x08006278   0x000000b4   Code   RO         8429    i.dns_enqueue       dns.o
    0x0800632c   0x0800632c   0x00000098   Code   RO         8430    i.dns_gethostbyname  dns.o
    0x080063c4   0x080063c4   0x00000060   Code   RO         8432    i.dns_init          dns.o
    0x08006424   0x08006424   0x00000022   Code   RO         8433    i.dns_parse_name    dns.o
    0x08006446   0x08006446   0x00000002   PAD
    0x08006448   0x08006448   0x0000016c   Code   RO         8434    i.dns_recv          dns.o
    0x080065b4   0x080065b4   0x000001a4   Code   RO         8435    i.dns_send          dns.o
    0x08006758   0x08006758   0x00000024   Code   RO         8436    i.dns_setserver     dns.o
    0x0800677c   0x0800677c   0x0000001c   Code   RO         9276    i.dns_timer         timers_1.o
    0x08006798   0x08006798   0x00000020   Code   RO         8437    i.dns_tmr           dns.o
    0x080067b8   0x080067b8   0x00000260   Code   RO         7650    i.do_close_internal  api_msg.o
    0x08006a18   0x08006a18   0x00000114   Code   RO         7651    i.do_connect        api_msg.o
    0x08006b2c   0x08006b2c   0x00000150   Code   RO         7652    i.do_connected      api_msg.o
    0x08006c7c   0x08006c7c   0x0000018c   Code   RO         7653    i.do_delconn        api_msg.o
    0x08006e08   0x08006e08   0x000000b8   Code   RO         7655    i.do_dns_found      api_msg.o
    0x08006ec0   0x08006ec0   0x00000064   Code   RO         6739    i.do_gc             ef_env.o
    0x08006f24   0x08006f24   0x000000f4   Code   RO         7656    i.do_getaddr        api_msg.o
    0x08007018   0x08007018   0x00000028   Code   RO         7657    i.do_gethostbyname  api_msg.o
    0x08007040   0x08007040   0x00000020   Code   RO         7659    i.do_newconn        api_msg.o
    0x08007060   0x08007060   0x00000044   Code   RO         7660    i.do_recv           api_msg.o
    0x080070a4   0x080070a4   0x00000080   Code   RO         7661    i.do_send           api_msg.o
    0x08007124   0x08007124   0x000000fc   Code   RO         7662    i.do_write          api_msg.o
    0x08007220   0x08007220   0x00000294   Code   RO         7663    i.do_writemore      api_msg.o
    0x080074b4   0x080074b4   0x00000098   Code   RO         6620    i.easyflash_init    easyflash.o
    0x0800754c   0x0800754c   0x00000024   Code   RO         6636    i.ef_calc_crc32     ef_utils.o
    0x08007570   0x08007570   0x0000002c   Code   RO         6742    i.ef_env_init       ef_env.o
    0x0800759c   0x0800759c   0x00000088   Code   RO         6743    i.ef_env_set_default  ef_env.o
    0x08007624   0x08007624   0x00000080   Code   RO         6967    i.ef_erase_bak_app  ef_iap.o
    0x080076a4   0x080076a4   0x0000000c   Code   RO         6971    i.ef_get_bak_app_start_addr  ef_iap.o
    0x080076b0   0x080076b0   0x00000074   Code   RO         6744    i.ef_get_env        ef_env.o
    0x08007724   0x08007724   0x00000074   Code   RO         6745    i.ef_get_env_blob   ef_env.o
    0x08007798   0x08007798   0x00000010   Code   RO         6972    i.ef_iap_init       ef_iap.o
    0x080077a8   0x080077a8   0x0000001a   Code   RO         6746    i.ef_is_str         ef_env.o
    0x080077c2   0x080077c2   0x00000002   PAD
    0x080077c4   0x080077c4   0x0000004c   Code   RO         6747    i.ef_load_env       ef_env.o
    0x08007810   0x08007810   0x00000040   Code   RO         6653    i.ef_log_info       ef_port.o
    0x08007850   0x08007850   0x00000004   Code   RO         6654    i.ef_port_env_lock  ef_port.o
    0x08007854   0x08007854   0x00000004   Code   RO         6655    i.ef_port_env_unlock  ef_port.o
    0x08007858   0x08007858   0x00000022   Code   RO         6656    i.ef_port_erase     ef_port.o
    0x0800787a   0x0800787a   0x00000002   PAD
    0x0800787c   0x0800787c   0x00000018   Code   RO         6657    i.ef_port_init      ef_port.o
    0x08007894   0x08007894   0x00000020   Code   RO         6658    i.ef_port_read      ef_port.o
    0x080078b4   0x080078b4   0x00000024   Code   RO         6659    i.ef_port_write     ef_port.o
    0x080078d8   0x080078d8   0x00000024   Code   RO         6660    i.ef_print          ef_port.o
    0x080078fc   0x080078fc   0x0000001a   Code   RO         6751    i.ef_set_env        ef_env.o
    0x08007916   0x08007916   0x00000002   PAD
    0x08007918   0x08007918   0x00000050   Code   RO         6752    i.ef_set_env_blob   ef_env.o
    0x08007968   0x08007968   0x0000006c   Code   RO         6973    i.ef_write_data_to_bak  ef_iap.o
    0x080079d4   0x080079d4   0x0000002c   Code   RO         7116    i.elog_init         elog.o
    0x08007a00   0x08007a00   0x00000374   Code   RO         7117    i.elog_output       elog.o
    0x08007d74   0x08007d74   0x00000020   Code   RO         7118    i.elog_output_lock  elog.o
    0x08007d94   0x08007d94   0x0000002c   Code   RO         7119    i.elog_output_lock_enabled  elog.o
    0x08007dc0   0x08007dc0   0x00000020   Code   RO         7120    i.elog_output_unlock  elog.o
    0x08007de0   0x08007de0   0x00000008   Code   RO         7032    i.elog_port_get_p_info  elog_port.o
    0x08007de8   0x08007de8   0x00000006   Code   RO         7033    i.elog_port_get_t_info  elog_port.o
    0x08007dee   0x08007dee   0x00000002   PAD
    0x08007df0   0x08007df0   0x00000028   Code   RO         7034    i.elog_port_get_time  elog_port.o
    0x08007e18   0x08007e18   0x00000004   Code   RO         7035    i.elog_port_init    elog_port.o
    0x08007e1c   0x08007e1c   0x00000010   Code   RO         7036    i.elog_port_output  elog_port.o
    0x08007e2c   0x08007e2c   0x00000002   Code   RO         7037    i.elog_port_output_lock  elog_port.o
    0x08007e2e   0x08007e2e   0x00000002   Code   RO         7038    i.elog_port_output_unlock  elog_port.o
    0x08007e30   0x08007e30   0x000000bc   Code   RO         7124    i.elog_set_filter_lvl  elog.o
    0x08007eec   0x08007eec   0x000000c4   Code   RO         7126    i.elog_set_fmt      elog.o
    0x08007fb0   0x08007fb0   0x00000010   Code   RO         7129    i.elog_start        elog.o
    0x08007fc0   0x08007fc0   0x000000fc   Code   RO         7087    i.elog_strcpy       elog_utils.o
    0x080080bc   0x080080bc   0x00000062   Code   RO         6753    i.env_iterator      ef_env.o
    0x0800811e   0x0800811e   0x00000002   PAD
    0x08008120   0x08008120   0x00000174   Code   RO         7664    i.err_tcp           api_msg.o
    0x08008294   0x08008294   0x00000164   Code   RO         9688    i.etharp_arp_input  etharp.o
    0x080083f8   0x080083f8   0x00000030   Code   RO         9689    i.etharp_cleanup_netif  etharp.o
    0x08008428   0x08008428   0x0000023c   Code   RO         9691    i.etharp_find_entry  etharp.o
    0x08008664   0x08008664   0x0000003c   Code   RO         9692    i.etharp_free_entry  etharp.o
    0x080086a0   0x080086a0   0x000001b0   Code   RO         9693    i.etharp_output     etharp.o
    0x08008850   0x08008850   0x000000dc   Code   RO         9694    i.etharp_output_to_arp_index  etharp.o
    0x0800892c   0x0800892c   0x000001c4   Code   RO         9695    i.etharp_query      etharp.o
    0x08008af0   0x08008af0   0x00000178   Code   RO         9696    i.etharp_raw        etharp.o
    0x08008c68   0x08008c68   0x00000024   Code   RO         9697    i.etharp_request    etharp.o
    0x08008c8c   0x08008c8c   0x000000a0   Code   RO         9698    i.etharp_send_ip    etharp.o
    0x08008d2c   0x08008d2c   0x00000048   Code   RO         9699    i.etharp_tmr        etharp.o
    0x08008d74   0x08008d74   0x00000110   Code   RO         9700    i.etharp_update_arp_entry  etharp.o
    0x08008e84   0x08008e84   0x00000118   Code   RO         9701    i.ethernet_input    etharp.o
    0x08008f9c   0x08008f9c   0x0000009c   Code   RO         9782    i.ethernetif_init   ethernetif.o
    0x08009038   0x08009038   0x00000078   Code   RO         9783    i.ethernetif_input  ethernetif.o
    0x080090b0   0x080090b0   0x00000198   Code   RO         7935    i.event_callback    sockets.o
    0x08009248   0x08009248   0x00000020   Code   RO         6754    i.find_env          ef_env.o
    0x08009268   0x08009268   0x00000038   Code   RO         6755    i.find_env_cb       ef_env.o
    0x080092a0   0x080092a0   0x00000058   Code   RO         6756    i.format_sector     ef_env.o
    0x080092f8   0x080092f8   0x00000024   Code   RO         2233    i.fputc             bsp_uart_fifo.o
    0x0800931c   0x0800931c   0x0000000e   Code   RO         6757    i.gc_check_cb       ef_env.o
    0x0800932a   0x0800932a   0x00000002   PAD
    0x0800932c   0x0800932c   0x00000048   Code   RO         6758    i.gc_collect        ef_env.o
    0x08009374   0x08009374   0x00000040   Code   RO          553    i.getFileBegin      iap.o
    0x080093b4   0x080093b4   0x00000094   Code   RO          554    i.getFileLength     iap.o
    0x08009448   0x08009448   0x000000c8   Code   RO         7130    i.get_fmt_enabled   elog.o
    0x08009510   0x08009510   0x00000040   Code   RO         6759    i.get_next_env_addr  ef_env.o
    0x08009550   0x08009550   0x00000034   Code   RO         6760    i.get_next_sector_addr  ef_env.o
    0x08009584   0x08009584   0x0000001c   Code   RO         7936    i.get_socket        sockets.o
    0x080095a0   0x080095a0   0x00000028   Code   RO         6761    i.get_status        ef_env.o
    0x080095c8   0x080095c8   0x00000098   Code   RO         6556    i.gpio_configuration  sfud_port.o
    0x08009660   0x08009660   0x00000258   Code   RO         6407    i.hardware_init     sfud.o
    0x080098b8   0x080098b8   0x00000008   Code   RO         9463    i.icmp_dest_unreach  icmp.o
    0x080098c0   0x080098c0   0x00000284   Code   RO         9464    i.icmp_input        icmp.o
    0x08009b44   0x08009b44   0x000000fc   Code   RO         9465    i.icmp_send_response  icmp.o
    0x08009c40   0x08009c40   0x00000008   Code   RO         9466    i.icmp_time_exceeded  icmp.o
    0x08009c48   0x08009c48   0x0000000c   Code   RO         9504    i.inet_chksum       inet_chksum.o
    0x08009c54   0x08009c54   0x00000048   Code   RO         9505    i.inet_chksum_pbuf  inet_chksum.o
    0x08009c9c   0x08009c9c   0x0000002e   Code   RO         9578    i.ip4_addr_isbroadcast  ip_addr.o
    0x08009cca   0x08009cca   0x00000002   PAD
    0x08009ccc   0x08009ccc   0x000001f8   Code   RO         9632    i.ip_frag           ip_frag.o
    0x08009ec4   0x08009ec4   0x00000084   Code   RO         9633    i.ip_frag_free_pbuf_custom_ref  ip_frag.o
    0x08009f48   0x08009f48   0x00000178   Code   RO         9539    i.ip_input          ip.o
    0x0800a0c0   0x0800a0c0   0x000000a8   Code   RO         9540    i.ip_output         ip.o
    0x0800a168   0x0800a168   0x00000164   Code   RO         9541    i.ip_output_if      ip.o
    0x0800a2cc   0x0800a2cc   0x000001a4   Code   RO         9634    i.ip_reass          ip_frag.o
    0x0800a470   0x0800a470   0x00000274   Code   RO         9635    i.ip_reass_chain_frag_into_datagram_and_validate  ip_frag.o
    0x0800a6e4   0x0800a6e4   0x000000ac   Code   RO         9636    i.ip_reass_dequeue_datagram  ip_frag.o
    0x0800a790   0x0800a790   0x00000184   Code   RO         9637    i.ip_reass_free_complete_datagram  ip_frag.o
    0x0800a914   0x0800a914   0x00000074   Code   RO         9638    i.ip_reass_remove_oldest_datagram  ip_frag.o
    0x0800a988   0x0800a988   0x0000001c   Code   RO         9277    i.ip_reass_timer    timers_1.o
    0x0800a9a4   0x0800a9a4   0x0000002c   Code   RO         9639    i.ip_reass_tmr      ip_frag.o
    0x0800a9d0   0x0800a9d0   0x00000040   Code   RO         9542    i.ip_route          ip.o
    0x0800aa10   0x0800aa10   0x00000014   Code   RO         9580    i.ipaddr_addr       ip_addr.o
    0x0800aa24   0x0800aa24   0x0000016c   Code   RO         9581    i.ipaddr_aton       ip_addr.o
    0x0800ab90   0x0800ab90   0x0000000c   Code   RO         9582    i.ipaddr_ntoa       ip_addr.o
    0x0800ab9c   0x0800ab9c   0x00000076   Code   RO         9583    i.ipaddr_ntoa_r     ip_addr.o
    0x0800ac12   0x0800ac12   0x00000002   PAD
    0x0800ac14   0x0800ac14   0x0000008c   Code   RO         9640    i.ipfrag_free_pbuf_custom  ip_frag.o
    0x0800aca0   0x0800aca0   0x00000094   Code   RO         9784    i.low_level_init    ethernetif.o
    0x0800ad34   0x0800ad34   0x00000034   Code   RO         9785    i.low_level_output  ethernetif.o
    0x0800ad68   0x0800ad68   0x000000d4   Code   RO         7939    i.lwip_close        sockets.o
    0x0800ae3c   0x0800ae3c   0x00000042   Code   RO         7251    i.lwip_comm_default_ip_set  lwip_comm.o
    0x0800ae7e   0x0800ae7e   0x00000002   PAD
    0x0800ae80   0x0800ae80   0x0000009c   Code   RO         7252    i.lwip_comm_init    lwip_comm.o
    0x0800af1c   0x0800af1c   0x00000024   Code   RO         7253    i.lwip_comm_mem_free  lwip_comm.o
    0x0800af40   0x0800af40   0x0000003c   Code   RO         7254    i.lwip_comm_mem_malloc  lwip_comm.o
    0x0800af7c   0x0800af7c   0x000000e0   Code   RO         7940    i.lwip_connect      sockets.o
    0x0800b05c   0x0800b05c   0x00000004   Code   RO         8206    i.lwip_htonl        def.o
    0x0800b060   0x0800b060   0x00000004   Code   RO         8207    i.lwip_htons        def.o
    0x0800b064   0x0800b064   0x0000002a   Code   RO         8492    i.lwip_init         init.o
    0x0800b08e   0x0800b08e   0x00000004   Code   RO         8208    i.lwip_ntohl        def.o
    0x0800b092   0x0800b092   0x00000004   Code   RO         8209    i.lwip_ntohs        def.o
    0x0800b096   0x0800b096   0x00000002   PAD
    0x0800b098   0x0800b098   0x0000000c   Code   RO         7255    i.lwip_pkt_handle   lwip_comm.o
    0x0800b0a4   0x0800b0a4   0x0000000e   Code   RO         7950    i.lwip_recv         sockets.o
    0x0800b0b2   0x0800b0b2   0x00000002   PAD
    0x0800b0b4   0x0800b0b4   0x00000264   Code   RO         7951    i.lwip_recvfrom     sockets.o
    0x0800b318   0x0800b318   0x00000078   Code   RO         7954    i.lwip_send         sockets.o
    0x0800b390   0x0800b390   0x00000168   Code   RO         7955    i.lwip_sendto       sockets.o
    0x0800b4f8   0x0800b4f8   0x0000006c   Code   RO         7959    i.lwip_socket       sockets.o
    0x0800b564   0x0800b564   0x00000002   Code   RO         7960    i.lwip_socket_init  sockets.o
    0x0800b566   0x0800b566   0x00000056   Code   RO         9508    i.lwip_standard_chksum  inet_chksum.o
    0x0800b5bc   0x0800b5bc   0x00000006   Code   RO         7961    i.lwip_write        sockets.o
    0x0800b5c2   0x0800b5c2   0x00000002   PAD
    0x0800b5c4   0x0800b5c4   0x00000074   Code   RO            4    i.main              main.o
    0x0800b638   0x0800b638   0x000000ac   Code   RO         6408    i.make_adress_byte_array  sfud.o
    0x0800b6e4   0x0800b6e4   0x00000130   Code   RO         8539    i.mem_free          mem.o
    0x0800b814   0x0800b814   0x000000bc   Code   RO         8540    i.mem_init          mem.o
    0x0800b8d0   0x0800b8d0   0x00000214   Code   RO         8541    i.mem_malloc        mem.o
    0x0800bae4   0x0800bae4   0x00000038   Code   RO         1671    i.mem_perused       malloc.o
    0x0800bb1c   0x0800bb1c   0x0000019c   Code   RO         8542    i.mem_trim          mem.o
    0x0800bcb8   0x0800bcb8   0x000000a8   Code   RO         8582    i.memp_free         memp.o
    0x0800bd60   0x0800bd60   0x00000006   Code   RO         8583    i.memp_get_memorysize  memp.o
    0x0800bd66   0x0800bd66   0x00000002   PAD
    0x0800bd68   0x0800bd68   0x0000005c   Code   RO         8584    i.memp_init         memp.o
    0x0800bdc4   0x0800bdc4   0x000000e4   Code   RO         8585    i.memp_malloc       memp.o
    0x0800bea8   0x0800bea8   0x000000bc   Code   RO         6762    i.move_env          ef_env.o
    0x0800bf64   0x0800bf64   0x0000002c   Code   RO         1675    i.myfree            malloc.o
    0x0800bf90   0x0800bf90   0x0000002c   Code   RO         1676    i.mymalloc          malloc.o
    0x0800bfbc   0x0800bfbc   0x00000058   Code   RO         1677    i.mymem_free        malloc.o
    0x0800c014   0x0800c014   0x0000003c   Code   RO         1678    i.mymem_init        malloc.o
    0x0800c050   0x0800c050   0x00000090   Code   RO         1679    i.mymem_malloc      malloc.o
    0x0800c0e0   0x0800c0e0   0x0000000c   Code   RO         1681    i.mymemset          malloc.o
    0x0800c0ec   0x0800c0ec   0x00000022   Code   RO         7831    i.netbuf_delete     netbuf.o
    0x0800c10e   0x0800c10e   0x00000002   PAD
    0x0800c110   0x0800c110   0x00000098   Code   RO         7833    i.netbuf_free       netbuf.o
    0x0800c1a8   0x0800c1a8   0x000000bc   Code   RO         7836    i.netbuf_ref        netbuf.o
    0x0800c264   0x0800c264   0x00000110   Code   RO         7665    i.netconn_alloc     api_msg.o
    0x0800c374   0x0800c374   0x000000c0   Code   RO         7506    i.netconn_connect   api_lib.o
    0x0800c434   0x0800c434   0x00000024   Code   RO         7507    i.netconn_delete    api_lib.o
    0x0800c458   0x0800c458   0x00000134   Code   RO         7666    i.netconn_drain     api_msg.o
    0x0800c58c   0x0800c58c   0x00000164   Code   RO         7667    i.netconn_free      api_msg.o
    0x0800c6f0   0x0800c6f0   0x00000118   Code   RO         7509    i.netconn_getaddr   api_lib.o
    0x0800c808   0x0800c808   0x0000010c   Code   RO         7510    i.netconn_gethostbyname  api_lib.o
    0x0800c914   0x0800c914   0x0000016c   Code   RO         7512    i.netconn_new_with_proto_and_callback  api_lib.o
    0x0800ca80   0x0800ca80   0x00000184   Code   RO         7513    i.netconn_recv      api_lib.o
    0x0800cc04   0x0800cc04   0x000001c8   Code   RO         7514    i.netconn_recv_data  api_lib.o
    0x0800cdcc   0x0800cdcc   0x00000098   Code   RO         7515    i.netconn_recv_tcp_pbuf  api_lib.o
    0x0800ce64   0x0800ce64   0x0000002c   Code   RO         7516    i.netconn_recved    api_lib.o
    0x0800ce90   0x0800ce90   0x000000bc   Code   RO         7517    i.netconn_send      api_lib.o
    0x0800cf4c   0x0800cf4c   0x0000013c   Code   RO         7520    i.netconn_write_partly  api_lib.o
    0x0800d088   0x0800d088   0x000000d4   Code   RO         8634    i.netif_add         netif.o
    0x0800d15c   0x0800d15c   0x00000002   Code   RO         8636    i.netif_init        netif.o
    0x0800d15e   0x0800d15e   0x00000020   Code   RO         8638    i.netif_set_addr    netif.o
    0x0800d17e   0x0800d17e   0x00000002   PAD
    0x0800d180   0x0800d180   0x0000000c   Code   RO         8639    i.netif_set_default  netif.o
    0x0800d18c   0x0800d18c   0x0000001a   Code   RO         8640    i.netif_set_down    netif.o
    0x0800d1a6   0x0800d1a6   0x00000008   Code   RO         8641    i.netif_set_gw      netif.o
    0x0800d1ae   0x0800d1ae   0x00000002   PAD
    0x0800d1b0   0x0800d1b0   0x00000068   Code   RO         8642    i.netif_set_ipaddr  netif.o
    0x0800d218   0x0800d218   0x00000008   Code   RO         8643    i.netif_set_link_callback  netif.o
    0x0800d220   0x0800d220   0x0000001a   Code   RO         8644    i.netif_set_link_down  netif.o
    0x0800d23a   0x0800d23a   0x00000042   Code   RO         8645    i.netif_set_link_up  netif.o
    0x0800d27c   0x0800d27c   0x00000008   Code   RO         8646    i.netif_set_netmask  netif.o
    0x0800d284   0x0800d284   0x00000020   Code   RO         8647    i.netif_set_up      netif.o
    0x0800d2a4   0x0800d2a4   0x00000034   Code   RO         6763    i.new_env           ef_env.o
    0x0800d2d8   0x0800d2d8   0x00000218   Code   RO         6409    i.page256_or_1_byte_write  sfud.o
    0x0800d4f0   0x0800d4f0   0x0000035c   Code   RO         8730    i.pbuf_alloc        pbuf.o
    0x0800d84c   0x0800d84c   0x000000d8   Code   RO         8731    i.pbuf_alloced_custom  pbuf.o
    0x0800d924   0x0800d924   0x00000128   Code   RO         8732    i.pbuf_cat          pbuf.o
    0x0800da4c   0x0800da4c   0x00000012   Code   RO         8733    i.pbuf_chain        pbuf.o
    0x0800da5e   0x0800da5e   0x00000012   Code   RO         8734    i.pbuf_clen         pbuf.o
    0x0800da70   0x0800da70   0x000001e0   Code   RO         8736    i.pbuf_copy         pbuf.o
    0x0800dc50   0x0800dc50   0x00000114   Code   RO         8737    i.pbuf_copy_partial  pbuf.o
    0x0800dd64   0x0800dd64   0x0000016c   Code   RO         8739    i.pbuf_free         pbuf.o
    0x0800ded0   0x0800ded0   0x00000118   Code   RO         8741    i.pbuf_header       pbuf.o
    0x0800dfe8   0x0800dfe8   0x00000188   Code   RO         8744    i.pbuf_realloc      pbuf.o
    0x0800e170   0x0800e170   0x0000001a   Code   RO         8745    i.pbuf_ref          pbuf.o
    0x0800e18a   0x0800e18a   0x00000002   PAD
    0x0800e18c   0x0800e18c   0x00000020   Code   RO         5788    i.pcTaskGetName     tasks.o
    0x0800e1ac   0x0800e1ac   0x00000108   Code   RO         7668    i.pcb_new           api_msg.o
    0x0800e2b4   0x0800e2b4   0x0000016c   Code   RO         8543    i.plug_holes        mem.o
    0x0800e420   0x0800e420   0x000000cc   Code   RO         7669    i.poll_tcp          api_msg.o
    0x0800e4ec   0x0800e4ec   0x00000070   Code   RO         5789    i.prvAddCurrentTaskToDelayedList  tasks.o
    0x0800e55c   0x0800e55c   0x000000d4   Code   RO         5790    i.prvAddNewTaskToReadyList  tasks.o
    0x0800e630   0x0800e630   0x00000050   Code   RO         6142    i.prvCheckForValidListAndQueue  timers.o
    0x0800e680   0x0800e680   0x00000026   Code   RO         5441    i.prvCopyDataFromQueue  queue.o
    0x0800e6a6   0x0800e6a6   0x0000006c   Code   RO         5442    i.prvCopyDataToQueue  queue.o
    0x0800e712   0x0800e712   0x00000014   Code   RO         5791    i.prvDeleteTCB      tasks.o
    0x0800e726   0x0800e726   0x00000002   PAD
    0x0800e728   0x0800e728   0x0000004c   Code   RO         6355    i.prvHeapInit       heap_4.o
    0x0800e774   0x0800e774   0x0000005c   Code   RO         5792    i.prvIdleTask       tasks.o
    0x0800e7d0   0x0800e7d0   0x000000ae   Code   RO         5793    i.prvInitialiseNewTask  tasks.o
    0x0800e87e   0x0800e87e   0x00000002   PAD
    0x0800e880   0x0800e880   0x0000004c   Code   RO         6356    i.prvInsertBlockIntoFreeList  heap_4.o
    0x0800e8cc   0x0800e8cc   0x00000038   Code   RO         6143    i.prvInsertTimerInActiveList  timers.o
    0x0800e904   0x0800e904   0x0000001a   Code   RO         5443    i.prvIsQueueEmpty   queue.o
    0x0800e91e   0x0800e91e   0x00000002   PAD
    0x0800e920   0x0800e920   0x000000f0   Code   RO         6144    i.prvProcessReceivedCommands  timers.o
    0x0800ea10   0x0800ea10   0x000000c0   Code   RO         6145    i.prvProcessTimerOrBlockTask  timers.o
    0x0800ead0   0x0800ead0   0x00000020   Code   RO         5795    i.prvResetNextTaskUnblockTime  tasks.o
    0x0800eaf0   0x0800eaf0   0x00000028   Code   RO         6146    i.prvSampleTimeNow  timers.o
    0x0800eb18   0x0800eb18   0x0000006c   Code   RO         6147    i.prvSwitchTimerLists  timers.o
    0x0800eb84   0x0800eb84   0x00000028   Code   RO         6279    i.prvTaskExitError  port.o
    0x0800ebac   0x0800ebac   0x00000028   Code   RO         6148    i.prvTimerTask      timers.o
    0x0800ebd4   0x0800ebd4   0x0000006a   Code   RO         5444    i.prvUnlockQueue    queue.o
    0x0800ec3e   0x0800ec3e   0x00000002   PAD
    0x0800ec40   0x0800ec40   0x000000d8   Code   RO         6357    i.pvPortMalloc      heap_4.o
    0x0800ed18   0x0800ed18   0x00000018   Code   RO         5798    i.pvTaskIncrementMutexHeldCount  tasks.o
    0x0800ed30   0x0800ed30   0x0000002c   Code   RO         6280    i.pxPortInitialiseStack  port.o
    0x0800ed5c   0x0800ed5c   0x0000000a   Code   RO         8847    i.raw_connect       raw.o
    0x0800ed66   0x0800ed66   0x00000002   PAD
    0x0800ed68   0x0800ed68   0x00000074   Code   RO         8848    i.raw_input         raw.o
    0x0800eddc   0x0800eddc   0x0000002c   Code   RO         8849    i.raw_new           raw.o
    0x0800ee08   0x0800ee08   0x00000006   Code   RO         8850    i.raw_recv          raw.o
    0x0800ee0e   0x0800ee0e   0x00000002   PAD
    0x0800ee10   0x0800ee10   0x0000002c   Code   RO         8851    i.raw_remove        raw.o
    0x0800ee3c   0x0800ee3c   0x00000006   Code   RO         8852    i.raw_send          raw.o
    0x0800ee42   0x0800ee42   0x00000002   PAD
    0x0800ee44   0x0800ee44   0x00000118   Code   RO         8853    i.raw_sendto        raw.o
    0x0800ef5c   0x0800ef5c   0x000000dc   Code   RO         6765    i.read_env          ef_env.o
    0x0800f038   0x0800f038   0x000000a4   Code   RO         6410    i.read_jedec_id     sfud.o
    0x0800f0dc   0x0800f0dc   0x000000f8   Code   RO         6766    i.read_sector_meta_data  ef_env.o
    0x0800f1d4   0x0800f1d4   0x00000020   Code   RO         6767    i.read_status       ef_env.o
    0x0800f1f4   0x0800f1f4   0x00000078   Code   RO         7670    i.recv_raw          api_msg.o
    0x0800f26c   0x0800f26c   0x00000158   Code   RO         7671    i.recv_tcp          api_msg.o
    0x0800f3c4   0x0800f3c4   0x00000158   Code   RO         7672    i.recv_udp          api_msg.o
    0x0800f51c   0x0800f51c   0x00000118   Code   RO         6411    i.reset             sfud.o
    0x0800f634   0x0800f634   0x00000006   Code   RO          891    i.retry_delay_100us  delay.o
    0x0800f63a   0x0800f63a   0x00000056   Code   RO         6768    i.sector_iterator   ef_env.o
    0x0800f690   0x0800f690   0x00000022   Code   RO         6769    i.sector_statistics_cb  ef_env.o
    0x0800f6b2   0x0800f6b2   0x00000002   PAD
    0x0800f6b4   0x0800f6b4   0x000000cc   Code   RO         7673    i.sent_tcp          api_msg.o
    0x0800f780   0x0800f780   0x00000124   Code   RO         6412    i.set_4_byte_address_mode  sfud.o
    0x0800f8a4   0x0800f8a4   0x00000088   Code   RO         6770    i.set_env           ef_env.o
    0x0800f92c   0x0800f92c   0x0000002c   Code   RO         6771    i.set_status        ef_env.o
    0x0800f958   0x0800f958   0x000000d0   Code   RO         6413    i.set_write_enabled  sfud.o
    0x0800fa28   0x0800fa28   0x00000044   Code   RO         7674    i.setup_tcp         api_msg.o
    0x0800fa6c   0x0800fa6c   0x00000140   Code   RO         6414    i.sfud_chip_erase   sfud.o
    0x0800fbac   0x0800fbac   0x000000e8   Code   RO         6415    i.sfud_device_init  sfud.o
    0x0800fc94   0x0800fc94   0x000001d0   Code   RO         6416    i.sfud_erase        sfud.o
    0x0800fe64   0x0800fe64   0x00000008   Code   RO         6420    i.sfud_get_device_table  sfud.o
    0x0800fe6c   0x0800fe6c   0x000000a4   Code   RO         6421    i.sfud_init         sfud.o
    0x0800ff10   0x0800ff10   0x00000044   Code   RO         6557    i.sfud_log_debug    sfud_port.o
    0x0800ff54   0x0800ff54   0x00000038   Code   RO         6558    i.sfud_log_info     sfud_port.o
    0x0800ff8c   0x0800ff8c   0x00000144   Code   RO         6422    i.sfud_read         sfud.o
    0x080100d0   0x080100d0   0x00000098   Code   RO         6423    i.sfud_read_status  sfud.o
    0x08010168   0x08010168   0x000000cc   Code   RO         6559    i.sfud_spi_port_init  sfud_port.o
    0x08010234   0x08010234   0x0000002a   Code   RO         6424    i.sfud_write        sfud.o
    0x0801025e   0x0801025e   0x00000002   PAD
    0x08010260   0x08010260   0x000000e0   Code   RO         6425    i.sfud_write_status  sfud.o
    0x08010340   0x08010340   0x00000004   Code   RO         6560    i.spi_lock          sfud_port.o
    0x08010344   0x08010344   0x00000004   Code   RO         6561    i.spi_unlock        sfud_port.o
    0x08010348   0x08010348   0x0000012c   Code   RO         6562    i.spi_write_read    sfud_port.o
    0x08010474   0x08010474   0x0000003c   Code   RO          687    i.str2int           tool.o
    0x080104b0   0x080104b0   0x0000004c   Code   RO          688    i.strstr_t          tool.o
    0x080104fc   0x080104fc   0x000000a0   Code   RO         9835    i.sys_arch_mbox_fetch  sys_arch.o
    0x0801059c   0x0801059c   0x0000002c   Code   RO         9836    i.sys_arch_mbox_tryfetch  sys_arch.o
    0x080105c8   0x080105c8   0x0000006c   Code   RO         9837    i.sys_arch_sem_wait  sys_arch.o
    0x08010634   0x08010634   0x00000002   Code   RO         9838    i.sys_init          sys_arch.o
    0x08010636   0x08010636   0x00000010   Code   RO         9839    i.sys_mbox_free     sys_arch.o
    0x08010646   0x08010646   0x00000002   PAD
    0x08010648   0x08010648   0x00000088   Code   RO         9840    i.sys_mbox_new      sys_arch.o
    0x080106d0   0x080106d0   0x00000060   Code   RO         9841    i.sys_mbox_post     sys_arch.o
    0x08010730   0x08010730   0x00000006   Code   RO         9842    i.sys_mbox_set_invalid  sys_arch.o
    0x08010736   0x08010736   0x00000002   PAD
    0x08010738   0x08010738   0x00000060   Code   RO         9843    i.sys_mbox_trypost  sys_arch.o
    0x08010798   0x08010798   0x0000000a   Code   RO         9844    i.sys_mbox_valid    sys_arch.o
    0x080107a2   0x080107a2   0x00000010   Code   RO         9846    i.sys_sem_free      sys_arch.o
    0x080107b2   0x080107b2   0x00000018   Code   RO         9847    i.sys_sem_new       sys_arch.o
    0x080107ca   0x080107ca   0x00000006   Code   RO         9848    i.sys_sem_set_invalid  sys_arch.o
    0x080107d0   0x080107d0   0x00000016   Code   RO         9849    i.sys_sem_signal    sys_arch.o
    0x080107e6   0x080107e6   0x0000000a   Code   RO         9850    i.sys_sem_valid     sys_arch.o
    0x080107f0   0x080107f0   0x00000030   Code   RO         9851    i.sys_thread_new    sys_arch.o
    0x08010820   0x08010820   0x00000100   Code   RO         9278    i.sys_timeout       timers_1.o
    0x08010920   0x08010920   0x00000054   Code   RO         9279    i.sys_timeouts_init  timers_1.o
    0x08010974   0x08010974   0x00000064   Code   RO         9280    i.sys_timeouts_mbox_fetch  timers_1.o
    0x080109d8   0x080109d8   0x00000048   Code   RO         9281    i.sys_untimeout     timers_1.o
    0x08010a20   0x08010a20   0x00000128   Code   RO         8908    i.tcp_abandon       tcp.o
    0x08010b48   0x08010b48   0x00000006   Code   RO         8909    i.tcp_abort         tcp.o
    0x08010b4e   0x08010b4e   0x00000004   Code   RO         8910    i.tcp_accept        tcp.o
    0x08010b52   0x08010b52   0x00000002   PAD
    0x08010b54   0x08010b54   0x000000f8   Code   RO         8912    i.tcp_alloc         tcp.o
    0x08010c4c   0x08010c4c   0x00000004   Code   RO         8913    i.tcp_arg           tcp.o
    0x08010c50   0x08010c50   0x00000014   Code   RO         8915    i.tcp_close         tcp.o
    0x08010c64   0x08010c64   0x000001a4   Code   RO         8916    i.tcp_close_shutdown  tcp.o
    0x08010e08   0x08010e08   0x0000018c   Code   RO         8917    i.tcp_connect       tcp.o
    0x08010f94   0x08010f94   0x0000009c   Code   RO         9175    i.tcp_create_segment  tcp_out.o
    0x08011030   0x08011030   0x00000020   Code   RO         8919    i.tcp_eff_send_mss  tcp.o
    0x08011050   0x08011050   0x00000220   Code   RO         9176    i.tcp_enqueue_flags  tcp_out.o
    0x08011270   0x08011270   0x00000098   Code   RO         8920    i.tcp_err           tcp.o
    0x08011308   0x08011308   0x0000005c   Code   RO         8921    i.tcp_fasttmr       tcp.o
    0x08011364   0x08011364   0x00000002   Code   RO         8922    i.tcp_init          tcp.o
    0x08011366   0x08011366   0x00000002   PAD
    0x08011368   0x08011368   0x0000050c   Code   RO         9124    i.tcp_input         tcp_in.o
    0x08011874   0x08011874   0x0000003c   Code   RO         9177    i.tcp_keepalive     tcp_out.o
    0x080118b0   0x080118b0   0x000000e4   Code   RO         9125    i.tcp_listen_input  tcp_in.o
    0x08011994   0x08011994   0x00000006   Code   RO         8924    i.tcp_new           tcp.o
    0x0801199a   0x0801199a   0x00000002   PAD
    0x0801199c   0x0801199c   0x0000005c   Code   RO         8925    i.tcp_new_port      tcp.o
    0x080119f8   0x080119f8   0x00000010   Code   RO         8926    i.tcp_next_iss      tcp.o
    0x08011a08   0x08011a08   0x0000024c   Code   RO         9178    i.tcp_output        tcp_out.o
    0x08011c54   0x08011c54   0x00000104   Code   RO         9179    i.tcp_output_alloc_header  tcp_out.o
    0x08011d58   0x08011d58   0x000000b0   Code   RO         9180    i.tcp_output_segment  tcp_out.o
    0x08011e08   0x08011e08   0x00000080   Code   RO         9126    i.tcp_parseopt      tcp_in.o
    0x08011e88   0x08011e88   0x000000d0   Code   RO         9181    i.tcp_pbuf_prealloc  tcp_out.o
    0x08011f58   0x08011f58   0x0000003a   Code   RO         8927    i.tcp_pcb_purge     tcp.o
    0x08011f92   0x08011f92   0x00000002   PAD
    0x08011f94   0x08011f94   0x00000108   Code   RO         8928    i.tcp_pcb_remove    tcp.o
    0x0801209c   0x0801209c   0x00000098   Code   RO         8929    i.tcp_poll          tcp.o
    0x08012134   0x08012134   0x00000420   Code   RO         9127    i.tcp_process       tcp_in.o
    0x08012554   0x08012554   0x00000064   Code   RO         8930    i.tcp_process_refused_data  tcp.o
    0x080125b8   0x080125b8   0x0000069c   Code   RO         9128    i.tcp_receive       tcp_in.o
    0x08012c54   0x08012c54   0x00000098   Code   RO         8931    i.tcp_recv          tcp.o
    0x08012cec   0x08012cec   0x00000024   Code   RO         8932    i.tcp_recv_null     tcp.o
    0x08012d10   0x08012d10   0x00000104   Code   RO         8933    i.tcp_recved        tcp.o
    0x08012e14   0x08012e14   0x00000052   Code   RO         9182    i.tcp_rexmit        tcp_out.o
    0x08012e66   0x08012e66   0x00000058   Code   RO         9183    i.tcp_rexmit_fast   tcp_out.o
    0x08012ebe   0x08012ebe   0x0000002e   Code   RO         9184    i.tcp_rexmit_rto    tcp_out.o
    0x08012eec   0x08012eec   0x00000110   Code   RO         9185    i.tcp_rst           tcp_out.o
    0x08012ffc   0x08012ffc   0x0000001c   Code   RO         8934    i.tcp_seg_free      tcp.o
    0x08013018   0x08013018   0x00000012   Code   RO         8935    i.tcp_segs_free     tcp.o
    0x0801302a   0x0801302a   0x00000048   Code   RO         9186    i.tcp_send_empty_ack  tcp_out.o
    0x08013072   0x08013072   0x00000046   Code   RO         9187    i.tcp_send_fin      tcp_out.o
    0x080130b8   0x080130b8   0x00000098   Code   RO         8936    i.tcp_sent          tcp.o
    0x08013150   0x08013150   0x0000004e   Code   RO         8938    i.tcp_shutdown      tcp.o
    0x0801319e   0x0801319e   0x00000002   PAD
    0x080131a0   0x080131a0   0x000004b4   Code   RO         8939    i.tcp_slowtmr       tcp.o
    0x08013654   0x08013654   0x00000034   Code   RO         9282    i.tcp_timer_needed  timers_1.o
    0x08013688   0x08013688   0x0000006c   Code   RO         9129    i.tcp_timewait_input  tcp_in.o
    0x080136f4   0x080136f4   0x00000020   Code   RO         8940    i.tcp_tmr           tcp.o
    0x08013714   0x08013714   0x000000b8   Code   RO         8941    i.tcp_update_rcv_ann_wnd  tcp.o
    0x080137cc   0x080137cc   0x000005f8   Code   RO         9188    i.tcp_write         tcp_out.o
    0x08013dc4   0x08013dc4   0x00000134   Code   RO         9189    i.tcp_write_checks  tcp_out.o
    0x08013ef8   0x08013ef8   0x00000092   Code   RO         9190    i.tcp_zero_window_probe  tcp_out.o
    0x08013f8a   0x08013f8a   0x00000002   PAD
    0x08013f8c   0x08013f8c   0x00000040   Code   RO         8113    i.tcpip_apimsg      tcpip.o
    0x08013fcc   0x08013fcc   0x0000005c   Code   RO         8114    i.tcpip_callback_with_block  tcpip.o
    0x08014028   0x08014028   0x000000cc   Code   RO         8117    i.tcpip_init        tcpip.o
    0x080140f4   0x080140f4   0x0000004c   Code   RO         8118    i.tcpip_input       tcpip.o
    0x08014140   0x08014140   0x00000038   Code   RO         9283    i.tcpip_tcp_timer   timers_1.o
    0x08014178   0x08014178   0x00000100   Code   RO         8119    i.tcpip_thread      tcpip.o
    0x08014278   0x08014278   0x00000120   Code   RO         9368    i.udp_bind          udp.o
    0x08014398   0x08014398   0x0000004c   Code   RO         9369    i.udp_connect       udp.o
    0x080143e4   0x080143e4   0x00000002   Code   RO         9371    i.udp_init          udp.o
    0x080143e6   0x080143e6   0x00000002   PAD
    0x080143e8   0x080143e8   0x0000020c   Code   RO         9372    i.udp_input         udp.o
    0x080145f4   0x080145f4   0x0000001a   Code   RO         9373    i.udp_new           udp.o
    0x0801460e   0x0801460e   0x00000006   Code   RO         9374    i.udp_recv          udp.o
    0x08014614   0x08014614   0x0000002c   Code   RO         9375    i.udp_remove        udp.o
    0x08014640   0x08014640   0x00000008   Code   RO         9376    i.udp_send          udp.o
    0x08014648   0x08014648   0x00000028   Code   RO         9377    i.udp_sendto        udp.o
    0x08014670   0x08014670   0x0000014c   Code   RO         9378    i.udp_sendto_if     udp.o
    0x080147bc   0x080147bc   0x00000068   Code   RO         5799    i.ulTaskNotifyTake  tasks.o
    0x08014824   0x08014824   0x0000004c   Code   RO         6772    i.update_sec_status  ef_env.o
    0x08014870   0x08014870   0x00000026   Code   RO         5404    i.uxListRemove      list.o
    0x08014896   0x08014896   0x00000016   Code   RO         5405    i.vListInitialise   list.o
    0x080148ac   0x080148ac   0x00000006   Code   RO         5406    i.vListInitialiseItem  list.o
    0x080148b2   0x080148b2   0x00000030   Code   RO         5407    i.vListInsert       list.o
    0x080148e2   0x080148e2   0x00000018   Code   RO         5408    i.vListInsertEnd    list.o
    0x080148fa   0x080148fa   0x00000014   Code   RO         7404    i.vLwipComTask      lwipcom_task.o
    0x0801490e   0x0801490e   0x00000002   PAD
    0x08014910   0x08014910   0x000002c0   Code   RO         7469    i.vLwipDHCPTask     lwipdhcp_task.o
    0x08014bd0   0x08014bd0   0x00000040   Code   RO         6282    i.vPortEnterCritical  port.o
    0x08014c10   0x08014c10   0x00000028   Code   RO         6283    i.vPortExitCritical  port.o
    0x08014c38   0x08014c38   0x0000005c   Code   RO         6358    i.vPortFree         heap_4.o
    0x08014c94   0x08014c94   0x00000024   Code   RO         6284    i.vPortSetupTimerInterrupt  port.o
    0x08014cb8   0x08014cb8   0x00000054   Code   RO         6285    i.vPortValidateInterruptPriority  port.o
    0x08014d0c   0x08014d0c   0x00000024   Code   RO         5450    i.vQueueAddToRegistry  queue.o
    0x08014d30   0x08014d30   0x00000024   Code   RO         5451    i.vQueueDelete      queue.o
    0x08014d54   0x08014d54   0x00000028   Code   RO         5453    i.vQueueUnregisterQueue  queue.o
    0x08014d7c   0x08014d7c   0x00000044   Code   RO         5454    i.vQueueWaitForMessageRestricted  queue.o
    0x08014dc0   0x08014dc0   0x0000004c   Code   RO         5806    i.vTaskDelay        tasks.o
    0x08014e0c   0x08014e0c   0x00000010   Code   RO         5812    i.vTaskInternalSetTimeOutState  tasks.o
    0x08014e1c   0x08014e1c   0x0000000c   Code   RO         5814    i.vTaskMissedYield  tasks.o
    0x08014e28   0x08014e28   0x0000013c   Code   RO            5    i.vTaskMqttTest     main.o
    0x08014f64   0x08014f64   0x00000030   Code   RO         5816    i.vTaskPlaceOnEventList  tasks.o
    0x08014f94   0x08014f94   0x00000038   Code   RO         5817    i.vTaskPlaceOnEventListRestricted  tasks.o
    0x08014fcc   0x08014fcc   0x000000ac   Code   RO         5819    i.vTaskPriorityDisinheritAfterTimeout  tasks.o
    0x08015078   0x08015078   0x00000078   Code   RO         5825    i.vTaskStartScheduler  tasks.o
    0x080150f0   0x080150f0   0x00000010   Code   RO         5827    i.vTaskSuspendAll   tasks.o
    0x08015100   0x08015100   0x00000078   Code   RO         5828    i.vTaskSwitchContext  tasks.o
    0x08015178   0x08015178   0x000000cc   Code   RO         6426    i.wait_busy         sfud.o
    0x08015244   0x08015244   0x00000032   Code   RO         6773    i.write_status      ef_env.o
    0x08015276   0x08015276   0x00000002   PAD
    0x08015278   0x08015278   0x000000f4   Code   RO         6286    i.xPortStartScheduler  port.o
    0x0801536c   0x0801536c   0x0000002c   Code   RO         6287    i.xPortSysTickHandler  port.o
    0x08015398   0x08015398   0x0000003a   Code   RO         5455    i.xQueueCreateCountingSemaphore  queue.o
    0x080153d2   0x080153d2   0x00000052   Code   RO         5457    i.xQueueGenericCreate  queue.o
    0x08015424   0x08015424   0x00000088   Code   RO         5458    i.xQueueGenericReset  queue.o
    0x080154ac   0x080154ac   0x00000164   Code   RO         5459    i.xQueueGenericSend  queue.o
    0x08015610   0x08015610   0x000000bc   Code   RO         5460    i.xQueueGenericSendFromISR  queue.o
    0x080156cc   0x080156cc   0x00000138   Code   RO         5467    i.xQueueReceive     queue.o
    0x08015804   0x08015804   0x00000178   Code   RO         5469    i.xQueueSemaphoreTake  queue.o
    0x0801597c   0x0801597c   0x00000074   Code   RO         5829    i.xTaskCheckForTimeOut  tasks.o
    0x080159f0   0x080159f0   0x00000056   Code   RO         5830    i.xTaskCreate       tasks.o
    0x08015a46   0x08015a46   0x00000002   PAD
    0x08015a48   0x08015a48   0x000000e0   Code   RO         5831    i.xTaskGenericNotify  tasks.o
    0x08015b28   0x08015b28   0x0000001c   Code   RO         5834    i.xTaskGetSchedulerState  tasks.o
    0x08015b44   0x08015b44   0x0000000c   Code   RO         5835    i.xTaskGetTickCount  tasks.o
    0x08015b50   0x08015b50   0x000000c8   Code   RO         5837    i.xTaskIncrementTick  tasks.o
    0x08015c18   0x08015c18   0x00000098   Code   RO         5840    i.xTaskPriorityDisinherit  tasks.o
    0x08015cb0   0x08015cb0   0x00000094   Code   RO         5841    i.xTaskPriorityInherit  tasks.o
    0x08015d44   0x08015d44   0x00000074   Code   RO         5842    i.xTaskRemoveFromEventList  tasks.o
    0x08015db8   0x08015db8   0x000000c4   Code   RO         5843    i.xTaskResumeAll    tasks.o
    0x08015e7c   0x08015e7c   0x00000048   Code   RO         6155    i.xTimerCreateTimerTask  timers.o
    0x08015ec4   0x08015ec4   0x0000005c   Code   RO         6156    i.xTimerGenericCommand  timers.o
    0x08015f20   0x08015f20   0x0000002c   Code   RO        10814    locale$$code        c_w.l(lc_ctype_c.o)
    0x08015f4c   0x08015f4c   0x0000002c   Code   RO        10817    locale$$code        c_w.l(lc_numeric_c.o)
    0x08015f78   0x08015f78   0x0000000a   Code   RO        10825    x$fpl$fpinit        fz_wm.l(fpinit.o)
    0x08015f82   0x08015f82   0x00000004   Code   RO        10597    x$fpl$printf1       fz_wm.l(printf1.o)
    0x08015f86   0x08015f86   0x00000004   Code   RO        10728    x$fpl$printf2       fz_wm.l(printf2.o)
    0x08015f8a   0x08015f8a   0x00000000   Code   RO        10734    x$fpl$usenofp       fz_wm.l(usenofp.o)
    0x08015f8a   0x08015f8a   0x00000209   Data   RO          690    .constdata          tool.o
    0x08016193   0x08016193   0x00000001   PAD
    0x08016194   0x08016194   0x00000024   Data   RO         1689    .constdata          malloc.o
    0x080161b8   0x080161b8   0x000002ff   Data   RO         6428    .constdata          sfud.o
    0x080164b7   0x080164b7   0x0000000f   Data   RO         6564    .constdata          sfud_port.o
    0x080164c6   0x080164c6   0x00000002   PAD
    0x080164c8   0x080164c8   0x00000400   Data   RO         6637    .constdata          ef_utils.o
    0x080168c8   0x080168c8   0x00000054   Data   RO         6662    .constdata          ef_port.o
    0x0801691c   0x0801691c   0x00000023   Data   RO         7088    .constdata          elog_utils.o
    0x0801693f   0x0801693f   0x00000081   Data   RO         7132    .constdata          elog.o
    0x080169c0   0x080169c0   0x00000040   Data   RO         7964    .constdata          sockets.o
    0x08016a00   0x08016a00   0x0000003c   Data   RO         8587    .constdata          memp.o
    0x08016a3c   0x08016a3c   0x00000054   Data   RO         8942    .constdata          tcp.o
    0x08016a90   0x08016a90   0x00000004   Data   RO         9585    .constdata          ip_addr.o
    0x08016a94   0x08016a94   0x00000004   Data   RO         9586    .constdata          ip_addr.o
    0x08016a98   0x08016a98   0x0000000c   Data   RO         9703    .constdata          etharp.o
    0x08016aa4   0x08016aa4   0x00000004   Data   RO         9852    .constdata          sys_arch.o
    0x08016aa8   0x08016aa8   0x00000028   Data   RO        10493    .constdata          c_w.l(_printf_hex_int_ll_ptr.o)
    0x08016ad0   0x08016ad0   0x00000011   Data   RO        10513    .constdata          c_w.l(__printf_flags_ss_wp.o)
    0x08016ae1   0x08016ae1   0x00000003   PAD
    0x08016ae4   0x08016ae4   0x00000008   Data   RO        10638    .constdata          c_w.l(_printf_wctomb.o)
    0x08016aec   0x08016aec   0x00000026   Data   RO        10770    .constdata          c_w.l(_printf_fp_hex.o)
    0x08016b12   0x08016b12   0x00000002   PAD
    0x08016b14   0x08016b14   0x00000094   Data   RO        10783    .constdata          c_w.l(bigflt0.o)
    0x08016ba8   0x08016ba8   0x000001f1   Data   RO         6429    .conststring        sfud.o
    0x08016d99   0x08016d99   0x00000003   PAD
    0x08016d9c   0x08016d9c   0x0000004a   Data   RO         6621    .conststring        easyflash.o
    0x08016de6   0x08016de6   0x00000002   PAD
    0x08016de8   0x08016de8   0x00000076   Data   RO         6663    .conststring        ef_port.o
    0x08016e5e   0x08016e5e   0x00000002   PAD
    0x08016e60   0x08016e60   0x0000004c   Data   RO         6775    .conststring        ef_env.o
    0x08016eac   0x08016eac   0x00000047   Data   RO         7133    .conststring        elog.o
    0x08016ef3   0x08016ef3   0x00000001   PAD
    0x08016ef4   0x08016ef4   0x0000000d   Data   RO         7405    .conststring        lwipcom_task.o
    0x08016f01   0x08016f01   0x00000003   PAD
    0x08016f04   0x08016f04   0x0000000e   Data   RO         7470    .conststring        lwipdhcp_task.o
    0x08016f12   0x08016f12   0x00000002   PAD
    0x08016f14   0x08016f14   0x0000008c   Data   RO         8266    .conststring        dhcp.o
    0x08016fa0   0x08016fa0   0x00000075   Data   RO         8943    .conststring        tcp.o
    0x08017015   0x08017015   0x00000003   PAD
    0x08017018   0x08017018   0x00000055   Data   RO         9191    .conststring        tcp_out.o
    0x0801706d   0x0801706d   0x00000003   PAD
    0x08017070   0x08017070   0x00000044   Data   RO         9704    .conststring        etharp.o
    0x080170b4   0x080170b4   0x00000020   Data   RO        10976    Region$$Table       anon$$obj.o
    0x080170d4   0x080170d4   0x00000110   Data   RO        10813    locale$$data        c_w.l(lc_ctype_c.o)
    0x080171e4   0x080171e4   0x0000001c   Data   RO        10816    locale$$data        c_w.l(lc_numeric_c.o)


    Execution Region RW_IRAM1 (Exec base: 0x20000000, Load base: 0x08017200, Size: 0x0001d9f8, Max: 0x00020000, ABSOLUTE, COMPRESSED[0x00000094])

    Exec Addr    Load Addr    Size         Type   Attr      Idx    E Section Name        Object

    0x20000000   COMPRESSED   0x00000004   Data   RW            6    .data               main.o
    0x20000004   COMPRESSED   0x00000014   Data   RW          440    .data               system_stm32f4xx.o
    0x20000018   COMPRESSED   0x00000014   Data   RW          556    .data               iap.o
    0x2000002c   COMPRESSED   0x00000004   Data   RW          892    .data               delay.o
    0x20000030   COMPRESSED   0x00000024   Data   RW         1690    .data               malloc.o
    0x20000054   COMPRESSED   0x0000000c   Data   RW         2058    .data               bsp_time.o
    0x20000060   COMPRESSED   0x00000005   Data   RW         2155    .data               bsp_wiegand.o
    0x20000065   COMPRESSED   0x00000003   PAD
    0x20000068   COMPRESSED   0x00000004   Data   RW         2235    .data               bsp_uart_fifo.o
    0x2000006c   COMPRESSED   0x00000010   Data   RW         2414    .data               lan8720.o
    0x2000007c   COMPRESSED   0x00000010   Data   RW         2984    .data               stm32f4xx_rcc.o
    0x2000008c   COMPRESSED   0x0000000c   Data   RW         4862    .data               stm32f4x7_eth.o
    0x20000098   COMPRESSED   0x00000044   Data   RW         5846    .data               tasks.o
    0x200000dc   COMPRESSED   0x00000014   Data   RW         6162    .data               timers.o
    0x200000f0   COMPRESSED   0x0000000c   Data   RW         6288    .data               port.o
    0x200000fc   COMPRESSED   0x00000018   Data   RW         6363    .data               heap_4.o
    0x20000114   COMPRESSED   0x00000044   Data   RW         6430    .data               sfud.o
    0x20000158   COMPRESSED   0x0000000c   Data   RW         6565    .data               sfud_port.o
    0x20000164   COMPRESSED   0x00000010   Data   RW         6776    .data               ef_env.o
    0x20000174   COMPRESSED   0x00000004   Data   RW         6974    .data               ef_iap.o
    0x20000178   COMPRESSED   0x00000034   Data   RW         7134    .data               elog.o
    0x200001ac   COMPRESSED   0x00000001   Data   RW         7257    .data               lwip_comm.o
    0x200001ad   COMPRESSED   0x00000003   PAD
    0x200001b0   COMPRESSED   0x00000004   Data   RW         7406    .data               lwipcom_task.o
    0x200001b4   COMPRESSED   0x00000008   Data   RW         7471    .data               lwipdhcp_task.o
    0x200001bc   COMPRESSED   0x00000008   Data   RW         7965    .data               sockets.o
    0x200001c4   COMPRESSED   0x0000000c   Data   RW         8123    .data               tcpip.o
    0x200001d0   COMPRESSED   0x00000004   Data   RW         8267    .data               dhcp.o
    0x200001d4   COMPRESSED   0x00000014   Data   RW         8439    .data               dns.o
    0x200001e8   COMPRESSED   0x00000014   Data   RW         8544    .data               mem.o
    0x200001fc   COMPRESSED   0x00000004   Data   RW         8590    .data               memp.o
    0x20000200   COMPRESSED   0x0000000c   Data   RW         8648    .data               netif.o
    0x2000020c   COMPRESSED   0x00000004   Data   RW         8854    .data               raw.o
    0x20000210   COMPRESSED   0x00000024   Data   RW         8944    .data               tcp.o
    0x20000234   COMPRESSED   0x0000001c   Data   RW         9131    .data               tcp_in.o
    0x20000250   COMPRESSED   0x00000008   Data   RW         9284    .data               timers_1.o
    0x20000258   COMPRESSED   0x00000008   Data   RW         9379    .data               udp.o
    0x20000260   COMPRESSED   0x00000014   Data   RW         9543    .data               ip.o
    0x20000274   COMPRESSED   0x00000008   Data   RW         9641    .data               ip_frag.o
    0x2000027c   COMPRESSED   0x00000001   Data   RW         9705    .data               etharp.o
    0x2000027d   COMPRESSED   0x00000003   PAD
    0x20000280   COMPRESSED   0x00000004   Data   RW         9853    .data               sys_arch.o
    0x20000284        -       0x0000100c   Zero   RW          555    .bss                iap.o
    0x20001290        -       0x0000f000   Zero   RW         1687    .bss                malloc.o
    0x20010290        -       0x00000f00   Zero   RW         1688    .bss                malloc.o
    0x20011190        -       0x00000010   Zero   RW         2154    .bss                bsp_wiegand.o
    0x200111a0        -       0x00000828   Zero   RW         2234    .bss                bsp_uart_fifo.o
    0x200119c8        -       0x0000000c   Zero   RW         4861    .bss                stm32f4x7_eth.o
    0x200119d4        -       0x00000040   Zero   RW         5471    .bss                queue.o
    0x20011a14        -       0x0000012c   Zero   RW         5845    .bss                tasks.o
    0x20011b40        -       0x00000028   Zero   RW         6161    .bss                timers.o
    0x20011b68        -       0x0000a800   Zero   RW         6362    .bss                heap_4.o
    0x2001c368        -       0x00000105   Zero   RW         6427    .bss                sfud.o
    0x2001c46d        -       0x00000100   Zero   RW         6563    .bss                sfud_port.o
    0x2001c56d        -       0x00000080   Zero   RW         6661    .bss                ef_port.o
    0x2001c5ed   COMPRESSED   0x00000003   PAD
    0x2001c5f0        -       0x000000d0   Zero   RW         6774    .bss                ef_env.o
    0x2001c6c0        -       0x00000010   Zero   RW         7039    .bss                elog_port.o
    0x2001c6d0        -       0x00000454   Zero   RW         7131    .bss                elog.o
    0x2001cb24        -       0x00000050   Zero   RW         7256    .bss                lwip_comm.o
    0x2001cb74        -       0x00000060   Zero   RW         7963    .bss                sockets.o
    0x2001cbd4        -       0x00000032   Zero   RW         8265    .bss                dhcp.o
    0x2001cc06   COMPRESSED   0x00000002   PAD
    0x2001cc08        -       0x00000663   Zero   RW         8438    .bss                dns.o
    0x2001d26b   COMPRESSED   0x00000001   PAD
    0x2001d26c        -       0x0000003c   Zero   RW         8586    .bss                memp.o
    0x2001d2a8        -       0x00000014   Zero   RW         9130    .bss                tcp_in.o
    0x2001d2bc        -       0x00000010   Zero   RW         9584    .bss                ip_addr.o
    0x2001d2cc        -       0x000000c8   Zero   RW         9702    .bss                etharp.o
    0x2001d394        -       0x00000060   Zero   RW        10736    .bss                c_w.l(libspace.o)
    0x2001d3f4   COMPRESSED   0x00000004   PAD
    0x2001d3f8        -       0x00000200   Zero   RW         5300    HEAP                startup_stm32f40_41xxx.o
    0x2001d5f8        -       0x00000400   Zero   RW         5299    STACK               startup_stm32f40_41xxx.o



  Load Region LR$$.ARM.__AT_0x10000000 (Base: 0x10000000, Size: 0x00000000, Max: 0x0000c800, ABSOLUTE)

    Execution Region ER$$.ARM.__AT_0x10000000 (Exec base: 0x10000000, Load base: 0x10000000, Size: 0x0000c800, Max: 0x0000c800, ABSOLUTE, UNINIT)

    Exec Addr    Load Addr    Size         Type   Attr      Idx    E Section Name        Object

    0x10000000        -       0x0000c800   Zero   RW         1683    .ARM.__AT_0x10000000  malloc.o



  Load Region LR$$.ARM.__AT_0x1000C800 (Base: 0x1000c800, Size: 0x00000000, Max: 0x00000c80, ABSOLUTE)

    Execution Region ER$$.ARM.__AT_0x1000C800 (Exec base: 0x1000c800, Load base: 0x1000c800, Size: 0x00000c80, Max: 0x00000c80, ABSOLUTE, UNINIT)

    Exec Addr    Load Addr    Size         Type   Attr      Idx    E Section Name        Object

    0x1000c800        -       0x00000c80   Zero   RW         1684    .ARM.__AT_0x1000C800  malloc.o



  Load Region LR$$.ARM.__AT_0x68000000 (Base: 0x68000000, Size: 0x00000000, Max: 0x00014000, ABSOLUTE)

    Execution Region ER$$.ARM.__AT_0x68000000 (Exec base: 0x68000000, Load base: 0x68000000, Size: 0x00014000, Max: 0x00014000, ABSOLUTE, UNINIT)

    Exec Addr    Load Addr    Size         Type   Attr      Idx    E Section Name        Object

    0x68000000        -       0x00014000   Zero   RW         1685    .ARM.__AT_0x68000000  malloc.o



  Load Region LR$$.ARM.__AT_0x68014000 (Base: 0x68014000, Size: 0x00000000, Max: 0x00001400, ABSOLUTE)

    Execution Region ER$$.ARM.__AT_0x68014000 (Exec base: 0x68014000, Load base: 0x68014000, Size: 0x00001400, Max: 0x00001400, ABSOLUTE, UNINIT)

    Exec Addr    Load Addr    Size         Type   Attr      Idx    E Section Name        Object

    0x68014000        -       0x00001400   Zero   RW         1686    .ARM.__AT_0x68014000  malloc.o


==============================================================================

Image component sizes


      Code (inc. data)   RO Data    RW Data    ZI Data      Debug   Object Name

      2684       1460          0          0          0      24019   api_lib.o
      6080       2764          0          0          0      20465   api_msg.o
        70          0          0          0          0       1883   bsp.o
        64          8          0          0          0        564   bsp_beep.o
        60          6          0          0          0        600   bsp_digitaltube.o
        64          8          0          0          0        551   bsp_key.o
       160         14          0          0          0        643   bsp_led.o
       224         32          0         12          0       2452   bsp_time.o
       504         30          0          4       2088       6704   bsp_uart_fifo.o
       316         20          0          5         16       3609   bsp_wiegand.o
         0          0          0          0          0        392   cjson.o
        16          0          0          0          0       2630   def.o
       190         14          0          4          0       3673   delay.o
      5994       2056        140          4         50      29349   dhcp.o
      1674        396          0         20       1635       9997   dns.o
       152         90         74          0          0       2037   easyflash.o
      3272        438         76         16        208      33467   ef_env.o
       264        152          0          4          0       3204   ef_iap.o
       234         34        202          0        128       8411   ef_port.o
        36          4       1024          0          0       1260   ef_utils.o
      1636        570        200         52       1108      13257   elog.o
        78         30          0          0         16       6576   elog_port.o
       252        104         35          0          0       2825   elog_utils.o
         0          0          0          0          0        672   err.o
      3336       1312         80          1        200      15260   etharp.o
       476        132          0          0          0       5456   ethernetif.o
         0          0          0          0          0       8184   event_groups.o
       460         24          0         24      43008       4519   heap_4.o
      1536        484          0         20       4108      30765   iap.o
       912        466          0          0          0       3714   icmp.o
       170          0          0          0          0       2909   inet_chksum.o
        42          0          0          0          0      10165   init.o
       964        264          0         20          0       7753   ip.o
       560        112          8          0         16      10740   ip_addr.o
      2544        932          0          8          0      10632   ip_frag.o
       798         64          0         16          0       7824   lan8720.o
       138          0          0          0          0       3234   list.o
       562        162          0          1         80      33589   lwip_comm.o
       100         10         13          4          0      15390   lwipcom_task.o
       756        422         14          8          0       3174   lwipdhcp_task.o
       464        154          0          4          0     387372   main.o
       448         42         36         36     206720       7113   malloc.o
      1800        870          0         20          0       5593   mem.o
       494        280         60          4         60       4962   memp.o
       144         14          0          0          0       2405   misc.o
       374        224          0          0          0       2487   netbuf.o
       536        128          0         12          0      10351   netif.o
      3226       1632          0          0          0      10567   pbuf.o
       786         80          0         12          0      11421   port.o
      1966         26          0          0         64      19587   queue.o
       506        142          0          4          0       5628   raw.o
      4886       2322       1264         68        261      16848   sfud.o
       788        182         15         12        256      10598   sfud_port.o
      2194        656         64          8         96      13340   sockets.o
        64         26        392          0       1536        872   startup_stm32f40_41xxx.o
      1580        150          0         12         12      16394   stm32f4x7_eth.o
        32         10          0          0          0       1296   stm32f4xx_exti.o
       306         32          0          0          0       4720   stm32f4xx_flash.o
       174          0          0          0          0       3959   stm32f4xx_gpio.o
        86         50          0          0          0       3021   stm32f4xx_it.o
       288         48          0         16          0       7138   stm32f4xx_rcc.o
       250         24          0          0          0       5362   stm32f4xx_spi.o
        12          4          0          0          0        642   stm32f4xx_syscfg.o
       210         28          0          0          0       5844   stm32f4xx_tim.o
       338          8          0          0          0       6851   stm32f4xx_usart.o
       320         46          0          0          0       3309   stmflash.o
       868        120          4          4          0      20587   sys_arch.o
       272         36          0         20          0       1893   system_stm32f4xx.o
      2716        220          0         68        300      29221   tasks.o
      4504       1756        201         36          0      31930   tcp.o
      4504        994          0         28         20      17143   tcp_in.o
      4604       1516         85          0          0      16983   tcp_out.o
       692        282          0         12          0       9958   tcpip.o
         0          0          0          0          0       1472   test.o
       920         82          0         20         40      19835   timers.o
       760        242          0          8          0       8019   timers_1.o
       350         50        521          0          0       4314   tool.o
      1346        370          0          8          0      17952   udp.o

    ----------------------------------------------------------------------
     81288      25460       4562        644     262032    1099535   Object Totals
         0          0         32          0          0          0   (incl. Generated)
       102          0         22          9          6          0   (incl. Padding)

    ----------------------------------------------------------------------

      Code (inc. data)   RO Data    RW Data    ZI Data      Debug   Library Member Name

        24          4          0          0          0         84   __2printf.o
        56          6          0          0          0         88   __2snprintf.o
        44          6          0          0          0         84   __2sprintf.o
        90          0          0          0          0          0   __dczerorl2.o
         8          0          0          0          0         68   __main.o
       392          4         17          0          0         92   __printf_flags_ss_wp.o
        14          0          0          0          0         68   __printf_wp.o
         0          0          0          0          0          0   __rtentry.o
        12          0          0          0          0          0   __rtentry2.o
         6          0          0          0          0          0   __rtentry4.o
        52          8          0          0          0          0   __scatter.o
        28          0          0          0          0          0   __scatter_zi.o
        28          0          0          0          0         68   _chval.o
         6          0          0          0          0          0   _printf_a.o
         6          0          0          0          0          0   _printf_c.o
        44          0          0          0          0        108   _printf_char.o
        48          6          0          0          0         96   _printf_char_common.o
        36          4          0          0          0         80   _printf_char_file.o
        40          0          0          0          0         68   _printf_charcount.o
         6          0          0          0          0          0   _printf_d.o
       120         16          0          0          0         92   _printf_dec.o
         6          0          0          0          0          0   _printf_e.o
         6          0          0          0          0          0   _printf_f.o
      1054          0          0          0          0        216   _printf_fp_dec.o
       764          8         38          0          0        100   _printf_fp_hex.o
       128         16          0          0          0         84   _printf_fp_infnan.o
         6          0          0          0          0          0   _printf_g.o
       148          4         40          0          0        160   _printf_hex_int_ll_ptr.o
         6          0          0          0          0          0   _printf_i.o
       178          0          0          0          0         88   _printf_intcommon.o
        10          0          0          0          0          0   _printf_l.o
         6          0          0          0          0          0   _printf_lc.o
        10          0          0          0          0          0   _printf_ll.o
         6          0          0          0          0          0   _printf_lld.o
         6          0          0          0          0          0   _printf_lli.o
         6          0          0          0          0          0   _printf_llo.o
         6          0          0          0          0          0   _printf_llu.o
         6          0          0          0          0          0   _printf_llx.o
       124         16          0          0          0         92   _printf_longlong_dec.o
         6          0          0          0          0          0   _printf_ls.o
         6          0          0          0          0          0   _printf_n.o
         6          0          0          0          0          0   _printf_o.o
       112         10          0          0          0        124   _printf_oct_int_ll.o
         6          0          0          0          0          0   _printf_p.o
        78          0          0          0          0        108   _printf_pad.o
         0          0          0          0          0          0   _printf_percent.o
         4          0          0          0          0          0   _printf_percent_end.o
         6          0          0          0          0          0   _printf_s.o
        82          0          0          0          0         80   _printf_str.o
        36          0          0          0          0         84   _printf_truncate.o
         6          0          0          0          0          0   _printf_u.o
        44          0          0          0          0        108   _printf_wchar.o
       188          6          8          0          0         92   _printf_wctomb.o
         6          0          0          0          0          0   _printf_x.o
        16          0          0          0          0         68   _snputc.o
        10          0          0          0          0         68   _sputc.o
       158          0          0          0          0         92   _strtoul.o
        64          0          0          0          0         92   _wcrtomb.o
        16          0          0          0          0         68   aeabi_memset.o
        26          0          0          0          0         80   atoi.o
       228          4        148          0          0         96   bigflt0.o
      1936        128          0          0          0        672   btod.o
        18          0          0          0          0         80   exit.o
         8          0          0          0          0         68   ferror.o
         6          0          0          0          0        152   heapauxi.o
        44         10        272          0          0         76   lc_ctype_c.o
        44         10         28          0          0         76   lc_numeric_c.o
         2          0          0          0          0          0   libinit.o
        34          0          0          0          0          0   libinit2.o
         2          0          0          0          0          0   libshutdown.o
         2          0          0          0          0          0   libshutdown2.o
         8          4          0          0         96         68   libspace.o
       138          0          0          0          0         80   lludiv10.o
        88          0          0          0          0         76   memcmp.o
        16          4          0          0          0         76   rt_ctype_table.o
         8          4          0          0          0         68   rt_errno_addr_intlibspace.o
         8          4          0          0          0         68   rt_locale_intlibspace.o
        68          0          0          0          0         68   rt_memclr.o
        78          0          0          0          0         80   rt_memclr_w.o
       138          0          0          0          0         68   rt_memcpy_v6.o
       100          0          0          0          0         80   rt_memcpy_w.o
         2          0          0          0          0          0   rtexit.o
        10          0          0          0          0          0   rtexit2.o
        24          0          0          0          0         68   strcat.o
       128          0          0          0          0         68   strcmpv7m.o
        72          0          0          0          0         80   strcpy.o
        62          0          0          0          0         76   strlen.o
       150          0          0          0          0         80   strncmp.o
        86          0          0          0          0         76   strncpy.o
        36          0          0          0          0         80   strstr.o
       112          0          0          0          0         88   strtol.o
        74          0          0          0          0         80   sys_stackheap_outer.o
         2          0          0          0          0         68   use_no_semi.o
         2          0          0          0          0         68   use_no_semi_2.o
        52          4          0          0          0         80   vsnprintf.o
        36          4          0          0          0         76   vsprintf.o
        10          0          0          0          0        116   fpinit.o
         4          0          0          0          0        116   printf1.o
         4          0          0          0          0        116   printf2.o
         0          0          0          0          0          0   usenofp.o
        48          0          0          0          0        124   fpclassify.o

    ----------------------------------------------------------------------
      8314        290        556          0        100       6212   Library Totals
        14          0          5          0          4          0   (incl. Padding)

    ----------------------------------------------------------------------

      Code (inc. data)   RO Data    RW Data    ZI Data      Debug   Library Name

      8234        290        551          0         96       5740   c_w.l
        18          0          0          0          0        348   fz_wm.l
        48          0          0          0          0        124   m_wm.l

    ----------------------------------------------------------------------
      8314        290        556          0        100       6212   Library Totals

    ----------------------------------------------------------------------

==============================================================================


      Code (inc. data)   RO Data    RW Data    ZI Data      Debug   

     89602      25750       5118        644     262132    1044919   Grand Totals
     89602      25750       5118        148     262132    1044919   ELF Image Totals (compressed)
     89602      25750       5118        148          0          0   ROM Totals

==============================================================================

    Total RO  Size (Code + RO Data)                94720 (  92.50kB)
    Total RW  Size (RW Data + ZI Data)            262776 ( 256.62kB)
    Total ROM Size (Code + RO Data + RW Data)      94868 (  92.64kB)

==============================================================================

